
[1m[30m[46m RUN [49m[39m[22m [36mv4.1.7 [39m[90mC:/Users/Curtis/Documents/challenges/personal-reading-list/personal-reading-list[39m

 [32mΓ£ô[39m src/app/shared/components/reading-progress-bar/reading-progress-bar.component.spec.ts[2m > [22mReadingProgressBarComponent[2m > [22mcreates successfully[32m 153[2mms[22m[39m
 [31m├ù[39m src/app/shared/components/reading-progress-bar/reading-progress-bar.component.spec.ts[2m > [22mReadingProgressBarComponent[2m > [22mprogress track has role="progressbar"[32m 29[2mms[22m[39m
[31m   ΓåÆ NG0303: Can't set value of the 'percentage' input on the 'ReadingProgressBarComponent' component. Make sure that the 'percentage' property is declared as an input using the input() or model() function or the @Input() decorator.[39m
 [31m├ù[39m src/app/shared/components/reading-progress-bar/reading-progress-bar.component.spec.ts[2m > [22mReadingProgressBarComponent[2m > [22msets aria-valuenow to the percentage[32m 8[2mms[22m[39m
[31m   ΓåÆ NG0303: Can't set value of the 'percentage' input on the 'ReadingProgressBarComponent' component. Make sure that the 'percentage' property is declared as an input using the input() or model() function or the @Input() decorator.[39m
 [31m├ù[39m src/app/shared/components/reading-progress-bar/reading-progress-bar.component.spec.ts[2m > [22mReadingProgressBarComponent[2m > [22msets aria-valuemin to 0 and aria-valuemax to 100[32m 7[2mms[22m[39m
[31m   ΓåÆ NG0303: Can't set value of the 'percentage' input on the 'ReadingProgressBarComponent' component. Make sure that the 'percentage' property is declared as an input using the input() or model() function or the @Input() decorator.[39m
 [31m├ù[39m src/app/shared/components/reading-progress-bar/reading-progress-bar.component.spec.ts[2m > [22mReadingProgressBarComponent[2m > [22mfills progress bar to the given percentage[32m 9[2mms[22m[39m
[31m   ΓåÆ NG0303: Can't set value of the 'percentage' input on the 'ReadingProgressBarComponent' component. Make sure that the 'percentage' property is declared as an input using the input() or model() function or the @Input() decorator.[39m
 [31m├ù[39m src/app/shared/components/reading-progress-bar/reading-progress-bar.component.spec.ts[2m > [22mReadingProgressBarComponent[2m > [22mshows label by default[32m 20[2mms[22m[39m
[31m   ΓåÆ NG0303: Can't set value of the 'percentage' input on the 'ReadingProgressBarComponent' component. Make sure that the 'percentage' property is declared as an input using the input() or model() function or the @Input() decorator.[39m
 [31m├ù[39m src/app/shared/components/reading-progress-bar/reading-progress-bar.component.spec.ts[2m > [22mReadingProgressBarComponent[2m > [22mhides label when showLabel is false[32m 7[2mms[22m[39m
[31m   ΓåÆ NG0303: Can't set value of the 'percentage' input on the 'ReadingProgressBarComponent' component. Make sure that the 'percentage' property is declared as an input using the input() or model() function or the @Input() decorator.[39m
 [31m├ù[39m src/app/shared/components/reading-progress-bar/reading-progress-bar.component.spec.ts[2m > [22mReadingProgressBarComponent[2m > [22mshows percentage text in label[32m 17[2mms[22m[39m
[31m   ΓåÆ NG0303: Can't set value of the 'percentage' input on the 'ReadingProgressBarComponent' component. Make sure that the 'percentage' property is declared as an input using the input() or model() function or the @Input() decorator.[39m
 [31m├ù[39m src/app/shared/components/reading-progress-bar/reading-progress-bar.component.spec.ts[2m > [22mReadingProgressBarComponent[2m > [22mshows page count when currentPage and totalPages are set[32m 23[2mms[22m[39m
[31m   ΓåÆ NG0303: Can't set value of the 'percentage' input on the 'ReadingProgressBarComponent' component. Make sure that the 'percentage' property is declared as an input using the input() or model() function or the @Input() decorator.[39m
 [31m├ù[39m src/app/shared/components/reading-progress-bar/reading-progress-bar.component.spec.ts[2m > [22mReadingProgressBarComponent[2m > [22momits page text when currentPage is null[32m 8[2mms[22m[39m
[31m   ΓåÆ NG0303: Can't set value of the 'percentage' input on the 'ReadingProgressBarComponent' component. Make sure that the 'percentage' property is declared as an input using the input() or model() function or the @Input() decorator.[39m
 [31m├ù[39m src/app/shared/components/reading-progress-bar/reading-progress-bar.component.spec.ts[2m > [22mReadingProgressBarComponent[2m > [22momits page text when totalPages is null[32m 9[2mms[22m[39m
[31m   ΓåÆ NG0303: Can't set value of the 'percentage' input on the 'ReadingProgressBarComponent' component. Make sure that the 'percentage' property is declared as an input using the input() or model() function or the @Input() decorator.[39m
 [32mΓ£ô[39m src/app/shared/components/reading-progress-bar/reading-progress-bar.component.spec.ts[2m > [22mReadingProgressBarComponent[2m > [22mdefaults to 0% with no inputs[32m 7[2mms[22m[39m
 [32mΓ£ô[39m src/app/shared/components/book-cover/book-cover.component.spec.ts[2m > [22mBookCoverComponent[2m > [22mcreates successfully[32m 238[2mms[22m[39m
 [31m├ù[39m src/app/shared/components/book-cover/book-cover.component.spec.ts[2m > [22mBookCoverComponent[2m > [22mshows placeholder when coverUrl is null[32m 25[2mms[22m[39m
[31m   ΓåÆ NG0303: Can't set value of the 'coverUrl' input on the 'BookCoverComponent' component. Make sure that the 'coverUrl' property is declared as an input using the input() or model() function or the @Input() decorator.[39m
 [31m├ù[39m src/app/shared/components/book-cover/book-cover.component.spec.ts[2m > [22mBookCoverComponent[2m > [22mshows placeholder when coverUrl is empty string[32m 7[2mms[22m[39m
[31m   ΓåÆ NG0303: Can't set value of the 'coverUrl' input on the 'BookCoverComponent' component. Make sure that the 'coverUrl' property is declared as an input using the input() or model() function or the @Input() decorator.[39m
 [31m├ù[39m src/app/shared/components/book-cover/book-cover.component.spec.ts[2m > [22mBookCoverComponent[2m > [22mshows skeleton while image is loading[32m 7[2mms[22m[39m
[31m   ΓåÆ NG0303: Can't set value of the 'coverUrl' input on the 'BookCoverComponent' component. Make sure that the 'coverUrl' property is declared as an input using the input() or model() function or the @Input() decorator.[39m
 [31m├ù[39m src/app/shared/components/book-cover/book-cover.component.spec.ts[2m > [22mBookCoverComponent[2m > [22mshows loaded image after load event fires[32m 7[2mms[22m[39m
[31m   ΓåÆ NG0303: Can't set value of the 'coverUrl' input on the 'BookCoverComponent' component. Make sure that the 'coverUrl' property is declared as an input using the input() or model() function or the @Input() decorator.[39m
 [31m├ù[39m src/app/shared/components/book-cover/book-cover.component.spec.ts[2m > [22mBookCoverComponent[2m > [22mshows placeholder after image error event[32m 6[2mms[22m[39m
[31m   ΓåÆ NG0303: Can't set value of the 'coverUrl' input on the 'BookCoverComponent' component. Make sure that the 'coverUrl' property is declared as an input using the input() or model() function or the @Input() decorator.[39m
 [31m├ù[39m src/app/shared/components/book-cover/book-cover.component.spec.ts[2m > [22mBookCoverComponent[2m > [22msets data-title on placeholder element[32m 5[2mms[22m[39m
[31m   ΓåÆ NG0303: Can't set value of the 'coverUrl' input on the 'BookCoverComponent' component. Make sure that the 'coverUrl' property is declared as an input using the input() or model() function or the @Input() decorator.[39m
 [31m├ù[39m src/app/shared/components/book-cover/book-cover.component.spec.ts[2m > [22mBookCoverComponent[2m > [22msets data-author on placeholder element[32m 4[2mms[22m[39m
[31m   ΓåÆ NG0303: Can't set value of the 'coverUrl' input on the 'BookCoverComponent' component. Make sure that the 'coverUrl' property is declared as an input using the input() or model() function or the @Input() decorator.[39m
 [31m├ù[39m src/app/shared/components/book-cover/book-cover.component.spec.ts[2m > [22mBookCoverComponent[2m > [22mtruncates title longer than 40 characters in data-title[32m 5[2mms[22m[39m
[31m   ΓåÆ NG0303: Can't set value of the 'coverUrl' input on the 'BookCoverComponent' component. Make sure that the 'coverUrl' property is declared as an input using the input() or model() function or the @Input() decorator.[39m
 [31m├ù[39m src/app/shared/components/book-cover/book-cover.component.spec.ts[2m > [22mBookCoverComponent[2m > [22mapplies size as width to book-cover-wrap[32m 5[2mms[22m[39m
[31m   ΓåÆ NG0303: Can't set value of the 'coverUrl' input on the 'BookCoverComponent' component. Make sure that the 'coverUrl' property is declared as an input using the input() or model() function or the @Input() decorator.[39m
 [31m├ù[39m src/app/shared/components/book-cover/book-cover.component.spec.ts[2m > [22mBookCoverComponent[2m > [22mplaceholder title and author elements are aria-hidden[32m 5[2mms[22m[39m
[31m   ΓåÆ NG0303: Can't set value of the 'coverUrl' input on the 'BookCoverComponent' component. Make sure that the 'coverUrl' property is declared as an input using the input() or model() function or the @Input() decorator.[39m
 [32mΓ£ô[39m src/app/shared/components/star-rating/star-rating.component.spec.ts[2m > [22mStarRatingComponent[2m > [22mcreates successfully[32m 134[2mms[22m[39m
 [32mΓ£ô[39m src/app/shared/components/star-rating/star-rating.component.spec.ts[2m > [22mStarRatingComponent[2m > [22mrenders 5 star buttons[32m 15[2mms[22m[39m
 [31m├ù[39m src/app/shared/components/star-rating/star-rating.component.spec.ts[2m > [22mStarRatingComponent[2m > [22mmarks correct number of stars as filled for rating=3[32m 9[2mms[22m[39m
[31m   ΓåÆ NG0303: Can't set value of the 'rating' input on the 'StarRatingComponent' component. Make sure that the 'rating' property is declared as an input using the input() or model() function or the @Input() decorator.[39m
 [31m├ù[39m src/app/shared/components/star-rating/star-rating.component.spec.ts[2m > [22mStarRatingComponent[2m > [22mmarks all stars as unfilled when rating is null[32m 8[2mms[22m[39m
[31m   ΓåÆ NG0303: Can't set value of the 'rating' input on the 'StarRatingComponent' component. Make sure that the 'rating' property is declared as an input using the input() or model() function or the @Input() decorator.[39m
 [31m├ù[39m src/app/shared/components/star-rating/star-rating.component.spec.ts[2m > [22mStarRatingComponent[2m > [22mmarks all 5 stars filled for rating=5[32m 5[2mms[22m[39m
[31m   ΓåÆ NG0303: Can't set value of the 'rating' input on the 'StarRatingComponent' component. Make sure that the 'rating' property is declared as an input using the input() or model() function or the @Input() decorator.[39m
 [31m├ù[39m src/app/shared/components/star-rating/star-rating.component.spec.ts[2m > [22mStarRatingComponent[2m > [22memits rateChange when a star is clicked[32m 4[2mms[22m[39m
[31m   ΓåÆ NG0303: Can't set value of the 'rating' input on the 'StarRatingComponent' component. Make sure that the 'rating' property is declared as an input using the input() or model() function or the @Input() decorator.[39m
 [31m├ù[39m src/app/shared/components/star-rating/star-rating.component.spec.ts[2m > [22mStarRatingComponent[2m > [22memits the correct star value when clicked[32m 4[2mms[22m[39m
[31m   ΓåÆ NG0303: Can't set value of the 'rating' input on the 'StarRatingComponent' component. Make sure that the 'rating' property is declared as an input using the input() or model() function or the @Input() decorator.[39m
 [31m├ù[39m src/app/shared/components/star-rating/star-rating.component.spec.ts[2m > [22mStarRatingComponent[2m > [22mdoes not emit rateChange when readonly and star is clicked[32m 3[2mms[22m[39m
[31m   ΓåÆ NG0303: Can't set value of the 'rating' input on the 'StarRatingComponent' component. Make sure that the 'rating' property is declared as an input using the input() or model() function or the @Input() decorator.[39m
 [31m├ù[39m src/app/shared/components/star-rating/star-rating.component.spec.ts[2m > [22mStarRatingComponent[2m > [22mdisables all buttons when readonly is true[32m 4[2mms[22m[39m
[31m   ΓåÆ NG0303: Can't set value of the 'rating' input on the 'StarRatingComponent' component. Make sure that the 'rating' property is declared as an input using the input() or model() function or the @Input() decorator.[39m
 [31m├ù[39m src/app/shared/components/star-rating/star-rating.component.spec.ts[2m > [22mStarRatingComponent[2m > [22mupdates filled stars on hover[32m 4[2mms[22m[39m
[31m   ΓåÆ NG0303: Can't set value of the 'rating' input on the 'StarRatingComponent' component. Make sure that the 'rating' property is declared as an input using the input() or model() function or the @Input() decorator.[39m
 [31m├ù[39m src/app/shared/components/star-rating/star-rating.component.spec.ts[2m > [22mStarRatingComponent[2m > [22mrestores rating after mouse leaves[32m 3[2mms[22m[39m
[31m   ΓåÆ NG0303: Can't set value of the 'rating' input on the 'StarRatingComponent' component. Make sure that the 'rating' property is declared as an input using the input() or model() function or the @Input() decorator.[39m
 [31m├ù[39m src/app/shared/components/star-rating/star-rating.component.spec.ts[2m > [22mStarRatingComponent[2m > [22msets aria-label on the container[32m 3[2mms[22m[39m
[31m   ΓåÆ NG0303: Can't set value of the 'rating' input on the 'StarRatingComponent' component. Make sure that the 'rating' property is declared as an input using the input() or model() function or the @Input() decorator.[39m
 [31m├ù[39m src/app/features/landing/landing.component.spec.ts[2m > [22mLandingComponent[2m > [22mcreates successfully[32m 8[2mms[22m[39m
[31m   ΓåÆ Component 'LandingComponent' is not resolved:
 - templateUrl: ./landing.html
 - styleUrl: ./landing.css
Did you run and wait for 'resolveComponentResources()'?[39m
 [31m├ù[39m src/app/features/landing/landing.component.spec.ts[2m > [22mLandingComponent[2m > [22mrenders all 4 feature items[32m 1[2mms[22m[39m
[31m   ΓåÆ Component 'LandingComponent' is not resolved:
 - templateUrl: ./landing.html
 - styleUrl: ./landing.css
Did you run and wait for 'resolveComponentResources()'?[39m
 [31m├ù[39m src/app/features/landing/landing.component.spec.ts[2m > [22mLandingComponent[2m > [22mrenders 6 showcase cover URLs[32m 1[2mms[22m[39m
[31m   ΓåÆ Component 'LandingComponent' is not resolved:
 - templateUrl: ./landing.html
 - styleUrl: ./landing.css
Did you run and wait for 'resolveComponentResources()'?[39m
 [31m├ù[39m src/app/features/landing/landing.component.spec.ts[2m > [22mLandingComponent[2m > [22menterGuest() calls auth.enterGuestMode()[32m 1[2mms[22m[39m
[31m   ΓåÆ Component 'LandingComponent' is not resolved:
 - templateUrl: ./landing.html
 - styleUrl: ./landing.css
Did you run and wait for 'resolveComponentResources()'?[39m
 [31m├ù[39m src/app/features/landing/landing.component.spec.ts[2m > [22mLandingComponent[2m > [22mrenders "Sign in" link[32m 1[2mms[22m[39m
[31m   ΓåÆ Component 'LandingComponent' is not resolved:
 - templateUrl: ./landing.html
 - styleUrl: ./landing.css
Did you run and wait for 'resolveComponentResources()'?[39m
 [32mΓ£ô[39m src/app/shared/components/empty-state/empty-state.component.spec.ts[2m > [22mEmptyStateComponent[2m > [22mcreates successfully[32m 120[2mms[22m[39m
 [31m├ù[39m src/app/shared/components/empty-state/empty-state.component.spec.ts[2m > [22mEmptyStateComponent[2m > [22mrenders the icon[32m 25[2mms[22m[39m
[31m   ΓåÆ NG0303: Can't set value of the 'icon' input on the 'EmptyStateComponent' component. Make sure that the 'icon' property is declared as an input using the input() or model() function or the @Input() decorator.[39m
 [31m├ù[39m src/app/shared/components/empty-state/empty-state.component.spec.ts[2m > [22mEmptyStateComponent[2m > [22mrenders the title[32m 11[2mms[22m[39m
[31m   ΓåÆ NG0303: Can't set value of the 'icon' input on the 'EmptyStateComponent' component. Make sure that the 'icon' property is declared as an input using the input() or model() function or the @Input() decorator.[39m
 [31m├ù[39m src/app/shared/components/empty-state/empty-state.component.spec.ts[2m > [22mEmptyStateComponent[2m > [22mrenders the message[32m 9[2mms[22m[39m
[31m   ΓåÆ NG0303: Can't set value of the 'icon' input on the 'EmptyStateComponent' component. Make sure that the 'icon' property is declared as an input using the input() or model() function or the @Input() decorator.[39m
 [31m├ù[39m src/app/shared/components/empty-state/empty-state.component.spec.ts[2m > [22mEmptyStateComponent[2m > [22mhides action button when actionLabel is missing[32m 8[2mms[22m[39m
[31m   ΓåÆ NG0303: Can't set value of the 'icon' input on the 'EmptyStateComponent' component. Make sure that the 'icon' property is declared as an input using the input() or model() function or the @Input() decorator.[39m
 [31m├ù[39m src/app/shared/components/empty-state/empty-state.component.spec.ts[2m > [22mEmptyStateComponent[2m > [22mhides action button when actionRoute is missing[32m 7[2mms[22m[39m
[31m   ΓåÆ NG0303: Can't set value of the 'icon' input on the 'EmptyStateComponent' component. Make sure that the 'icon' property is declared as an input using the input() or model() function or the @Input() decorator.[39m
 [31m├ù[39m src/app/shared/components/empty-state/empty-state.component.spec.ts[2m > [22mEmptyStateComponent[2m > [22mshows action button when both actionLabel and actionRoute are provided[32m 6[2mms[22m[39m
[31m   ΓåÆ NG0303: Can't set value of the 'icon' input on the 'EmptyStateComponent' component. Make sure that the 'icon' property is declared as an input using the input() or model() function or the @Input() decorator.[39m
 [31m├ù[39m src/app/shared/components/empty-state/empty-state.component.spec.ts[2m > [22mEmptyStateComponent[2m > [22maction link points to the provided route[32m 6[2mms[22m[39m
[31m   ΓåÆ NG0303: Can't set value of the 'icon' input on the 'EmptyStateComponent' component. Make sure that the 'icon' property is declared as an input using the input() or model() function or the @Input() decorator.[39m
 [31m├ù[39m src/app/features/search/search.component.spec.ts[2m > [22mSearchComponent[2m > [22mcreates successfully[32m 8[2mms[22m[39m
[31m   ΓåÆ Component 'SearchComponent' is not resolved:
 - templateUrl: ./search.html
 - styleUrl: ./search.css
Did you run and wait for 'resolveComponentResources()'?[39m
 [31m├ù[39m src/app/features/search/search.component.spec.ts[2m > [22mSearchComponent[2m > [22mshows initial search prompt when query is empty[32m 1[2mms[22m[39m
[31m   ΓåÆ Component 'SearchComponent' is not resolved:
 - templateUrl: ./search.html
 - styleUrl: ./search.css
Did you run and wait for 'resolveComponentResources()'?[39m
 [31m├ù[39m src/app/features/search/search.component.spec.ts[2m > [22mSearchComponent[2m > [22mrenders search input[32m 1[2mms[22m[39m
[31m   ΓåÆ Component 'SearchComponent' is not resolved:
 - templateUrl: ./search.html
 - styleUrl: ./search.css
Did you run and wait for 'resolveComponentResources()'?[39m
 [31m├ù[39m src/app/features/search/search.component.spec.ts[2m > [22mSearchComponent[2m > [22mclear() resets query and results[32m 1[2mms[22m[39m
[31m   ΓåÆ Component 'SearchComponent' is not resolved:
 - templateUrl: ./search.html
 - styleUrl: ./search.css
Did you run and wait for 'resolveComponentResources()'?[39m
 [31m├ù[39m src/app/features/search/search.component.spec.ts[2m > [22mSearchComponent[2m > [22mclear() hides results and shows prompt[32m 1[2mms[22m[39m
[31m   ΓåÆ Component 'SearchComponent' is not resolved:
 - templateUrl: ./search.html
 - styleUrl: ./search.css
Did you run and wait for 'resolveComponentResources()'?[39m
 [31m├ù[39m src/app/features/search/search.component.spec.ts[2m > [22mSearchComponent[2m > [22misInLibrary delegates to store.isBookInLibrary[32m 1[2mms[22m[39m
[31m   ΓåÆ Component 'SearchComponent' is not resolved:
 - templateUrl: ./search.html
 - styleUrl: ./search.css
Did you run and wait for 'resolveComponentResources()'?[39m
 [31m├ù[39m src/app/features/search/search.component.spec.ts[2m > [22mSearchComponent[2m > [22maddToShelf delegates to store.addBook[32m 1[2mms[22m[39m
[31m   ΓåÆ Component 'SearchComponent' is not resolved:
 - templateUrl: ./search.html
 - styleUrl: ./search.css
Did you run and wait for 'resolveComponentResources()'?[39m
 [31m├ù[39m src/app/features/search/search.component.spec.ts[2m > [22mSearchComponent[2m > [22mshows results count when there are results[32m 1[2mms[22m[39m
[31m   ΓåÆ Component 'SearchComponent' is not resolved:
 - templateUrl: ./search.html
 - styleUrl: ./search.css
Did you run and wait for 'resolveComponentResources()'?[39m
 [31m├ù[39m src/app/features/search/search.component.spec.ts[2m > [22mSearchComponent[2m > [22mshows no-results state when query is set but results are empty[32m 1[2mms[22m[39m
[31m   ΓåÆ Component 'SearchComponent' is not resolved:
 - templateUrl: ./search.html
 - styleUrl: ./search.css
Did you run and wait for 'resolveComponentResources()'?[39m
 [31m├ù[39m src/app/features/library/library.component.spec.ts[2m > [22mLibraryComponent[2m > [22mcreates successfully[32m 8[2mms[22m[39m
[31m   ΓåÆ Component 'LibraryComponent' is not resolved:
 - templateUrl: ./library.html
 - styleUrl: ./library.css
Did you run and wait for 'resolveComponentResources()'?[39m
 [31m├ù[39m src/app/features/library/library.component.spec.ts[2m > [22mLibraryComponent[2m > [22mshows "My Library" heading[32m 2[2mms[22m[39m
[31m   ΓåÆ Component 'LibraryComponent' is not resolved:
 - templateUrl: ./library.html
 - styleUrl: ./library.css
Did you run and wait for 'resolveComponentResources()'?[39m
 [31m├ù[39m src/app/features/library/library.component.spec.ts[2m > [22mLibraryComponent[2m > [22mshows book count in subtitle[32m 1[2mms[22m[39m
[31m   ΓåÆ Component 'LibraryComponent' is not resolved:
 - templateUrl: ./library.html
 - styleUrl: ./library.css
Did you run and wait for 'resolveComponentResources()'?[39m
 [31m├ù[39m src/app/features/library/library.component.spec.ts[2m > [22mLibraryComponent[2m > [22mhides currently reading section when empty[32m 1[2mms[22m[39m
[31m   ΓåÆ Component 'LibraryComponent' is not resolved:
 - templateUrl: ./library.html
 - styleUrl: ./library.css
Did you run and wait for 'resolveComponentResources()'?[39m
 [31m├ù[39m src/app/features/library/library.component.spec.ts[2m > [22mLibraryComponent[2m > [22mshows currently reading section when there are books[32m 1[2mms[22m[39m
[31m   ΓåÆ Component 'LibraryComponent' is not resolved:
 - templateUrl: ./library.html
 - styleUrl: ./library.css
Did you run and wait for 'resolveComponentResources()'?[39m
 [31m├ù[39m src/app/features/library/library.component.spec.ts[2m > [22mLibraryComponent[2m > [22mshows currently reading book title[32m 1[2mms[22m[39m
[31m   ΓåÆ Component 'LibraryComponent' is not resolved:
 - templateUrl: ./library.html
 - styleUrl: ./library.css
Did you run and wait for 'resolveComponentResources()'?[39m
 [31m├ù[39m src/app/features/library/library.component.spec.ts[2m > [22mLibraryComponent[2m > [22mshows shelf sections[32m 1[2mms[22m[39m
[31m   ΓåÆ Component 'LibraryComponent' is not resolved:
 - templateUrl: ./library.html
 - styleUrl: ./library.css
Did you run and wait for 'resolveComponentResources()'?[39m
 [31m├ù[39m src/app/features/library/library.component.spec.ts[2m > [22mLibraryComponent[2m > [22mdoes not show goal banner when goalProgress is null[32m 1[2mms[22m[39m
[31m   ΓåÆ Component 'LibraryComponent' is not resolved:
 - templateUrl: ./library.html
 - styleUrl: ./library.css
Did you run and wait for 'resolveComponentResources()'?[39m
 [31m├ù[39m src/app/features/library/library.component.spec.ts[2m > [22mLibraryComponent[2m > [22mshows goal banner when goalProgress is set[32m 1[2mms[22m[39m
[31m   ΓåÆ Component 'LibraryComponent' is not resolved:
 - templateUrl: ./library.html
 - styleUrl: ./library.css
Did you run and wait for 'resolveComponentResources()'?[39m
 [31m├ù[39m src/app/features/book-detail/book-detail.component.spec.ts[2m > [22mBookDetailComponent[2m > [22mcreates successfully[32m 8[2mms[22m[39m
[31m   ΓåÆ Component 'BookDetailComponent' is not resolved:
 - templateUrl: ./book-detail.html
 - styleUrl: ./book-detail.css
Did you run and wait for 'resolveComponentResources()'?[39m
 [31m├ù[39m src/app/features/book-detail/book-detail.component.spec.ts[2m > [22mBookDetailComponent[2m > [22mdisplays book title[32m 1[2mms[22m[39m
[31m   ΓåÆ Component 'BookDetailComponent' is not resolved:
 - templateUrl: ./book-detail.html
 - styleUrl: ./book-detail.css
Did you run and wait for 'resolveComponentResources()'?[39m
 [31m├ù[39m src/app/features/book-detail/book-detail.component.spec.ts[2m > [22mBookDetailComponent[2m > [22mdisplays author[32m 1[2mms[22m[39m
[31m   ΓåÆ Component 'BookDetailComponent' is not resolved:
 - templateUrl: ./book-detail.html
 - styleUrl: ./book-detail.css
Did you run and wait for 'resolveComponentResources()'?[39m
 [31m├ù[39m src/app/features/book-detail/book-detail.component.spec.ts[2m > [22mBookDetailComponent[2m > [22mdisplays shelf name badge[32m 1[2mms[22m[39m
[31m   ΓåÆ Component 'BookDetailComponent' is not resolved:
 - templateUrl: ./book-detail.html
 - styleUrl: ./book-detail.css
Did you run and wait for 'resolveComponentResources()'?[39m
 [31m├ù[39m src/app/features/book-detail/book-detail.component.spec.ts[2m > [22mBookDetailComponent[2m > [22mcomputed book() finds the correct book by id[32m 1[2mms[22m[39m
[31m   ΓåÆ Component 'BookDetailComponent' is not resolved:
 - templateUrl: ./book-detail.html
 - styleUrl: ./book-detail.css
Did you run and wait for 'resolveComponentResources()'?[39m
 [31m├ù[39m src/app/features/book-detail/book-detail.component.spec.ts[2m > [22mBookDetailComponent[2m > [22mcomputed book() is undefined when bookId does not match[32m 1[2mms[22m[39m
[31m   ΓåÆ Component 'BookDetailComponent' is not resolved:
 - templateUrl: ./book-detail.html
 - styleUrl: ./book-detail.css
Did you run and wait for 'resolveComponentResources()'?[39m
 [31m├ù[39m src/app/features/book-detail/book-detail.component.spec.ts[2m > [22mBookDetailComponent[2m > [22mcomputed progress() returns null when no progress exists[32m 1[2mms[22m[39m
[31m   ΓåÆ Component 'BookDetailComponent' is not resolved:
 - templateUrl: ./book-detail.html
 - styleUrl: ./book-detail.css
Did you run and wait for 'resolveComponentResources()'?[39m
 [31m├ù[39m src/app/features/book-detail/book-detail.component.spec.ts[2m > [22mBookDetailComponent[2m > [22mcomputed progress() returns progress when it exists[32m 1[2mms[22m[39m
[31m   ΓåÆ Component 'BookDetailComponent' is not resolved:
 - templateUrl: ./book-detail.html
 - styleUrl: ./book-detail.css
Did you run and wait for 'resolveComponentResources()'?[39m
 [31m├ù[39m src/app/features/book-detail/book-detail.component.spec.ts[2m > [22mBookDetailComponent[2m > [22msaveProgress() calls store.updateProgress[32m 1[2mms[22m[39m
[31m   ΓåÆ Component 'BookDetailComponent' is not resolved:
 - templateUrl: ./book-detail.html
 - styleUrl: ./book-detail.css
Did you run and wait for 'resolveComponentResources()'?[39m
 [31m├ù[39m src/app/features/book-detail/book-detail.component.spec.ts[2m > [22mBookDetailComponent[2m > [22msaveProgress() clears editingProgress[32m 1[2mms[22m[39m
[31m   ΓåÆ Component 'BookDetailComponent' is not resolved:
 - templateUrl: ./book-detail.html
 - styleUrl: ./book-detail.css
Did you run and wait for 'resolveComponentResources()'?[39m
 [31m├ù[39m src/app/features/book-detail/book-detail.component.spec.ts[2m > [22mBookDetailComponent[2m > [22mrate() calls store.updateRating[32m 1[2mms[22m[39m
[31m   ΓåÆ Component 'BookDetailComponent' is not resolved:
 - templateUrl: ./book-detail.html
 - styleUrl: ./book-detail.css
Did you run and wait for 'resolveComponentResources()'?[39m
 [31m├ù[39m src/app/features/book-detail/book-detail.component.spec.ts[2m > [22mBookDetailComponent[2m > [22mmoveToShelf() calls store.moveBook[32m 1[2mms[22m[39m
[31m   ΓåÆ Component 'BookDetailComponent' is not resolved:
 - templateUrl: ./book-detail.html
 - styleUrl: ./book-detail.css
Did you run and wait for 'resolveComponentResources()'?[39m
 [31m├ù[39m src/app/features/book-detail/book-detail.component.spec.ts[2m > [22mBookDetailComponent[2m > [22msaveNotes() calls store.updateNotes[32m 1[2mms[22m[39m
[31m   ΓåÆ Component 'BookDetailComponent' is not resolved:
 - templateUrl: ./book-detail.html
 - styleUrl: ./book-detail.css
Did you run and wait for 'resolveComponentResources()'?[39m
 [31m├ù[39m src/app/features/book-detail/book-detail.component.spec.ts[2m > [22mBookDetailComponent[2m > [22mshelfName computed returns the shelf name[32m 1[2mms[22m[39m
[31m   ΓåÆ Component 'BookDetailComponent' is not resolved:
 - templateUrl: ./book-detail.html
 - styleUrl: ./book-detail.css
Did you run and wait for 'resolveComponentResources()'?[39m
 [32mΓ£ô[39m src/app/core/stores/library.store.spec.ts[2m > [22mLibraryStore[2m > [22mtotalBooks[2m > [22mis 0 on initial state[32m 29[2mms[22m[39m
 [32mΓ£ô[39m src/app/core/stores/library.store.spec.ts[2m > [22mLibraryStore[2m > [22mtotalBooks[2m > [22mreflects the number of books set[32m 4[2mms[22m[39m
 [32mΓ£ô[39m src/app/core/stores/library.store.spec.ts[2m > [22mLibraryStore[2m > [22mcurrentlyReading[2m > [22mreturns only books on the currently-reading shelf[32m 3[2mms[22m[39m
 [32mΓ£ô[39m src/app/core/stores/library.store.spec.ts[2m > [22mLibraryStore[2m > [22mcurrentlyReading[2m > [22mattaches progress to currently-reading books[32m 4[2mms[22m[39m
 [32mΓ£ô[39m src/app/core/stores/library.store.spec.ts[2m > [22mLibraryStore[2m > [22mcurrentlyReading[2m > [22msets progress to null when no progress entry exists[32m 4[2mms[22m[39m
 [32mΓ£ô[39m src/app/core/stores/library.store.spec.ts[2m > [22mLibraryStore[2m > [22mbooksThisYear[2m > [22mreturns only books finished in the current year[32m 3[2mms[22m[39m
 [32mΓ£ô[39m src/app/core/stores/library.store.spec.ts[2m > [22mLibraryStore[2m > [22mgoalProgress[2m > [22mreturns null when no goal is set[32m 2[2mms[22m[39m
 [32mΓ£ô[39m src/app/core/stores/library.store.spec.ts[2m > [22mLibraryStore[2m > [22mgoalProgress[2m > [22mcalculates completed count from books finished this year[32m 2[2mms[22m[39m
 [32mΓ£ô[39m src/app/core/stores/library.store.spec.ts[2m > [22mLibraryStore[2m > [22mgoalProgress[2m > [22mcalculates percentage (rounds to nearest integer)[32m 3[2mms[22m[39m
 [32mΓ£ô[39m src/app/core/stores/library.store.spec.ts[2m > [22mLibraryStore[2m > [22mgoalProgress[2m > [22mcaps percentage at 100[32m 3[2mms[22m[39m
 [32mΓ£ô[39m src/app/core/stores/library.store.spec.ts[2m > [22mLibraryStore[2m > [22mgoalProgress[2m > [22mreturns "ahead" pace when completed exceeds expected by 2+[32m 4[2mms[22m[39m
 [32mΓ£ô[39m src/app/core/stores/library.store.spec.ts[2m > [22mLibraryStore[2m > [22mgoalProgress[2m > [22mincludes goal in the returned object[32m 2[2mms[22m[39m
 [32mΓ£ô[39m src/app/core/stores/library.store.spec.ts[2m > [22mLibraryStore[2m > [22msortedFilteredBooks[2m > [22msorts by title ascending[32m 11[2mms[22m[39m
 [32mΓ£ô[39m src/app/core/stores/library.store.spec.ts[2m > [22mLibraryStore[2m > [22msortedFilteredBooks[2m > [22msorts by title descending[32m 2[2mms[22m[39m
 [32mΓ£ô[39m src/app/core/stores/library.store.spec.ts[2m > [22mLibraryStore[2m > [22msortedFilteredBooks[2m > [22msorts by rating descending[32m 1[2mms[22m[39m
 [32mΓ£ô[39m src/app/core/stores/library.store.spec.ts[2m > [22mLibraryStore[2m > [22msortedFilteredBooks[2m > [22mfilters by genre[32m 2[2mms[22m[39m
 [32mΓ£ô[39m src/app/core/stores/library.store.spec.ts[2m > [22mLibraryStore[2m > [22msortedFilteredBooks[2m > [22mfilters by minRating[32m 2[2mms[22m[39m
 [32mΓ£ô[39m src/app/core/stores/library.store.spec.ts[2m > [22mLibraryStore[2m > [22msortedFilteredBooks[2m > [22mfilters by author substring (case-insensitive)[32m 1[2mms[22m[39m
 [32mΓ£ô[39m src/app/core/stores/library.store.spec.ts[2m > [22mLibraryStore[2m > [22msortedFilteredBooks[2m > [22mreturns all books when no filter is active[32m 2[2mms[22m[39m
 [32mΓ£ô[39m src/app/core/stores/library.store.spec.ts[2m > [22mLibraryStore[2m > [22myearStats[2m > [22mreturns zero totals when no books are read this year[32m 3[2mms[22m[39m
 [32mΓ£ô[39m src/app/core/stores/library.store.spec.ts[2m > [22mLibraryStore[2m > [22myearStats[2m > [22msums totalPages for books finished this year[32m 2[2mms[22m[39m
 [32mΓ£ô[39m src/app/core/stores/library.store.spec.ts[2m > [22mLibraryStore[2m > [22myearStats[2m > [22mcalculates averageRating rounded to 1 decimal[32m 1[2mms[22m[39m
 [32mΓ£ô[39m src/app/core/stores/library.store.spec.ts[2m > [22mLibraryStore[2m > [22myearStats[2m > [22mtracks booksByMonth correctly[32m 1[2mms[22m[39m
 [32mΓ£ô[39m src/app/core/stores/library.store.spec.ts[2m > [22mLibraryStore[2m > [22myearStats[2m > [22midentifies the top genre[32m 2[2mms[22m[39m
 [32mΓ£ô[39m src/app/core/stores/library.store.spec.ts[2m > [22mLibraryStore[2m > [22myearStats[2m > [22msets year to the current year[32m 2[2mms[22m[39m
 [32mΓ£ô[39m src/app/core/stores/library.store.spec.ts[2m > [22mLibraryStore[2m > [22myearStats[2m > [22midentifies longest and shortest book[32m 1[2mms[22m[39m
 [32mΓ£ô[39m src/app/core/stores/library.store.spec.ts[2m > [22mLibraryStore[2m > [22mbooksOnShelf[2m > [22mreturns books filtered to the given shelf[32m 1[2mms[22m[39m
 [32mΓ£ô[39m src/app/app-shell/nav/nav.component.spec.ts[2m > [22mNavComponent[2m > [22mcreates successfully[32m 197[2mms[22m[39m
 [32mΓ£ô[39m src/app/app-shell/nav/nav.component.spec.ts[2m > [22mNavComponent[2m > [22mshows brand name "Bookshelf" when expanded[32m 38[2mms[22m[39m
 [32mΓ£ô[39m src/app/app-shell/nav/nav.component.spec.ts[2m > [22mNavComponent[2m > [22mrenders all three nav items when expanded[32m 30[2mms[22m[39m
 [32mΓ£ô[39m src/app/app-shell/nav/nav.component.spec.ts[2m > [22mNavComponent[2m > [22mshows theme toggle button[32m 34[2mms[22m[39m
 [32mΓ£ô[39m src/app/app-shell/nav/nav.component.spec.ts[2m > [22mNavComponent[2m > [22mtoggle button aria-label reflects current theme (dark)[32m 27[2mms[22m[39m
 [32mΓ£ô[39m src/app/app-shell/nav/nav.component.spec.ts[2m > [22mNavComponent[2m > [22mdoes not show guest CTA when user is not a guest[32m 23[2mms[22m[39m
 [32mΓ£ô[39m src/app/app-shell/nav/nav.component.spec.ts[2m > [22mNavComponent[2m > [22mshows guest CTA when isGuest is true[32m 31[2mms[22m[39m
 [32mΓ£ô[39m src/app/app-shell/nav/nav.component.spec.ts[2m > [22mNavComponent[2m > [22mdoes not show account button when not authenticated[32m 23[2mms[22m[39m
 [32mΓ£ô[39m src/app/app-shell/nav/nav.component.spec.ts[2m > [22mNavComponent[2m > [22mshows account button when authenticated[32m 31[2mms[22m[39m
 [32mΓ£ô[39m src/app/app-shell/nav/nav.component.spec.ts[2m > [22mNavComponent[2m > [22mcollapse toggle updates collapsed state[32m 25[2mms[22m[39m
 [32mΓ£ô[39m src/app/app-shell/nav/nav.component.spec.ts[2m > [22mNavComponent[2m > [22mhides brand name when collapsed[32m 36[2mms[22m[39m
 [31m├ù[39m src/app/features/auth/reset-password.component.spec.ts[2m > [22mResetPasswordComponent[2m > [22mcreates successfully[32m 6[2mms[22m[39m
[31m   ΓåÆ Component 'ResetPasswordComponent' is not resolved:
 - styleUrl: ./auth.css
Did you run and wait for 'resolveComponentResources()'?[39m
 [31m├ù[39m src/app/features/auth/reset-password.component.spec.ts[2m > [22mResetPasswordComponent[2m > [22mform has an email control[32m 1[2mms[22m[39m
[31m   ΓåÆ Component 'ResetPasswordComponent' is not resolved:
 - styleUrl: ./auth.css
Did you run and wait for 'resolveComponentResources()'?[39m
 [31m├ù[39m src/app/features/auth/reset-password.component.spec.ts[2m > [22mResetPasswordComponent[2m > [22mform is invalid when empty[32m 1[2mms[22m[39m
[31m   ΓåÆ Component 'ResetPasswordComponent' is not resolved:
 - styleUrl: ./auth.css
Did you run and wait for 'resolveComponentResources()'?[39m
 [31m├ù[39m src/app/features/auth/reset-password.component.spec.ts[2m > [22mResetPasswordComponent[2m > [22memail control is invalid for a non-email value[32m 1[2mms[22m[39m
[31m   ΓåÆ Component 'ResetPasswordComponent' is not resolved:
 - styleUrl: ./auth.css
Did you run and wait for 'resolveComponentResources()'?[39m
 [31m├ù[39m src/app/features/auth/reset-password.component.spec.ts[2m > [22mResetPasswordComponent[2m > [22memail control is valid for a proper email[32m 1[2mms[22m[39m
[31m   ΓåÆ Component 'ResetPasswordComponent' is not resolved:
 - styleUrl: ./auth.css
Did you run and wait for 'resolveComponentResources()'?[39m
 [31m├ù[39m src/app/features/auth/reset-password.component.spec.ts[2m > [22mResetPasswordComponent[2m > [22msubmit() marks form touched when invalid[32m 0[2mms[22m[39m
[31m   ΓåÆ Component 'ResetPasswordComponent' is not resolved:
 - styleUrl: ./auth.css
Did you run and wait for 'resolveComponentResources()'?[39m
 [31m├ù[39m src/app/features/auth/reset-password.component.spec.ts[2m > [22mResetPasswordComponent[2m > [22msubmit() does not call auth.resetPassword when form is invalid[32m 0[2mms[22m[39m
[31m   ΓåÆ Component 'ResetPasswordComponent' is not resolved:
 - styleUrl: ./auth.css
Did you run and wait for 'resolveComponentResources()'?[39m
 [31m├ù[39m src/app/features/auth/reset-password.component.spec.ts[2m > [22mResetPasswordComponent[2m > [22msubmit() calls auth.resetPassword with the email[32m 0[2mms[22m[39m
[31m   ΓåÆ Component 'ResetPasswordComponent' is not resolved:
 - styleUrl: ./auth.css
Did you run and wait for 'resolveComponentResources()'?[39m
 [31m├ù[39m src/app/features/auth/reset-password.component.spec.ts[2m > [22mResetPasswordComponent[2m > [22msubmit() sets sent=true and sentEmail on success[32m 1[2mms[22m[39m
[31m   ΓåÆ Component 'ResetPasswordComponent' is not resolved:
 - styleUrl: ./auth.css
Did you run and wait for 'resolveComponentResources()'?[39m
 [31m├ù[39m src/app/features/auth/reset-password.component.spec.ts[2m > [22mResetPasswordComponent[2m > [22mshows success state with sentEmail after submit[32m 1[2mms[22m[39m
[31m   ΓåÆ Component 'ResetPasswordComponent' is not resolved:
 - styleUrl: ./auth.css
Did you run and wait for 'resolveComponentResources()'?[39m
 [31m├ù[39m src/app/features/auth/reset-password.component.spec.ts[2m > [22mResetPasswordComponent[2m > [22mshows reset form initially (not sent state)[32m 1[2mms[22m[39m
[31m   ΓåÆ Component 'ResetPasswordComponent' is not resolved:
 - styleUrl: ./auth.css
Did you run and wait for 'resolveComponentResources()'?[39m
 [31m├ù[39m src/app/features/auth/reset-password.component.spec.ts[2m > [22mResetPasswordComponent[2m > [22msets error message on failure[32m 1[2mms[22m[39m
[31m   ΓåÆ Component 'ResetPasswordComponent' is not resolved:
 - styleUrl: ./auth.css
Did you run and wait for 'resolveComponentResources()'?[39m
 [31m├ù[39m src/app/features/auth/reset-password.component.spec.ts[2m > [22mResetPasswordComponent[2m > [22mshows "Reset your password" heading initially[32m 0[2mms[22m[39m
[31m   ΓåÆ Component 'ResetPasswordComponent' is not resolved:
 - styleUrl: ./auth.css
Did you run and wait for 'resolveComponentResources()'?[39m
 [31m├ù[39m src/app/features/auth/signup.component.spec.ts[2m > [22mSignupComponent[2m > [22mcreates successfully[32m 7[2mms[22m[39m
[31m   ΓåÆ Component 'SignupComponent' is not resolved:
 - styleUrl: ./auth.css
Did you run and wait for 'resolveComponentResources()'?[39m
 [31m├ù[39m src/app/features/auth/signup.component.spec.ts[2m > [22mSignupComponent[2m > [22mform has email, password, and confirm controls[32m 1[2mms[22m[39m
[31m   ΓåÆ Component 'SignupComponent' is not resolved:
 - styleUrl: ./auth.css
Did you run and wait for 'resolveComponentResources()'?[39m
 [31m├ù[39m src/app/features/auth/signup.component.spec.ts[2m > [22mSignupComponent[2m > [22mform is invalid when empty[32m 1[2mms[22m[39m
[31m   ΓåÆ Component 'SignupComponent' is not resolved:
 - styleUrl: ./auth.css
Did you run and wait for 'resolveComponentResources()'?[39m
 [31m├ù[39m src/app/features/auth/signup.component.spec.ts[2m > [22mSignupComponent[2m > [22mpassword control is invalid with fewer than 6 characters[32m 1[2mms[22m[39m
[31m   ΓåÆ Component 'SignupComponent' is not resolved:
 - styleUrl: ./auth.css
Did you run and wait for 'resolveComponentResources()'?[39m
 [31m├ù[39m src/app/features/auth/signup.component.spec.ts[2m > [22mSignupComponent[2m > [22mpassword control is valid with 6+ characters[32m 1[2mms[22m[39m
[31m   ΓåÆ Component 'SignupComponent' is not resolved:
 - styleUrl: ./auth.css
Did you run and wait for 'resolveComponentResources()'?[39m
 [31m├ù[39m src/app/features/auth/signup.component.spec.ts[2m > [22mSignupComponent[2m > [22mform has mismatch error when passwords do not match[32m 1[2mms[22m[39m
[31m   ΓåÆ Component 'SignupComponent' is not resolved:
 - styleUrl: ./auth.css
Did you run and wait for 'resolveComponentResources()'?[39m
 [31m├ù[39m src/app/features/auth/signup.component.spec.ts[2m > [22mSignupComponent[2m > [22mform has no mismatch error when passwords match[32m 1[2mms[22m[39m
[31m   ΓåÆ Component 'SignupComponent' is not resolved:
 - styleUrl: ./auth.css
Did you run and wait for 'resolveComponentResources()'?[39m
 [31m├ù[39m src/app/features/auth/signup.component.spec.ts[2m > [22mSignupComponent[2m > [22msubmit() marks form touched when invalid[32m 1[2mms[22m[39m
[31m   ΓåÆ Component 'SignupComponent' is not resolved:
 - styleUrl: ./auth.css
Did you run and wait for 'resolveComponentResources()'?[39m
 [31m├ù[39m src/app/features/auth/signup.component.spec.ts[2m > [22mSignupComponent[2m > [22msubmit() does not call auth.signUp when form is invalid[32m 1[2mms[22m[39m
[31m   ΓåÆ Component 'SignupComponent' is not resolved:
 - styleUrl: ./auth.css
Did you run and wait for 'resolveComponentResources()'?[39m
 [31m├ù[39m src/app/features/auth/signup.component.spec.ts[2m > [22mSignupComponent[2m > [22msubmit() calls auth.signUp with email and password[32m 1[2mms[22m[39m
[31m   ΓåÆ Component 'SignupComponent' is not resolved:
 - styleUrl: ./auth.css
Did you run and wait for 'resolveComponentResources()'?[39m
 [31m├ù[39m src/app/features/auth/signup.component.spec.ts[2m > [22mSignupComponent[2m > [22msubmit() navigates to /library on success[32m 1[2mms[22m[39m
[31m   ΓåÆ Component 'SignupComponent' is not resolved:
 - styleUrl: ./auth.css
Did you run and wait for 'resolveComponentResources()'?[39m
 [31m├ù[39m src/app/features/auth/signup.component.spec.ts[2m > [22mSignupComponent[2m > [22msubmit() sets error on failure[32m 0[2mms[22m[39m
[31m   ΓåÆ Component 'SignupComponent' is not resolved:
 - styleUrl: ./auth.css
Did you run and wait for 'resolveComponentResources()'?[39m
 [31m├ù[39m src/app/features/auth/signup.component.spec.ts[2m > [22mSignupComponent[2m > [22mshows "Create account" heading[32m 0[2mms[22m[39m
[31m   ΓåÆ Component 'SignupComponent' is not resolved:
 - styleUrl: ./auth.css
Did you run and wait for 'resolveComponentResources()'?[39m
 [31m├ù[39m src/app/features/auth/login.component.spec.ts[2m > [22mLoginComponent[2m > [22mcreates successfully[32m 7[2mms[22m[39m
[31m   ΓåÆ Component 'LoginComponent' is not resolved:
 - styleUrl: ./auth.css
Did you run and wait for 'resolveComponentResources()'?[39m
 [31m├ù[39m src/app/features/auth/login.component.spec.ts[2m > [22mLoginComponent[2m > [22mform has email and password controls[32m 1[2mms[22m[39m
[31m   ΓåÆ Component 'LoginComponent' is not resolved:
 - styleUrl: ./auth.css
Did you run and wait for 'resolveComponentResources()'?[39m
 [31m├ù[39m src/app/features/auth/login.component.spec.ts[2m > [22mLoginComponent[2m > [22mform is invalid when empty[32m 1[2mms[22m[39m
[31m   ΓåÆ Component 'LoginComponent' is not resolved:
 - styleUrl: ./auth.css
Did you run and wait for 'resolveComponentResources()'?[39m
 [31m├ù[39m src/app/features/auth/login.component.spec.ts[2m > [22mLoginComponent[2m > [22memail control is invalid without a valid email[32m 1[2mms[22m[39m
[31m   ΓåÆ Component 'LoginComponent' is not resolved:
 - styleUrl: ./auth.css
Did you run and wait for 'resolveComponentResources()'?[39m
 [31m├ù[39m src/app/features/auth/login.component.spec.ts[2m > [22mLoginComponent[2m > [22memail control is valid with a valid email[32m 1[2mms[22m[39m
[31m   ΓåÆ Component 'LoginComponent' is not resolved:
 - styleUrl: ./auth.css
Did you run and wait for 'resolveComponentResources()'?[39m
 [31m├ù[39m src/app/features/auth/login.component.spec.ts[2m > [22mLoginComponent[2m > [22msubmit() marks form touched when invalid[32m 1[2mms[22m[39m
[31m   ΓåÆ Component 'LoginComponent' is not resolved:
 - styleUrl: ./auth.css
Did you run and wait for 'resolveComponentResources()'?[39m
 [31m├ù[39m src/app/features/auth/login.component.spec.ts[2m > [22mLoginComponent[2m > [22msubmit() does not call auth.signIn when form is invalid[32m 1[2mms[22m[39m
[31m   ΓåÆ Component 'LoginComponent' is not resolved:
 - styleUrl: ./auth.css
Did you run and wait for 'resolveComponentResources()'?[39m
 [31m├ù[39m src/app/features/auth/login.component.spec.ts[2m > [22mLoginComponent[2m > [22msubmit() calls auth.signIn with correct credentials[32m 0[2mms[22m[39m
[31m   ΓåÆ Component 'LoginComponent' is not resolved:
 - styleUrl: ./auth.css
Did you run and wait for 'resolveComponentResources()'?[39m
 [31m├ù[39m src/app/features/auth/login.component.spec.ts[2m > [22mLoginComponent[2m > [22msubmit() navigates to /library on success[32m 1[2mms[22m[39m
[31m   ΓåÆ Component 'LoginComponent' is not resolved:
 - styleUrl: ./auth.css
Did you run and wait for 'resolveComponentResources()'?[39m
 [31m├ù[39m src/app/features/auth/login.component.spec.ts[2m > [22mLoginComponent[2m > [22msubmit() sets error message on auth failure[32m 0[2mms[22m[39m
[31m   ΓåÆ Component 'LoginComponent' is not resolved:
 - styleUrl: ./auth.css
Did you run and wait for 'resolveComponentResources()'?[39m
 [31m├ù[39m src/app/features/auth/login.component.spec.ts[2m > [22mLoginComponent[2m > [22menterGuest() calls auth.enterGuestMode[32m 0[2mms[22m[39m
[31m   ΓåÆ Component 'LoginComponent' is not resolved:
 - styleUrl: ./auth.css
Did you run and wait for 'resolveComponentResources()'?[39m
 [31m├ù[39m src/app/features/auth/login.component.spec.ts[2m > [22mLoginComponent[2m > [22mshowPw toggle changes input type[32m 0[2mms[22m[39m
[31m   ΓåÆ Component 'LoginComponent' is not resolved:
 - styleUrl: ./auth.css
Did you run and wait for 'resolveComponentResources()'?[39m
 [31m├ù[39m src/app/features/auth/login.component.spec.ts[2m > [22mLoginComponent[2m > [22mshows "Welcome back" heading[32m 0[2mms[22m[39m
[31m   ΓåÆ Component 'LoginComponent' is not resolved:
 - styleUrl: ./auth.css
Did you run and wait for 'resolveComponentResources()'?[39m
 [31m├ù[39m src/app/features/auth/login.component.spec.ts[2m > [22mLoginComponent[2m > [22mrenders "Explore as guest" button[32m 0[2mms[22m[39m
[31m   ΓåÆ Component 'LoginComponent' is not resolved:
 - styleUrl: ./auth.css
Did you run and wait for 'resolveComponentResources()'?[39m
 [32mΓ£ô[39m src/app/core/services/theme.service.spec.ts[2m > [22mThemeService[2m > [22mdefaults to "system" when no saved theme[32m 21[2mms[22m[39m
 [32mΓ£ô[39m src/app/core/services/theme.service.spec.ts[2m > [22mThemeService[2m > [22mrestores saved "dark" theme from localStorage[32m 3[2mms[22m[39m
 [32mΓ£ô[39m src/app/core/services/theme.service.spec.ts[2m > [22mThemeService[2m > [22mrestores saved "light" theme from localStorage[32m 3[2mms[22m[39m
 [32mΓ£ô[39m src/app/core/services/theme.service.spec.ts[2m > [22mThemeService[2m > [22msetTheme("dark") updates theme signal[32m 2[2mms[22m[39m
 [32mΓ£ô[39m src/app/core/services/theme.service.spec.ts[2m > [22mThemeService[2m > [22msetTheme("light") updates theme signal[32m 3[2mms[22m[39m
 [32mΓ£ô[39m src/app/core/services/theme.service.spec.ts[2m > [22mThemeService[2m > [22msetTheme("system") updates theme signal[32m 2[2mms[22m[39m
 [32mΓ£ô[39m src/app/core/services/theme.service.spec.ts[2m > [22mThemeService[2m > [22misDark() returns true for "dark" theme[32m 2[2mms[22m[39m
 [32mΓ£ô[39m src/app/core/services/theme.service.spec.ts[2m > [22mThemeService[2m > [22misDark() returns false for "light" theme[32m 2[2mms[22m[39m
 [32mΓ£ô[39m src/app/core/services/theme.service.spec.ts[2m > [22mThemeService[2m > [22madds .dark class to <html> when set to dark[32m 3[2mms[22m[39m
 [32mΓ£ô[39m src/app/core/services/theme.service.spec.ts[2m > [22mThemeService[2m > [22mremoves .dark class from <html> when switching to light[32m 2[2mms[22m[39m
 [32mΓ£ô[39m src/app/core/services/theme.service.spec.ts[2m > [22mThemeService[2m > [22mapplies .dark on init when saved theme is dark[32m 1[2mms[22m[39m
 [32mΓ£ô[39m src/app/core/services/theme.service.spec.ts[2m > [22mThemeService[2m > [22mdoes not add .dark on init when saved theme is light[32m 1[2mms[22m[39m
 [32mΓ£ô[39m src/app/core/services/theme.service.spec.ts[2m > [22mThemeService[2m > [22mpersists "dark" to localStorage via effect[32m 2[2mms[22m[39m
 [32mΓ£ô[39m src/app/core/services/theme.service.spec.ts[2m > [22mThemeService[2m > [22mpersists "light" to localStorage via effect[32m 1[2mms[22m[39m
 [32mΓ£ô[39m src/app/core/services/theme.service.spec.ts[2m > [22mThemeService[2m > [22mtoggle() switches from light to dark[32m 1[2mms[22m[39m
 [32mΓ£ô[39m src/app/core/services/theme.service.spec.ts[2m > [22mThemeService[2m > [22mtoggle() switches from dark to light[32m 1[2mms[22m[39m
 [32mΓ£ô[39m src/app/core/services/theme.service.spec.ts[2m > [22mThemeService[2m > [22mtoggle() switches from system to light[32m 1[2mms[22m[39m
 [32mΓ£ô[39m src/app/core/services/theme.service.spec.ts[2m > [22mThemeService[2m > [22mtoggle() applies .dark class after switching to dark[32m 2[2mms[22m[39m
 [32mΓ£ô[39m src/app/core/services/theme.service.spec.ts[2m > [22mThemeService[2m > [22mtoggle() removes .dark class after switching to light[32m 3[2mms[22m[39m
 [31m├ù[39m src/app/features/year-in-review/year-in-review.component.spec.ts[2m > [22mYearInReviewComponent[2m > [22mcreates successfully[32m 7[2mms[22m[39m
[31m   ΓåÆ Component 'YearInReviewComponent' is not resolved:
 - templateUrl: ./year-in-review.html
 - styleUrl: ./year-in-review.css
Did you run and wait for 'resolveComponentResources()'?[39m
 [31m├ù[39m src/app/features/year-in-review/year-in-review.component.spec.ts[2m > [22mYearInReviewComponent[2m > [22mshows year in heading[32m 1[2mms[22m[39m
[31m   ΓåÆ Component 'YearInReviewComponent' is not resolved:
 - templateUrl: ./year-in-review.html
 - styleUrl: ./year-in-review.css
Did you run and wait for 'resolveComponentResources()'?[39m
 [31m├ù[39m src/app/features/year-in-review/year-in-review.component.spec.ts[2m > [22mYearInReviewComponent[2m > [22mhides goal card when goalProgress is null[32m 1[2mms[22m[39m
[31m   ΓåÆ Component 'YearInReviewComponent' is not resolved:
 - templateUrl: ./year-in-review.html
 - styleUrl: ./year-in-review.css
Did you run and wait for 'resolveComponentResources()'?[39m
 [31m├ù[39m src/app/features/year-in-review/year-in-review.component.spec.ts[2m > [22mYearInReviewComponent[2m > [22mshows goal card when goalProgress is set[32m 1[2mms[22m[39m
[31m   ΓåÆ Component 'YearInReviewComponent' is not resolved:
 - templateUrl: ./year-in-review.html
 - styleUrl: ./year-in-review.css
Did you run and wait for 'resolveComponentResources()'?[39m
 [31m├ù[39m src/app/features/year-in-review/year-in-review.component.spec.ts[2m > [22mYearInReviewComponent[2m > [22mshows year stats when yearStats is set[32m 1[2mms[22m[39m
[31m   ΓåÆ Component 'YearInReviewComponent' is not resolved:
 - templateUrl: ./year-in-review.html
 - styleUrl: ./year-in-review.css
Did you run and wait for 'resolveComponentResources()'?[39m
 [31m├ù[39m src/app/features/year-in-review/year-in-review.component.spec.ts[2m > [22mYearInReviewComponent[2m > [22mhides stat cards when yearStats is null[32m 0[2mms[22m[39m
[31m   ΓåÆ Component 'YearInReviewComponent' is not resolved:
 - templateUrl: ./year-in-review.html
 - styleUrl: ./year-in-review.css
Did you run and wait for 'resolveComponentResources()'?[39m
 [31m├ù[39m src/app/features/year-in-review/year-in-review.component.spec.ts[2m > [22mYearInReviewComponent[2m > [22msaveGoal() calls store.setGoal with goalInput value[32m 0[2mms[22m[39m
[31m   ΓåÆ Component 'YearInReviewComponent' is not resolved:
 - templateUrl: ./year-in-review.html
 - styleUrl: ./year-in-review.css
Did you run and wait for 'resolveComponentResources()'?[39m
 [31m├ù[39m src/app/features/year-in-review/year-in-review.component.spec.ts[2m > [22mYearInReviewComponent[2m > [22msaveGoal() resets editingGoal to false[32m 0[2mms[22m[39m
[31m   ΓåÆ Component 'YearInReviewComponent' is not resolved:
 - templateUrl: ./year-in-review.html
 - styleUrl: ./year-in-review.css
Did you run and wait for 'resolveComponentResources()'?[39m
 [31m├ù[39m src/app/features/year-in-review/year-in-review.component.spec.ts[2m > [22mYearInReviewComponent[2m > [22mmonthAbbr()[2m > [22mreturns "Jan" for "1"[32m 0[2mms[22m[39m
[31m   ΓåÆ Component 'YearInReviewComponent' is not resolved:
 - templateUrl: ./year-in-review.html
 - styleUrl: ./year-in-review.css
Did you run and wait for 'resolveComponentResources()'?[39m
 [31m├ù[39m src/app/features/year-in-review/year-in-review.component.spec.ts[2m > [22mYearInReviewComponent[2m > [22mmonthAbbr()[2m > [22mreturns "Feb" for "2"[32m 0[2mms[22m[39m
[31m   ΓåÆ Component 'YearInReviewComponent' is not resolved:
 - templateUrl: ./year-in-review.html
 - styleUrl: ./year-in-review.css
Did you run and wait for 'resolveComponentResources()'?[39m
 [31m├ù[39m src/app/features/year-in-review/year-in-review.component.spec.ts[2m > [22mYearInReviewComponent[2m > [22mmonthAbbr()[2m > [22mreturns "Jun" for "6"[32m 0[2mms[22m[39m
[31m   ΓåÆ Component 'YearInReviewComponent' is not resolved:
 - templateUrl: ./year-in-review.html
 - styleUrl: ./year-in-review.css
Did you run and wait for 'resolveComponentResources()'?[39m
 [31m├ù[39m src/app/features/year-in-review/year-in-review.component.spec.ts[2m > [22mYearInReviewComponent[2m > [22mmonthAbbr()[2m > [22mreturns "Dec" for "12"[32m 0[2mms[22m[39m
[31m   ΓåÆ Component 'YearInReviewComponent' is not resolved:
 - templateUrl: ./year-in-review.html
 - styleUrl: ./year-in-review.css
Did you run and wait for 'resolveComponentResources()'?[39m
 [31m├ù[39m src/app/features/year-in-review/year-in-review.component.spec.ts[2m > [22mYearInReviewComponent[2m > [22mmonthAbbr()[2m > [22mslices first 3 chars for non-numeric keys[32m 0[2mms[22m[39m
[31m   ΓåÆ Component 'YearInReviewComponent' is not resolved:
 - templateUrl: ./year-in-review.html
 - styleUrl: ./year-in-review.css
Did you run and wait for 'resolveComponentResources()'?[39m
 [31m├ù[39m src/app/features/year-in-review/year-in-review.component.spec.ts[2m > [22mYearInReviewComponent[2m > [22mmaxMonthlyCount()[2m > [22mreturns the maximum value from the record[32m 0[2mms[22m[39m
[31m   ΓåÆ Component 'YearInReviewComponent' is not resolved:
 - templateUrl: ./year-in-review.html
 - styleUrl: ./year-in-review.css
Did you run and wait for 'resolveComponentResources()'?[39m
 [31m├ù[39m src/app/features/year-in-review/year-in-review.component.spec.ts[2m > [22mYearInReviewComponent[2m > [22mmaxMonthlyCount()[2m > [22mreturns 1 when all values are below 1[32m 0[2mms[22m[39m
[31m   ΓåÆ Component 'YearInReviewComponent' is not resolved:
 - templateUrl: ./year-in-review.html
 - styleUrl: ./year-in-review.css
Did you run and wait for 'resolveComponentResources()'?[39m
 [31m├ù[39m src/app/features/year-in-review/year-in-review.component.spec.ts[2m > [22mYearInReviewComponent[2m > [22mmaxMonthlyCount()[2m > [22mreturns 1 for empty record[32m 0[2mms[22m[39m
[31m   ΓåÆ Component 'YearInReviewComponent' is not resolved:
 - templateUrl: ./year-in-review.html
 - styleUrl: ./year-in-review.css
Did you run and wait for 'resolveComponentResources()'?[39m
 [31m├ù[39m src/app/features/year-in-review/year-in-review.component.spec.ts[2m > [22mYearInReviewComponent[2m > [22mmaxMonthlyCount()[2m > [22mreturns the single value when record has one entry[32m 0[2mms[22m[39m
[31m   ΓåÆ Component 'YearInReviewComponent' is not resolved:
 - templateUrl: ./year-in-review.html
 - styleUrl: ./year-in-review.css
Did you run and wait for 'resolveComponentResources()'?[39m
 [31m├ù[39m src/app/features/shelf/shelf.component.spec.ts[2m > [22mShelfComponent[2m > [22mcreates successfully[32m 7[2mms[22m[39m
[31m   ΓåÆ Component 'ShelfComponent' is not resolved:
 - templateUrl: ./shelf.html
 - styleUrl: ./shelf.css
Did you run and wait for 'resolveComponentResources()'?[39m
 [31m├ù[39m src/app/features/shelf/shelf.component.spec.ts[2m > [22mShelfComponent[2m > [22mcomputed shelf() returns the correct shelf by id[32m 1[2mms[22m[39m
[31m   ΓåÆ Component 'ShelfComponent' is not resolved:
 - templateUrl: ./shelf.html
 - styleUrl: ./shelf.css
Did you run and wait for 'resolveComponentResources()'?[39m
 [31m├ù[39m src/app/features/shelf/shelf.component.spec.ts[2m > [22mShelfComponent[2m > [22mcomputed shelf() returns undefined for an unknown id[32m 1[2mms[22m[39m
[31m   ΓåÆ Component 'ShelfComponent' is not resolved:
 - templateUrl: ./shelf.html
 - styleUrl: ./shelf.css
Did you run and wait for 'resolveComponentResources()'?[39m
 [31m├ù[39m src/app/features/shelf/shelf.component.spec.ts[2m > [22mShelfComponent[2m > [22mcomputed shelfId() returns value from route[32m 1[2mms[22m[39m
[31m   ΓåÆ Component 'ShelfComponent' is not resolved:
 - templateUrl: ./shelf.html
 - styleUrl: ./shelf.css
Did you run and wait for 'resolveComponentResources()'?[39m
 [31m├ù[39m src/app/features/shelf/shelf.component.spec.ts[2m > [22mShelfComponent[2m > [22mcomputed books() returns books for the shelf[32m 1[2mms[22m[39m
[31m   ΓåÆ Component 'ShelfComponent' is not resolved:
 - templateUrl: ./shelf.html
 - styleUrl: ./shelf.css
Did you run and wait for 'resolveComponentResources()'?[39m
 [31m├ù[39m src/app/features/shelf/shelf.component.spec.ts[2m > [22mShelfComponent[2m > [22mdisplays shelf heading when shelf exists[32m 0[2mms[22m[39m
[31m   ΓåÆ Component 'ShelfComponent' is not resolved:
 - templateUrl: ./shelf.html
 - styleUrl: ./shelf.css
Did you run and wait for 'resolveComponentResources()'?[39m
 [31m├ù[39m src/app/features/shelf/shelf.component.spec.ts[2m > [22mShelfComponent[2m > [22mshows sort options[32m 0[2mms[22m[39m
[31m   ΓåÆ Component 'ShelfComponent' is not resolved:
 - templateUrl: ./shelf.html
 - styleUrl: ./shelf.css
Did you run and wait for 'resolveComponentResources()'?[39m
 [31m├ù[39m src/app/features/shelf/shelf.component.spec.ts[2m > [22mShelfComponent[2m > [22mupdateSort() calls store.setSortOptions with desc direction[32m 0[2mms[22m[39m
[31m   ΓåÆ Component 'ShelfComponent' is not resolved:
 - templateUrl: ./shelf.html
 - styleUrl: ./shelf.css
Did you run and wait for 'resolveComponentResources()'?[39m
 [31m├ù[39m src/app/features/shelf/shelf.component.spec.ts[2m > [22mShelfComponent[2m > [22mshows empty state when no books on shelf[32m 0[2mms[22m[39m
[31m   ΓåÆ Component 'ShelfComponent' is not resolved:
 - templateUrl: ./shelf.html
 - styleUrl: ./shelf.css
Did you run and wait for 'resolveComponentResources()'?[39m
node.exe : 
At line:1 char:1
+ & "C:\Program Files\nodejs/node.exe" "C:\Users\Curtis\AppData\Roaming ...
+ ~~~~~~~~~~~~~~~~~~~~~~~~~~~~~~~~~~~~~~~~~~~~~~~~~~~~~~~~~~~~~~~~~~~~~
    + CategoryInfo          : NotSpecified: (:String) [], RemoteException
    + FullyQualifiedErrorId : NativeCommandError
 
[31mΓÄ»ΓÄ»ΓÄ»ΓÄ»ΓÄ»ΓÄ»[39m[1m[41m Failed Tests 140 
[49m[22m[31mΓÄ»ΓÄ»ΓÄ»ΓÄ»ΓÄ»ΓÄ»[39m

[41m[1m FAIL [22m[49m src/app/features/auth/login.component.spec.ts[2m > 
[22mLoginComponent[2m > [22mcreates successfully
[31m[1mError[22m: Component 'LoginComponent' is not resolved:
 - styleUrl: ./auth.css
Did you run and wait for 'resolveComponentResources()'?[39m
[90m [2mΓ¥»[22m LoginComponent.get ../darwin_arm64-fastbuild-ST-fdfa778d11ba
/bin/packages/core/src/render3/jit/directive.ts:[2m106:16[22m[39m
[90m [2mΓ¥»[22m ╔╡cmp ../darwin_arm64-fastbuild-ST-fdfa778d11ba/bin/packages
/core/testing/src/test_bed_compiler.ts:[2m1116:24[22m[39m
[90m [2mΓ¥»[22m getComponentDef ../darwin_arm64-fastbuild-ST-fdfa778d11ba/bi
n/packages/core/testing/src/test_bed_compiler.ts:[2m1109:14[22m[39m
[90m [2mΓ¥»[22m isStandaloneComponent ../darwin_arm64-fastbuild-ST-fdfa778d1
1ba/bin/packages/core/testing/src/test_bed_compiler.ts:[2m784:19[22m[39m
[90m [2mΓ¥»[22m queueTypesFromModulesArrayRecur ../darwin_arm64-fastbuild-ST
-fdfa778d11ba/bin/packages/core/testing/src/test_bed_compiler.ts:[2m808:4[22m
[39m
[90m [2mΓ¥»[22m queueTypesFromModulesArray ../darwin_arm64-fastbuild-ST-fdfa
778d11ba/bin/packages/core/testing/src/test_bed_compiler.ts:[2m226:11[22m[39
m
[90m [2mΓ¥»[22m configureTestingModule ../darwin_arm64-fastbuild-ST-fdfa778d
11ba/bin/packages/core/testing/src/test_bed.ts:[2m584:18[22m[39m
[90m [2mΓ¥»[22m configureTestingModule ../darwin_arm64-fastbuild-ST-fdfa778d
11ba/bin/packages/core/testing/src/test_bed.ts:[2m319:32[22m[39m
[36m [2mΓ¥»[22m setup 
src/app/features/auth/login.component.spec.ts:[2m22:13[22m[39m
    [90m 20|[39m     }[33m;[39m
    [90m 21|[39m
    [90m 22|[39m     
[33mTestBed[39m[33m.[39m[34mconfigureTestingModule[39m({
    [90m   |[39m             [31m^[39m
    [90m 23|[39m       imports[33m:[39m 
[[33mLoginComponent[39m][33m,[39m
    [90m 24|[39m       providers[33m:[39m [
[90m [2mΓ¥»[22m 
src/app/features/auth/login.component.spec.ts:[2m38:12[22m[39m

[31m[2mΓÄ»ΓÄ»ΓÄ»ΓÄ»ΓÄ»ΓÄ»ΓÄ»ΓÄ»ΓÄ»ΓÄ»ΓÄ»ΓÄ»ΓÄ»ΓÄ»ΓÄ»ΓÄ»ΓÄ»ΓÄ»ΓÄ»ΓÄ»ΓÄ»ΓÄ»[1/1
40]ΓÄ»[22m[39m

[41m[1m FAIL [22m[49m src/app/features/auth/login.component.spec.ts[2m > 
[22mLoginComponent[2m > [22mform has email and password controls
[31m[1mError[22m: Component 'LoginComponent' is not resolved:
 - styleUrl: ./auth.css
Did you run and wait for 'resolveComponentResources()'?[39m
[90m [2mΓ¥»[22m LoginComponent.get ../darwin_arm64-fastbuild-ST-fdfa778d11ba
/bin/packages/core/src/render3/jit/directive.ts:[2m106:16[22m[39m
[90m [2mΓ¥»[22m ╔╡cmp ../darwin_arm64-fastbuild-ST-fdfa778d11ba/bin/packages
/core/testing/src/test_bed_compiler.ts:[2m1116:24[22m[39m
[90m [2mΓ¥»[22m getComponentDef ../darwin_arm64-fastbuild-ST-fdfa778d11ba/bi
n/packages/core/testing/src/test_bed_compiler.ts:[2m1109:14[22m[39m
[90m [2mΓ¥»[22m isStandaloneComponent ../darwin_arm64-fastbuild-ST-fdfa778d1
1ba/bin/packages/core/testing/src/test_bed_compiler.ts:[2m784:19[22m[39m
[90m [2mΓ¥»[22m queueTypesFromModulesArrayRecur ../darwin_arm64-fastbuild-ST
-fdfa778d11ba/bin/packages/core/testing/src/test_bed_compiler.ts:[2m808:4[22m
[39m
[90m [2mΓ¥»[22m queueTypesFromModulesArray ../darwin_arm64-fastbuild-ST-fdfa
778d11ba/bin/packages/core/testing/src/test_bed_compiler.ts:[2m226:11[22m[39
m
[90m [2mΓ¥»[22m configureTestingModule ../darwin_arm64-fastbuild-ST-fdfa778d
11ba/bin/packages/core/testing/src/test_bed.ts:[2m584:18[22m[39m
[90m [2mΓ¥»[22m configureTestingModule ../darwin_arm64-fastbuild-ST-fdfa778d
11ba/bin/packages/core/testing/src/test_bed.ts:[2m319:32[22m[39m
[36m [2mΓ¥»[22m setup 
src/app/features/auth/login.component.spec.ts:[2m22:13[22m[39m
    [90m 20|[39m     }[33m;[39m
    [90m 21|[39m
    [90m 22|[39m     
[33mTestBed[39m[33m.[39m[34mconfigureTestingModule[39m({
    [90m   |[39m             [31m^[39m
    [90m 23|[39m       imports[33m:[39m 
[[33mLoginComponent[39m][33m,[39m
    [90m 24|[39m       providers[33m:[39m [
[90m [2mΓ¥»[22m 
src/app/features/auth/login.component.spec.ts:[2m42:25[22m[39m

[31m[2mΓÄ»ΓÄ»ΓÄ»ΓÄ»ΓÄ»ΓÄ»ΓÄ»ΓÄ»ΓÄ»ΓÄ»ΓÄ»ΓÄ»ΓÄ»ΓÄ»ΓÄ»ΓÄ»ΓÄ»ΓÄ»ΓÄ»ΓÄ»ΓÄ»ΓÄ»[2/1
40]ΓÄ»[22m[39m

[41m[1m FAIL [22m[49m src/app/features/auth/login.component.spec.ts[2m > 
[22mLoginComponent[2m > [22mform is invalid when empty
[31m[1mError[22m: Component 'LoginComponent' is not resolved:
 - styleUrl: ./auth.css
Did you run and wait for 'resolveComponentResources()'?[39m
[90m [2mΓ¥»[22m LoginComponent.get ../darwin_arm64-fastbuild-ST-fdfa778d11ba
/bin/packages/core/src/render3/jit/directive.ts:[2m106:16[22m[39m
[90m [2mΓ¥»[22m ╔╡cmp ../darwin_arm64-fastbuild-ST-fdfa778d11ba/bin/packages
/core/testing/src/test_bed_compiler.ts:[2m1116:24[22m[39m
[90m [2mΓ¥»[22m getComponentDef ../darwin_arm64-fastbuild-ST-fdfa778d11ba/bi
n/packages/core/testing/src/test_bed_compiler.ts:[2m1109:14[22m[39m
[90m [2mΓ¥»[22m isStandaloneComponent ../darwin_arm64-fastbuild-ST-fdfa778d1
1ba/bin/packages/core/testing/src/test_bed_compiler.ts:[2m784:19[22m[39m
[90m [2mΓ¥»[22m queueTypesFromModulesArrayRecur ../darwin_arm64-fastbuild-ST
-fdfa778d11ba/bin/packages/core/testing/src/test_bed_compiler.ts:[2m808:4[22m
[39m
[90m [2mΓ¥»[22m queueTypesFromModulesArray ../darwin_arm64-fastbuild-ST-fdfa
778d11ba/bin/packages/core/testing/src/test_bed_compiler.ts:[2m226:11[22m[39
m
[90m [2mΓ¥»[22m configureTestingModule ../darwin_arm64-fastbuild-ST-fdfa778d
11ba/bin/packages/core/testing/src/test_bed.ts:[2m584:18[22m[39m
[90m [2mΓ¥»[22m configureTestingModule ../darwin_arm64-fastbuild-ST-fdfa778d
11ba/bin/packages/core/testing/src/test_bed.ts:[2m319:32[22m[39m
[36m [2mΓ¥»[22m setup 
src/app/features/auth/login.component.spec.ts:[2m22:13[22m[39m
    [90m 20|[39m     }[33m;[39m
    [90m 21|[39m
    [90m 22|[39m     
[33mTestBed[39m[33m.[39m[34mconfigureTestingModule[39m({
    [90m   |[39m             [31m^[39m
    [90m 23|[39m       imports[33m:[39m 
[[33mLoginComponent[39m][33m,[39m
    [90m 24|[39m       providers[33m:[39m [
[90m [2mΓ¥»[22m 
src/app/features/auth/login.component.spec.ts:[2m49:25[22m[39m

[31m[2mΓÄ»ΓÄ»ΓÄ»ΓÄ»ΓÄ»ΓÄ»ΓÄ»ΓÄ»ΓÄ»ΓÄ»ΓÄ»ΓÄ»ΓÄ»ΓÄ»ΓÄ»ΓÄ»ΓÄ»ΓÄ»ΓÄ»ΓÄ»ΓÄ»ΓÄ»[3/1
40]ΓÄ»[22m[39m

[41m[1m FAIL [22m[49m src/app/features/auth/login.component.spec.ts[2m > 
[22mLoginComponent[2m > [22memail control is invalid without a valid email
[31m[1mError[22m: Component 'LoginComponent' is not resolved:
 - styleUrl: ./auth.css
Did you run and wait for 'resolveComponentResources()'?[39m
[90m [2mΓ¥»[22m LoginComponent.get ../darwin_arm64-fastbuild-ST-fdfa778d11ba
/bin/packages/core/src/render3/jit/directive.ts:[2m106:16[22m[39m
[90m [2mΓ¥»[22m ╔╡cmp ../darwin_arm64-fastbuild-ST-fdfa778d11ba/bin/packages
/core/testing/src/test_bed_compiler.ts:[2m1116:24[22m[39m
[90m [2mΓ¥»[22m getComponentDef ../darwin_arm64-fastbuild-ST-fdfa778d11ba/bi
n/packages/core/testing/src/test_bed_compiler.ts:[2m1109:14[22m[39m
[90m [2mΓ¥»[22m isStandaloneComponent ../darwin_arm64-fastbuild-ST-fdfa778d1
1ba/bin/packages/core/testing/src/test_bed_compiler.ts:[2m784:19[22m[39m
[90m [2mΓ¥»[22m queueTypesFromModulesArrayRecur ../darwin_arm64-fastbuild-ST
-fdfa778d11ba/bin/packages/core/testing/src/test_bed_compiler.ts:[2m808:4[22m
[39m
[90m [2mΓ¥»[22m queueTypesFromModulesArray ../darwin_arm64-fastbuild-ST-fdfa
778d11ba/bin/packages/core/testing/src/test_bed_compiler.ts:[2m226:11[22m[39
m
[90m [2mΓ¥»[22m configureTestingModule ../darwin_arm64-fastbuild-ST-fdfa778d
11ba/bin/packages/core/testing/src/test_bed.ts:[2m584:18[22m[39m
[90m [2mΓ¥»[22m configureTestingModule ../darwin_arm64-fastbuild-ST-fdfa778d
11ba/bin/packages/core/testing/src/test_bed.ts:[2m319:32[22m[39m
[36m [2mΓ¥»[22m setup 
src/app/features/auth/login.component.spec.ts:[2m22:13[22m[39m
    [90m 20|[39m     }[33m;[39m
    [90m 21|[39m
    [90m 22|[39m     
[33mTestBed[39m[33m.[39m[34mconfigureTestingModule[39m({
    [90m   |[39m             [31m^[39m
    [90m 23|[39m       imports[33m:[39m 
[[33mLoginComponent[39m][33m,[39m
    [90m 24|[39m       providers[33m:[39m [
[90m [2mΓ¥»[22m 
src/app/features/auth/login.component.spec.ts:[2m54:25[22m[39m

[31m[2mΓÄ»ΓÄ»ΓÄ»ΓÄ»ΓÄ»ΓÄ»ΓÄ»ΓÄ»ΓÄ»ΓÄ»ΓÄ»ΓÄ»ΓÄ»ΓÄ»ΓÄ»ΓÄ»ΓÄ»ΓÄ»ΓÄ»ΓÄ»ΓÄ»ΓÄ»[4/1
40]ΓÄ»[22m[39m

[41m[1m FAIL [22m[49m src/app/features/auth/login.component.spec.ts[2m > 
[22mLoginComponent[2m > [22memail control is valid with a valid email
[31m[1mError[22m: Component 'LoginComponent' is not resolved:
 - styleUrl: ./auth.css
Did you run and wait for 'resolveComponentResources()'?[39m
[90m [2mΓ¥»[22m LoginComponent.get ../darwin_arm64-fastbuild-ST-fdfa778d11ba
/bin/packages/core/src/render3/jit/directive.ts:[2m106:16[22m[39m
[90m [2mΓ¥»[22m ╔╡cmp ../darwin_arm64-fastbuild-ST-fdfa778d11ba/bin/packages
/core/testing/src/test_bed_compiler.ts:[2m1116:24[22m[39m
[90m [2mΓ¥»[22m getComponentDef ../darwin_arm64-fastbuild-ST-fdfa778d11ba/bi
n/packages/core/testing/src/test_bed_compiler.ts:[2m1109:14[22m[39m
[90m [2mΓ¥»[22m isStandaloneComponent ../darwin_arm64-fastbuild-ST-fdfa778d1
1ba/bin/packages/core/testing/src/test_bed_compiler.ts:[2m784:19[22m[39m
[90m [2mΓ¥»[22m queueTypesFromModulesArrayRecur ../darwin_arm64-fastbuild-ST
-fdfa778d11ba/bin/packages/core/testing/src/test_bed_compiler.ts:[2m808:4[22m
[39m
[90m [2mΓ¥»[22m queueTypesFromModulesArray ../darwin_arm64-fastbuild-ST-fdfa
778d11ba/bin/packages/core/testing/src/test_bed_compiler.ts:[2m226:11[22m[39
m
[90m [2mΓ¥»[22m configureTestingModule ../darwin_arm64-fastbuild-ST-fdfa778d
11ba/bin/packages/core/testing/src/test_bed.ts:[2m584:18[22m[39m
[90m [2mΓ¥»[22m configureTestingModule ../darwin_arm64-fastbuild-ST-fdfa778d
11ba/bin/packages/core/testing/src/test_bed.ts:[2m319:32[22m[39m
[36m [2mΓ¥»[22m setup 
src/app/features/auth/login.component.spec.ts:[2m22:13[22m[39m
    [90m 20|[39m     }[33m;[39m
    [90m 21|[39m
    [90m 22|[39m     
[33mTestBed[39m[33m.[39m[34mconfigureTestingModule[39m({
    [90m   |[39m             [31m^[39m
    [90m 23|[39m       imports[33m:[39m 
[[33mLoginComponent[39m][33m,[39m
    [90m 24|[39m       providers[33m:[39m [
[90m [2mΓ¥»[22m 
src/app/features/auth/login.component.spec.ts:[2m61:25[22m[39m

[31m[2mΓÄ»ΓÄ»ΓÄ»ΓÄ»ΓÄ»ΓÄ»ΓÄ»ΓÄ»ΓÄ»ΓÄ»ΓÄ»ΓÄ»ΓÄ»ΓÄ»ΓÄ»ΓÄ»ΓÄ»ΓÄ»ΓÄ»ΓÄ»ΓÄ»ΓÄ»[5/1
40]ΓÄ»[22m[39m

[41m[1m FAIL [22m[49m src/app/features/auth/login.component.spec.ts[2m > 
[22mLoginComponent[2m > [22msubmit() marks form touched when invalid
[31m[1mError[22m: Component 'LoginComponent' is not resolved:
 - styleUrl: ./auth.css
Did you run and wait for 'resolveComponentResources()'?[39m
[90m [2mΓ¥»[22m LoginComponent.get ../darwin_arm64-fastbuild-ST-fdfa778d11ba
/bin/packages/core/src/render3/jit/directive.ts:[2m106:16[22m[39m
[90m [2mΓ¥»[22m ╔╡cmp ../darwin_arm64-fastbuild-ST-fdfa778d11ba/bin/packages
/core/testing/src/test_bed_compiler.ts:[2m1116:24[22m[39m
[90m [2mΓ¥»[22m getComponentDef ../darwin_arm64-fastbuild-ST-fdfa778d11ba/bi
n/packages/core/testing/src/test_bed_compiler.ts:[2m1109:14[22m[39m
[90m [2mΓ¥»[22m isStandaloneComponent ../darwin_arm64-fastbuild-ST-fdfa778d1
1ba/bin/packages/core/testing/src/test_bed_compiler.ts:[2m784:19[22m[39m
[90m [2mΓ¥»[22m queueTypesFromModulesArrayRecur ../darwin_arm64-fastbuild-ST
-fdfa778d11ba/bin/packages/core/testing/src/test_bed_compiler.ts:[2m808:4[22m
[39m
[90m [2mΓ¥»[22m queueTypesFromModulesArray ../darwin_arm64-fastbuild-ST-fdfa
778d11ba/bin/packages/core/testing/src/test_bed_compiler.ts:[2m226:11[22m[39
m
[90m [2mΓ¥»[22m configureTestingModule ../darwin_arm64-fastbuild-ST-fdfa778d
11ba/bin/packages/core/testing/src/test_bed.ts:[2m584:18[22m[39m
[90m [2mΓ¥»[22m configureTestingModule ../darwin_arm64-fastbuild-ST-fdfa778d
11ba/bin/packages/core/testing/src/test_bed.ts:[2m319:32[22m[39m
[36m [2mΓ¥»[22m setup 
src/app/features/auth/login.component.spec.ts:[2m22:13[22m[39m
    [90m 20|[39m     }[33m;[39m
    [90m 21|[39m
    [90m 22|[39m     
[33mTestBed[39m[33m.[39m[34mconfigureTestingModule[39m({
    [90m   |[39m             [31m^[39m
    [90m 23|[39m       imports[33m:[39m 
[[33mLoginComponent[39m][33m,[39m
    [90m 24|[39m       providers[33m:[39m [
[90m [2mΓ¥»[22m 
src/app/features/auth/login.component.spec.ts:[2m68:25[22m[39m

[31m[2mΓÄ»ΓÄ»ΓÄ»ΓÄ»ΓÄ»ΓÄ»ΓÄ»ΓÄ»ΓÄ»ΓÄ»ΓÄ»ΓÄ»ΓÄ»ΓÄ»ΓÄ»ΓÄ»ΓÄ»ΓÄ»ΓÄ»ΓÄ»ΓÄ»ΓÄ»[6/1
40]ΓÄ»[22m[39m

[41m[1m FAIL [22m[49m src/app/features/auth/login.component.spec.ts[2m > 
[22mLoginComponent[2m > [22msubmit() does not call auth.signIn when form is 
invalid
[31m[1mError[22m: Component 'LoginComponent' is not resolved:
 - styleUrl: ./auth.css
Did you run and wait for 'resolveComponentResources()'?[39m
[90m [2mΓ¥»[22m LoginComponent.get ../darwin_arm64-fastbuild-ST-fdfa778d11ba
/bin/packages/core/src/render3/jit/directive.ts:[2m106:16[22m[39m
[90m [2mΓ¥»[22m ╔╡cmp ../darwin_arm64-fastbuild-ST-fdfa778d11ba/bin/packages
/core/testing/src/test_bed_compiler.ts:[2m1116:24[22m[39m
[90m [2mΓ¥»[22m getComponentDef ../darwin_arm64-fastbuild-ST-fdfa778d11ba/bi
n/packages/core/testing/src/test_bed_compiler.ts:[2m1109:14[22m[39m
[90m [2mΓ¥»[22m isStandaloneComponent ../darwin_arm64-fastbuild-ST-fdfa778d1
1ba/bin/packages/core/testing/src/test_bed_compiler.ts:[2m784:19[22m[39m
[90m [2mΓ¥»[22m queueTypesFromModulesArrayRecur ../darwin_arm64-fastbuild-ST
-fdfa778d11ba/bin/packages/core/testing/src/test_bed_compiler.ts:[2m808:4[22m
[39m
[90m [2mΓ¥»[22m queueTypesFromModulesArray ../darwin_arm64-fastbuild-ST-fdfa
778d11ba/bin/packages/core/testing/src/test_bed_compiler.ts:[2m226:11[22m[39
m
[90m [2mΓ¥»[22m configureTestingModule ../darwin_arm64-fastbuild-ST-fdfa778d
11ba/bin/packages/core/testing/src/test_bed.ts:[2m584:18[22m[39m
[90m [2mΓ¥»[22m configureTestingModule ../darwin_arm64-fastbuild-ST-fdfa778d
11ba/bin/packages/core/testing/src/test_bed.ts:[2m319:32[22m[39m
[36m [2mΓ¥»[22m setup 
src/app/features/auth/login.component.spec.ts:[2m22:13[22m[39m
    [90m 20|[39m     }[33m;[39m
    [90m 21|[39m
    [90m 22|[39m     
[33mTestBed[39m[33m.[39m[34mconfigureTestingModule[39m({
    [90m   |[39m             [31m^[39m
    [90m 23|[39m       imports[33m:[39m 
[[33mLoginComponent[39m][33m,[39m
    [90m 24|[39m       providers[33m:[39m [
[90m [2mΓ¥»[22m 
src/app/features/auth/login.component.spec.ts:[2m75:25[22m[39m

[31m[2mΓÄ»ΓÄ»ΓÄ»ΓÄ»ΓÄ»ΓÄ»ΓÄ»ΓÄ»ΓÄ»ΓÄ»ΓÄ»ΓÄ»ΓÄ»ΓÄ»ΓÄ»ΓÄ»ΓÄ»ΓÄ»ΓÄ»ΓÄ»ΓÄ»ΓÄ»[7/1
40]ΓÄ»[22m[39m

[41m[1m FAIL [22m[49m src/app/features/auth/login.component.spec.ts[2m > 
[22mLoginComponent[2m > [22msubmit() calls auth.signIn with correct 
credentials
[31m[1mError[22m: Component 'LoginComponent' is not resolved:
 - styleUrl: ./auth.css
Did you run and wait for 'resolveComponentResources()'?[39m
[90m [2mΓ¥»[22m LoginComponent.get ../darwin_arm64-fastbuild-ST-fdfa778d11ba
/bin/packages/core/src/render3/jit/directive.ts:[2m106:16[22m[39m
[90m [2mΓ¥»[22m ╔╡cmp ../darwin_arm64-fastbuild-ST-fdfa778d11ba/bin/packages
/core/testing/src/test_bed_compiler.ts:[2m1116:24[22m[39m
[90m [2mΓ¥»[22m getComponentDef ../darwin_arm64-fastbuild-ST-fdfa778d11ba/bi
n/packages/core/testing/src/test_bed_compiler.ts:[2m1109:14[22m[39m
[90m [2mΓ¥»[22m isStandaloneComponent ../darwin_arm64-fastbuild-ST-fdfa778d1
1ba/bin/packages/core/testing/src/test_bed_compiler.ts:[2m784:19[22m[39m
[90m [2mΓ¥»[22m queueTypesFromModulesArrayRecur ../darwin_arm64-fastbuild-ST
-fdfa778d11ba/bin/packages/core/testing/src/test_bed_compiler.ts:[2m808:4[22m
[39m
[90m [2mΓ¥»[22m queueTypesFromModulesArray ../darwin_arm64-fastbuild-ST-fdfa
778d11ba/bin/packages/core/testing/src/test_bed_compiler.ts:[2m226:11[22m[39
m
[90m [2mΓ¥»[22m configureTestingModule ../darwin_arm64-fastbuild-ST-fdfa778d
11ba/bin/packages/core/testing/src/test_bed.ts:[2m584:18[22m[39m
[90m [2mΓ¥»[22m configureTestingModule ../darwin_arm64-fastbuild-ST-fdfa778d
11ba/bin/packages/core/testing/src/test_bed.ts:[2m319:32[22m[39m
[36m [2mΓ¥»[22m setup 
src/app/features/auth/login.component.spec.ts:[2m22:13[22m[39m
    [90m 20|[39m     }[33m;[39m
    [90m 21|[39m
    [90m 22|[39m     
[33mTestBed[39m[33m.[39m[34mconfigureTestingModule[39m({
    [90m   |[39m             [31m^[39m
    [90m 23|[39m       imports[33m:[39m 
[[33mLoginComponent[39m][33m,[39m
    [90m 24|[39m       providers[33m:[39m [
[90m [2mΓ¥»[22m 
src/app/features/auth/login.component.spec.ts:[2m81:25[22m[39m

[31m[2mΓÄ»ΓÄ»ΓÄ»ΓÄ»ΓÄ»ΓÄ»ΓÄ»ΓÄ»ΓÄ»ΓÄ»ΓÄ»ΓÄ»ΓÄ»ΓÄ»ΓÄ»ΓÄ»ΓÄ»ΓÄ»ΓÄ»ΓÄ»ΓÄ»ΓÄ»[8/1
40]ΓÄ»[22m[39m

[41m[1m FAIL [22m[49m src/app/features/auth/login.component.spec.ts[2m > 
[22mLoginComponent[2m > [22msubmit() navigates to /library on success
[31m[1mError[22m: Component 'LoginComponent' is not resolved:
 - styleUrl: ./auth.css
Did you run and wait for 'resolveComponentResources()'?[39m
[90m [2mΓ¥»[22m LoginComponent.get ../darwin_arm64-fastbuild-ST-fdfa778d11ba
/bin/packages/core/src/render3/jit/directive.ts:[2m106:16[22m[39m
[90m [2mΓ¥»[22m ╔╡cmp ../darwin_arm64-fastbuild-ST-fdfa778d11ba/bin/packages
/core/testing/src/test_bed_compiler.ts:[2m1116:24[22m[39m
[90m [2mΓ¥»[22m getComponentDef ../darwin_arm64-fastbuild-ST-fdfa778d11ba/bi
n/packages/core/testing/src/test_bed_compiler.ts:[2m1109:14[22m[39m
[90m [2mΓ¥»[22m isStandaloneComponent ../darwin_arm64-fastbuild-ST-fdfa778d1
1ba/bin/packages/core/testing/src/test_bed_compiler.ts:[2m784:19[22m[39m
[90m [2mΓ¥»[22m queueTypesFromModulesArrayRecur ../darwin_arm64-fastbuild-ST
-fdfa778d11ba/bin/packages/core/testing/src/test_bed_compiler.ts:[2m808:4[22m
[39m
[90m [2mΓ¥»[22m queueTypesFromModulesArray ../darwin_arm64-fastbuild-ST-fdfa
778d11ba/bin/packages/core/testing/src/test_bed_compiler.ts:[2m226:11[22m[39
m
[90m [2mΓ¥»[22m configureTestingModule ../darwin_arm64-fastbuild-ST-fdfa778d
11ba/bin/packages/core/testing/src/test_bed.ts:[2m584:18[22m[39m
[90m [2mΓ¥»[22m configureTestingModule ../darwin_arm64-fastbuild-ST-fdfa778d
11ba/bin/packages/core/testing/src/test_bed.ts:[2m319:32[22m[39m
[36m [2mΓ¥»[22m setup 
src/app/features/auth/login.component.spec.ts:[2m22:13[22m[39m
    [90m 20|[39m     }[33m;[39m
    [90m 21|[39m
    [90m 22|[39m     
[33mTestBed[39m[33m.[39m[34mconfigureTestingModule[39m({
    [90m   |[39m             [31m^[39m
    [90m 23|[39m       imports[33m:[39m 
[[33mLoginComponent[39m][33m,[39m
    [90m 24|[39m       providers[33m:[39m [
[90m [2mΓ¥»[22m 
src/app/features/auth/login.component.spec.ts:[2m89:33[22m[39m

[31m[2mΓÄ»ΓÄ»ΓÄ»ΓÄ»ΓÄ»ΓÄ»ΓÄ»ΓÄ»ΓÄ»ΓÄ»ΓÄ»ΓÄ»ΓÄ»ΓÄ»ΓÄ»ΓÄ»ΓÄ»ΓÄ»ΓÄ»ΓÄ»ΓÄ»ΓÄ»[9/1
40]ΓÄ»[22m[39m

[41m[1m FAIL [22m[49m src/app/features/auth/login.component.spec.ts[2m > 
[22mLoginComponent[2m > [22msubmit() sets error message on auth failure
[31m[1mError[22m: Component 'LoginComponent' is not resolved:
 - styleUrl: ./auth.css
Did you run and wait for 'resolveComponentResources()'?[39m
[90m [2mΓ¥»[22m LoginComponent.get ../darwin_arm64-fastbuild-ST-fdfa778d11ba
/bin/packages/core/src/render3/jit/directive.ts:[2m106:16[22m[39m
[90m [2mΓ¥»[22m ╔╡cmp ../darwin_arm64-fastbuild-ST-fdfa778d11ba/bin/packages
/core/testing/src/test_bed_compiler.ts:[2m1116:24[22m[39m
[90m [2mΓ¥»[22m getComponentDef ../darwin_arm64-fastbuild-ST-fdfa778d11ba/bi
n/packages/core/testing/src/test_bed_compiler.ts:[2m1109:14[22m[39m
[90m [2mΓ¥»[22m isStandaloneComponent ../darwin_arm64-fastbuild-ST-fdfa778d1
1ba/bin/packages/core/testing/src/test_bed_compiler.ts:[2m784:19[22m[39m
[90m [2mΓ¥»[22m queueTypesFromModulesArrayRecur ../darwin_arm64-fastbuild-ST
-fdfa778d11ba/bin/packages/core/testing/src/test_bed_compiler.ts:[2m808:4[22m
[39m
[90m [2mΓ¥»[22m queueTypesFromModulesArray ../darwin_arm64-fastbuild-ST-fdfa
778d11ba/bin/packages/core/testing/src/test_bed_compiler.ts:[2m226:11[22m[39
m
[90m [2mΓ¥»[22m configureTestingModule ../darwin_arm64-fastbuild-ST-fdfa778d
11ba/bin/packages/core/testing/src/test_bed.ts:[2m584:18[22m[39m
[90m [2mΓ¥»[22m configureTestingModule ../darwin_arm64-fastbuild-ST-fdfa778d
11ba/bin/packages/core/testing/src/test_bed.ts:[2m319:32[22m[39m
[36m [2mΓ¥»[22m setup 
src/app/features/auth/login.component.spec.ts:[2m22:13[22m[39m
    [90m 20|[39m     }[33m;[39m
    [90m 21|[39m
    [90m 22|[39m     
[33mTestBed[39m[33m.[39m[34mconfigureTestingModule[39m({
    [90m   |[39m             [31m^[39m
    [90m 23|[39m       imports[33m:[39m 
[[33mLoginComponent[39m][33m,[39m
    [90m 24|[39m       providers[33m:[39m [
[90m [2mΓ¥»[22m 
src/app/features/auth/login.component.spec.ts:[2m97:25[22m[39m

[31m[2mΓÄ»ΓÄ»ΓÄ»ΓÄ»ΓÄ»ΓÄ»ΓÄ»ΓÄ»ΓÄ»ΓÄ»ΓÄ»ΓÄ»ΓÄ»ΓÄ»ΓÄ»ΓÄ»ΓÄ»ΓÄ»ΓÄ»ΓÄ»ΓÄ»[10/140
]ΓÄ»[22m[39m

[41m[1m FAIL [22m[49m src/app/features/auth/login.component.spec.ts[2m > 
[22mLoginComponent[2m > [22menterGuest() calls auth.enterGuestMode
[31m[1mError[22m: Component 'LoginComponent' is not resolved:
 - styleUrl: ./auth.css
Did you run and wait for 'resolveComponentResources()'?[39m
[90m [2mΓ¥»[22m LoginComponent.get ../darwin_arm64-fastbuild-ST-fdfa778d11ba
/bin/packages/core/src/render3/jit/directive.ts:[2m106:16[22m[39m
[90m [2mΓ¥»[22m ╔╡cmp ../darwin_arm64-fastbuild-ST-fdfa778d11ba/bin/packages
/core/testing/src/test_bed_compiler.ts:[2m1116:24[22m[39m
[90m [2mΓ¥»[22m getComponentDef ../darwin_arm64-fastbuild-ST-fdfa778d11ba/bi
n/packages/core/testing/src/test_bed_compiler.ts:[2m1109:14[22m[39m
[90m [2mΓ¥»[22m isStandaloneComponent ../darwin_arm64-fastbuild-ST-fdfa778d1
1ba/bin/packages/core/testing/src/test_bed_compiler.ts:[2m784:19[22m[39m
[90m [2mΓ¥»[22m queueTypesFromModulesArrayRecur ../darwin_arm64-fastbuild-ST
-fdfa778d11ba/bin/packages/core/testing/src/test_bed_compiler.ts:[2m808:4[22m
[39m
[90m [2mΓ¥»[22m queueTypesFromModulesArray ../darwin_arm64-fastbuild-ST-fdfa
778d11ba/bin/packages/core/testing/src/test_bed_compiler.ts:[2m226:11[22m[39
m
[90m [2mΓ¥»[22m configureTestingModule ../darwin_arm64-fastbuild-ST-fdfa778d
11ba/bin/packages/core/testing/src/test_bed.ts:[2m584:18[22m[39m
[90m [2mΓ¥»[22m configureTestingModule ../darwin_arm64-fastbuild-ST-fdfa778d
11ba/bin/packages/core/testing/src/test_bed.ts:[2m319:32[22m[39m
[36m [2mΓ¥»[22m setup 
src/app/features/auth/login.component.spec.ts:[2m22:13[22m[39m
    [90m 20|[39m     }[33m;[39m
    [90m 21|[39m
    [90m 22|[39m     
[33mTestBed[39m[33m.[39m[34mconfigureTestingModule[39m({
    [90m   |[39m             [31m^[39m
    [90m 23|[39m       imports[33m:[39m 
[[33mLoginComponent[39m][33m,[39m
    [90m 24|[39m       providers[33m:[39m [
[90m [2mΓ¥»[22m 
src/app/features/auth/login.component.spec.ts:[2m106:25[22m[39m

[31m[2mΓÄ»ΓÄ»ΓÄ»ΓÄ»ΓÄ»ΓÄ»ΓÄ»ΓÄ»ΓÄ»ΓÄ»ΓÄ»ΓÄ»ΓÄ»ΓÄ»ΓÄ»ΓÄ»ΓÄ»ΓÄ»ΓÄ»ΓÄ»ΓÄ»[11/140
]ΓÄ»[22m[39m

[41m[1m FAIL [22m[49m src/app/features/auth/login.component.spec.ts[2m > 
[22mLoginComponent[2m > [22mshowPw toggle changes input type
[31m[1mError[22m: Component 'LoginComponent' is not resolved:
 - styleUrl: ./auth.css
Did you run and wait for 'resolveComponentResources()'?[39m
[90m [2mΓ¥»[22m LoginComponent.get ../darwin_arm64-fastbuild-ST-fdfa778d11ba
/bin/packages/core/src/render3/jit/directive.ts:[2m106:16[22m[39m
[90m [2mΓ¥»[22m ╔╡cmp ../darwin_arm64-fastbuild-ST-fdfa778d11ba/bin/packages
/core/testing/src/test_bed_compiler.ts:[2m1116:24[22m[39m
[90m [2mΓ¥»[22m getComponentDef ../darwin_arm64-fastbuild-ST-fdfa778d11ba/bi
n/packages/core/testing/src/test_bed_compiler.ts:[2m1109:14[22m[39m
[90m [2mΓ¥»[22m isStandaloneComponent ../darwin_arm64-fastbuild-ST-fdfa778d1
1ba/bin/packages/core/testing/src/test_bed_compiler.ts:[2m784:19[22m[39m
[90m [2mΓ¥»[22m queueTypesFromModulesArrayRecur ../darwin_arm64-fastbuild-ST
-fdfa778d11ba/bin/packages/core/testing/src/test_bed_compiler.ts:[2m808:4[22m
[39m
[90m [2mΓ¥»[22m queueTypesFromModulesArray ../darwin_arm64-fastbuild-ST-fdfa
778d11ba/bin/packages/core/testing/src/test_bed_compiler.ts:[2m226:11[22m[39
m
[90m [2mΓ¥»[22m configureTestingModule ../darwin_arm64-fastbuild-ST-fdfa778d
11ba/bin/packages/core/testing/src/test_bed.ts:[2m584:18[22m[39m
[90m [2mΓ¥»[22m configureTestingModule ../darwin_arm64-fastbuild-ST-fdfa778d
11ba/bin/packages/core/testing/src/test_bed.ts:[2m319:32[22m[39m
[36m [2mΓ¥»[22m setup 
src/app/features/auth/login.component.spec.ts:[2m22:13[22m[39m
    [90m 20|[39m     }[33m;[39m
    [90m 21|[39m
    [90m 22|[39m     
[33mTestBed[39m[33m.[39m[34mconfigureTestingModule[39m({
    [90m   |[39m             [31m^[39m
    [90m 23|[39m       imports[33m:[39m 
[[33mLoginComponent[39m][33m,[39m
    [90m 24|[39m       providers[33m:[39m [
[90m [2mΓ¥»[22m 
src/app/features/auth/login.component.spec.ts:[2m112:25[22m[39m

[31m[2mΓÄ»ΓÄ»ΓÄ»ΓÄ»ΓÄ»ΓÄ»ΓÄ»ΓÄ»ΓÄ»ΓÄ»ΓÄ»ΓÄ»ΓÄ»ΓÄ»ΓÄ»ΓÄ»ΓÄ»ΓÄ»ΓÄ»ΓÄ»ΓÄ»[12/140
]ΓÄ»[22m[39m

[41m[1m FAIL [22m[49m src/app/features/auth/login.component.spec.ts[2m > 
[22mLoginComponent[2m > [22mshows "Welcome back" heading
[31m[1mError[22m: Component 'LoginComponent' is not resolved:
 - styleUrl: ./auth.css
Did you run and wait for 'resolveComponentResources()'?[39m
[90m [2mΓ¥»[22m LoginComponent.get ../darwin_arm64-fastbuild-ST-fdfa778d11ba
/bin/packages/core/src/render3/jit/directive.ts:[2m106:16[22m[39m
[90m [2mΓ¥»[22m ╔╡cmp ../darwin_arm64-fastbuild-ST-fdfa778d11ba/bin/packages
/core/testing/src/test_bed_compiler.ts:[2m1116:24[22m[39m
[90m [2mΓ¥»[22m getComponentDef ../darwin_arm64-fastbuild-ST-fdfa778d11ba/bi
n/packages/core/testing/src/test_bed_compiler.ts:[2m1109:14[22m[39m
[90m [2mΓ¥»[22m isStandaloneComponent ../darwin_arm64-fastbuild-ST-fdfa778d1
1ba/bin/packages/core/testing/src/test_bed_compiler.ts:[2m784:19[22m[39m
[90m [2mΓ¥»[22m queueTypesFromModulesArrayRecur ../darwin_arm64-fastbuild-ST
-fdfa778d11ba/bin/packages/core/testing/src/test_bed_compiler.ts:[2m808:4[22m
[39m
[90m [2mΓ¥»[22m queueTypesFromModulesArray ../darwin_arm64-fastbuild-ST-fdfa
778d11ba/bin/packages/core/testing/src/test_bed_compiler.ts:[2m226:11[22m[39
m
[90m [2mΓ¥»[22m configureTestingModule ../darwin_arm64-fastbuild-ST-fdfa778d
11ba/bin/packages/core/testing/src/test_bed.ts:[2m584:18[22m[39m
[90m [2mΓ¥»[22m configureTestingModule ../darwin_arm64-fastbuild-ST-fdfa778d
11ba/bin/packages/core/testing/src/test_bed.ts:[2m319:32[22m[39m
[36m [2mΓ¥»[22m setup 
src/app/features/auth/login.component.spec.ts:[2m22:13[22m[39m
    [90m 20|[39m     }[33m;[39m
    [90m 21|[39m
    [90m 22|[39m     
[33mTestBed[39m[33m.[39m[34mconfigureTestingModule[39m({
    [90m   |[39m             [31m^[39m
    [90m 23|[39m       imports[33m:[39m 
[[33mLoginComponent[39m][33m,[39m
    [90m 24|[39m       providers[33m:[39m [
[90m [2mΓ¥»[22m 
src/app/features/auth/login.component.spec.ts:[2m122:25[22m[39m

[31m[2mΓÄ»ΓÄ»ΓÄ»ΓÄ»ΓÄ»ΓÄ»ΓÄ»ΓÄ»ΓÄ»ΓÄ»ΓÄ»ΓÄ»ΓÄ»ΓÄ»ΓÄ»ΓÄ»ΓÄ»ΓÄ»ΓÄ»ΓÄ»ΓÄ»[13/140
]ΓÄ»[22m[39m

[41m[1m FAIL [22m[49m src/app/features/auth/login.component.spec.ts[2m > 
[22mLoginComponent[2m > [22mrenders "Explore as guest" button
[31m[1mError[22m: Component 'LoginComponent' is not resolved:
 - styleUrl: ./auth.css
Did you run and wait for 'resolveComponentResources()'?[39m
[90m [2mΓ¥»[22m LoginComponent.get ../darwin_arm64-fastbuild-ST-fdfa778d11ba
/bin/packages/core/src/render3/jit/directive.ts:[2m106:16[22m[39m
[90m [2mΓ¥»[22m ╔╡cmp ../darwin_arm64-fastbuild-ST-fdfa778d11ba/bin/packages
/core/testing/src/test_bed_compiler.ts:[2m1116:24[22m[39m
[90m [2mΓ¥»[22m getComponentDef ../darwin_arm64-fastbuild-ST-fdfa778d11ba/bi
n/packages/core/testing/src/test_bed_compiler.ts:[2m1109:14[22m[39m
[90m [2mΓ¥»[22m isStandaloneComponent ../darwin_arm64-fastbuild-ST-fdfa778d1
1ba/bin/packages/core/testing/src/test_bed_compiler.ts:[2m784:19[22m[39m
[90m [2mΓ¥»[22m queueTypesFromModulesArrayRecur ../darwin_arm64-fastbuild-ST
-fdfa778d11ba/bin/packages/core/testing/src/test_bed_compiler.ts:[2m808:4[22m
[39m
[90m [2mΓ¥»[22m queueTypesFromModulesArray ../darwin_arm64-fastbuild-ST-fdfa
778d11ba/bin/packages/core/testing/src/test_bed_compiler.ts:[2m226:11[22m[39
m
[90m [2mΓ¥»[22m configureTestingModule ../darwin_arm64-fastbuild-ST-fdfa778d
11ba/bin/packages/core/testing/src/test_bed.ts:[2m584:18[22m[39m
[90m [2mΓ¥»[22m configureTestingModule ../darwin_arm64-fastbuild-ST-fdfa778d
11ba/bin/packages/core/testing/src/test_bed.ts:[2m319:32[22m[39m
[36m [2mΓ¥»[22m setup 
src/app/features/auth/login.component.spec.ts:[2m22:13[22m[39m
    [90m 20|[39m     }[33m;[39m
    [90m 21|[39m
    [90m 22|[39m     
[33mTestBed[39m[33m.[39m[34mconfigureTestingModule[39m({
    [90m   |[39m             [31m^[39m
    [90m 23|[39m       imports[33m:[39m 
[[33mLoginComponent[39m][33m,[39m
    [90m 24|[39m       providers[33m:[39m [
[90m [2mΓ¥»[22m 
src/app/features/auth/login.component.spec.ts:[2m127:25[22m[39m

[31m[2mΓÄ»ΓÄ»ΓÄ»ΓÄ»ΓÄ»ΓÄ»ΓÄ»ΓÄ»ΓÄ»ΓÄ»ΓÄ»ΓÄ»ΓÄ»ΓÄ»ΓÄ»ΓÄ»ΓÄ»ΓÄ»ΓÄ»ΓÄ»ΓÄ»[14/140
]ΓÄ»[22m[39m

[41m[1m FAIL [22m[49m 
src/app/features/auth/reset-password.component.spec.ts[2m > 
[22mResetPasswordComponent[2m > [22mcreates successfully
[31m[1mError[22m: Component 'ResetPasswordComponent' is not resolved:
 - styleUrl: ./auth.css
Did you run and wait for 'resolveComponentResources()'?[39m
[90m [2mΓ¥»[22m ResetPasswordComponent.get ../darwin_arm64-fastbuild-ST-fdfa
778d11ba/bin/packages/core/src/render3/jit/directive.ts:[2m106:16[22m[39m
[90m [2mΓ¥»[22m ╔╡cmp ../darwin_arm64-fastbuild-ST-fdfa778d11ba/bin/packages
/core/testing/src/test_bed_compiler.ts:[2m1116:24[22m[39m
[90m [2mΓ¥»[22m getComponentDef ../darwin_arm64-fastbuild-ST-fdfa778d11ba/bi
n/packages/core/testing/src/test_bed_compiler.ts:[2m1109:14[22m[39m
[90m [2mΓ¥»[22m isStandaloneComponent ../darwin_arm64-fastbuild-ST-fdfa778d1
1ba/bin/packages/core/testing/src/test_bed_compiler.ts:[2m784:19[22m[39m
[90m [2mΓ¥»[22m queueTypesFromModulesArrayRecur ../darwin_arm64-fastbuild-ST
-fdfa778d11ba/bin/packages/core/testing/src/test_bed_compiler.ts:[2m808:4[22m
[39m
[90m [2mΓ¥»[22m queueTypesFromModulesArray ../darwin_arm64-fastbuild-ST-fdfa
778d11ba/bin/packages/core/testing/src/test_bed_compiler.ts:[2m226:11[22m[39
m
[90m [2mΓ¥»[22m configureTestingModule ../darwin_arm64-fastbuild-ST-fdfa778d
11ba/bin/packages/core/testing/src/test_bed.ts:[2m584:18[22m[39m
[90m [2mΓ¥»[22m configureTestingModule ../darwin_arm64-fastbuild-ST-fdfa778d
11ba/bin/packages/core/testing/src/test_bed.ts:[2m319:32[22m[39m
[36m [2mΓ¥»[22m setup 
src/app/features/auth/reset-password.component.spec.ts:[2m16:13[22m[39m
    [90m 14|[39m     mockAuth = { resetPassword: 
vi.fn().mockReturnValue(of(undefined))ΓÇª
    [90m 15|[39m
    [90m 16|[39m     
[33mTestBed[39m[33m.[39m[34mconfigureTestingModule[39m({
    [90m   |[39m             [31m^[39m
    [90m 17|[39m       imports[33m:[39m 
[[33mResetPasswordComponent[39m][33m,[39m
    [90m 18|[39m       providers[33m:[39m [
[90m [2mΓ¥»[22m 
src/app/features/auth/reset-password.component.spec.ts:[2m30:12[22m[39m

[31m[2mΓÄ»ΓÄ»ΓÄ»ΓÄ»ΓÄ»ΓÄ»ΓÄ»ΓÄ»ΓÄ»ΓÄ»ΓÄ»ΓÄ»ΓÄ»ΓÄ»ΓÄ»ΓÄ»ΓÄ»ΓÄ»ΓÄ»ΓÄ»ΓÄ»[15/140
]ΓÄ»[22m[39m

[41m[1m FAIL [22m[49m 
src/app/features/auth/reset-password.component.spec.ts[2m > 
[22mResetPasswordComponent[2m > [22mform has an email control
[31m[1mError[22m: Component 'ResetPasswordComponent' is not resolved:
 - styleUrl: ./auth.css
Did you run and wait for 'resolveComponentResources()'?[39m
[90m [2mΓ¥»[22m ResetPasswordComponent.get ../darwin_arm64-fastbuild-ST-fdfa
778d11ba/bin/packages/core/src/render3/jit/directive.ts:[2m106:16[22m[39m
[90m [2mΓ¥»[22m ╔╡cmp ../darwin_arm64-fastbuild-ST-fdfa778d11ba/bin/packages
/core/testing/src/test_bed_compiler.ts:[2m1116:24[22m[39m
[90m [2mΓ¥»[22m getComponentDef ../darwin_arm64-fastbuild-ST-fdfa778d11ba/bi
n/packages/core/testing/src/test_bed_compiler.ts:[2m1109:14[22m[39m
[90m [2mΓ¥»[22m isStandaloneComponent ../darwin_arm64-fastbuild-ST-fdfa778d1
1ba/bin/packages/core/testing/src/test_bed_compiler.ts:[2m784:19[22m[39m
[90m [2mΓ¥»[22m queueTypesFromModulesArrayRecur ../darwin_arm64-fastbuild-ST
-fdfa778d11ba/bin/packages/core/testing/src/test_bed_compiler.ts:[2m808:4[22m
[39m
[90m [2mΓ¥»[22m queueTypesFromModulesArray ../darwin_arm64-fastbuild-ST-fdfa
778d11ba/bin/packages/core/testing/src/test_bed_compiler.ts:[2m226:11[22m[39
m
[90m [2mΓ¥»[22m configureTestingModule ../darwin_arm64-fastbuild-ST-fdfa778d
11ba/bin/packages/core/testing/src/test_bed.ts:[2m584:18[22m[39m
[90m [2mΓ¥»[22m configureTestingModule ../darwin_arm64-fastbuild-ST-fdfa778d
11ba/bin/packages/core/testing/src/test_bed.ts:[2m319:32[22m[39m
[36m [2mΓ¥»[22m setup 
src/app/features/auth/reset-password.component.spec.ts:[2m16:13[22m[39m
    [90m 14|[39m     mockAuth = { resetPassword: 
vi.fn().mockReturnValue(of(undefined))ΓÇª
    [90m 15|[39m
    [90m 16|[39m     
[33mTestBed[39m[33m.[39m[34mconfigureTestingModule[39m({
    [90m   |[39m             [31m^[39m
    [90m 17|[39m       imports[33m:[39m 
[[33mResetPasswordComponent[39m][33m,[39m
    [90m 18|[39m       providers[33m:[39m [
[90m [2mΓ¥»[22m 
src/app/features/auth/reset-password.component.spec.ts:[2m34:25[22m[39m

[31m[2mΓÄ»ΓÄ»ΓÄ»ΓÄ»ΓÄ»ΓÄ»ΓÄ»ΓÄ»ΓÄ»ΓÄ»ΓÄ»ΓÄ»ΓÄ»ΓÄ»ΓÄ»ΓÄ»ΓÄ»ΓÄ»ΓÄ»ΓÄ»ΓÄ»[16/140
]ΓÄ»[22m[39m

[41m[1m FAIL [22m[49m 
src/app/features/auth/reset-password.component.spec.ts[2m > 
[22mResetPasswordComponent[2m > [22mform is invalid when empty
[31m[1mError[22m: Component 'ResetPasswordComponent' is not resolved:
 - styleUrl: ./auth.css
Did you run and wait for 'resolveComponentResources()'?[39m
[90m [2mΓ¥»[22m ResetPasswordComponent.get ../darwin_arm64-fastbuild-ST-fdfa
778d11ba/bin/packages/core/src/render3/jit/directive.ts:[2m106:16[22m[39m
[90m [2mΓ¥»[22m ╔╡cmp ../darwin_arm64-fastbuild-ST-fdfa778d11ba/bin/packages
/core/testing/src/test_bed_compiler.ts:[2m1116:24[22m[39m
[90m [2mΓ¥»[22m getComponentDef ../darwin_arm64-fastbuild-ST-fdfa778d11ba/bi
n/packages/core/testing/src/test_bed_compiler.ts:[2m1109:14[22m[39m
[90m [2mΓ¥»[22m isStandaloneComponent ../darwin_arm64-fastbuild-ST-fdfa778d1
1ba/bin/packages/core/testing/src/test_bed_compiler.ts:[2m784:19[22m[39m
[90m [2mΓ¥»[22m queueTypesFromModulesArrayRecur ../darwin_arm64-fastbuild-ST
-fdfa778d11ba/bin/packages/core/testing/src/test_bed_compiler.ts:[2m808:4[22m
[39m
[90m [2mΓ¥»[22m queueTypesFromModulesArray ../darwin_arm64-fastbuild-ST-fdfa
778d11ba/bin/packages/core/testing/src/test_bed_compiler.ts:[2m226:11[22m[39
m
[90m [2mΓ¥»[22m configureTestingModule ../darwin_arm64-fastbuild-ST-fdfa778d
11ba/bin/packages/core/testing/src/test_bed.ts:[2m584:18[22m[39m
[90m [2mΓ¥»[22m configureTestingModule ../darwin_arm64-fastbuild-ST-fdfa778d
11ba/bin/packages/core/testing/src/test_bed.ts:[2m319:32[22m[39m
[36m [2mΓ¥»[22m setup 
src/app/features/auth/reset-password.component.spec.ts:[2m16:13[22m[39m
    [90m 14|[39m     mockAuth = { resetPassword: 
vi.fn().mockReturnValue(of(undefined))ΓÇª
    [90m 15|[39m
    [90m 16|[39m     
[33mTestBed[39m[33m.[39m[34mconfigureTestingModule[39m({
    [90m   |[39m             [31m^[39m
    [90m 17|[39m       imports[33m:[39m 
[[33mResetPasswordComponent[39m][33m,[39m
    [90m 18|[39m       providers[33m:[39m [
[90m [2mΓ¥»[22m 
src/app/features/auth/reset-password.component.spec.ts:[2m39:25[22m[39m

[31m[2mΓÄ»ΓÄ»ΓÄ»ΓÄ»ΓÄ»ΓÄ»ΓÄ»ΓÄ»ΓÄ»ΓÄ»ΓÄ»ΓÄ»ΓÄ»ΓÄ»ΓÄ»ΓÄ»ΓÄ»ΓÄ»ΓÄ»ΓÄ»ΓÄ»[17/140
]ΓÄ»[22m[39m

[41m[1m FAIL [22m[49m 
src/app/features/auth/reset-password.component.spec.ts[2m > 
[22mResetPasswordComponent[2m > [22memail control is invalid for a 
non-email value
[31m[1mError[22m: Component 'ResetPasswordComponent' is not resolved:
 - styleUrl: ./auth.css
Did you run and wait for 'resolveComponentResources()'?[39m
[90m [2mΓ¥»[22m ResetPasswordComponent.get ../darwin_arm64-fastbuild-ST-fdfa
778d11ba/bin/packages/core/src/render3/jit/directive.ts:[2m106:16[22m[39m
[90m [2mΓ¥»[22m ╔╡cmp ../darwin_arm64-fastbuild-ST-fdfa778d11ba/bin/packages
/core/testing/src/test_bed_compiler.ts:[2m1116:24[22m[39m
[90m [2mΓ¥»[22m getComponentDef ../darwin_arm64-fastbuild-ST-fdfa778d11ba/bi
n/packages/core/testing/src/test_bed_compiler.ts:[2m1109:14[22m[39m
[90m [2mΓ¥»[22m isStandaloneComponent ../darwin_arm64-fastbuild-ST-fdfa778d1
1ba/bin/packages/core/testing/src/test_bed_compiler.ts:[2m784:19[22m[39m
[90m [2mΓ¥»[22m queueTypesFromModulesArrayRecur ../darwin_arm64-fastbuild-ST
-fdfa778d11ba/bin/packages/core/testing/src/test_bed_compiler.ts:[2m808:4[22m
[39m
[90m [2mΓ¥»[22m queueTypesFromModulesArray ../darwin_arm64-fastbuild-ST-fdfa
778d11ba/bin/packages/core/testing/src/test_bed_compiler.ts:[2m226:11[22m[39
m
[90m [2mΓ¥»[22m configureTestingModule ../darwin_arm64-fastbuild-ST-fdfa778d
11ba/bin/packages/core/testing/src/test_bed.ts:[2m584:18[22m[39m
[90m [2mΓ¥»[22m configureTestingModule ../darwin_arm64-fastbuild-ST-fdfa778d
11ba/bin/packages/core/testing/src/test_bed.ts:[2m319:32[22m[39m
[36m [2mΓ¥»[22m setup 
src/app/features/auth/reset-password.component.spec.ts:[2m16:13[22m[39m
    [90m 14|[39m     mockAuth = { resetPassword: 
vi.fn().mockReturnValue(of(undefined))ΓÇª
    [90m 15|[39m
    [90m 16|[39m     
[33mTestBed[39m[33m.[39m[34mconfigureTestingModule[39m({
    [90m   |[39m             [31m^[39m
    [90m 17|[39m       imports[33m:[39m 
[[33mResetPasswordComponent[39m][33m,[39m
    [90m 18|[39m       providers[33m:[39m [
[90m [2mΓ¥»[22m 
src/app/features/auth/reset-password.component.spec.ts:[2m44:25[22m[39m

[31m[2mΓÄ»ΓÄ»ΓÄ»ΓÄ»ΓÄ»ΓÄ»ΓÄ»ΓÄ»ΓÄ»ΓÄ»ΓÄ»ΓÄ»ΓÄ»ΓÄ»ΓÄ»ΓÄ»ΓÄ»ΓÄ»ΓÄ»ΓÄ»ΓÄ»[18/140
]ΓÄ»[22m[39m

[41m[1m FAIL [22m[49m 
src/app/features/auth/reset-password.component.spec.ts[2m > 
[22mResetPasswordComponent[2m > [22memail control is valid for a proper 
email
[31m[1mError[22m: Component 'ResetPasswordComponent' is not resolved:
 - styleUrl: ./auth.css
Did you run and wait for 'resolveComponentResources()'?[39m
[90m [2mΓ¥»[22m ResetPasswordComponent.get ../darwin_arm64-fastbuild-ST-fdfa
778d11ba/bin/packages/core/src/render3/jit/directive.ts:[2m106:16[22m[39m
[90m [2mΓ¥»[22m ╔╡cmp ../darwin_arm64-fastbuild-ST-fdfa778d11ba/bin/packages
/core/testing/src/test_bed_compiler.ts:[2m1116:24[22m[39m
[90m [2mΓ¥»[22m getComponentDef ../darwin_arm64-fastbuild-ST-fdfa778d11ba/bi
n/packages/core/testing/src/test_bed_compiler.ts:[2m1109:14[22m[39m
[90m [2mΓ¥»[22m isStandaloneComponent ../darwin_arm64-fastbuild-ST-fdfa778d1
1ba/bin/packages/core/testing/src/test_bed_compiler.ts:[2m784:19[22m[39m
[90m [2mΓ¥»[22m queueTypesFromModulesArrayRecur ../darwin_arm64-fastbuild-ST
-fdfa778d11ba/bin/packages/core/testing/src/test_bed_compiler.ts:[2m808:4[22m
[39m
[90m [2mΓ¥»[22m queueTypesFromModulesArray ../darwin_arm64-fastbuild-ST-fdfa
778d11ba/bin/packages/core/testing/src/test_bed_compiler.ts:[2m226:11[22m[39
m
[90m [2mΓ¥»[22m configureTestingModule ../darwin_arm64-fastbuild-ST-fdfa778d
11ba/bin/packages/core/testing/src/test_bed.ts:[2m584:18[22m[39m
[90m [2mΓ¥»[22m configureTestingModule ../darwin_arm64-fastbuild-ST-fdfa778d
11ba/bin/packages/core/testing/src/test_bed.ts:[2m319:32[22m[39m
[36m [2mΓ¥»[22m setup 
src/app/features/auth/reset-password.component.spec.ts:[2m16:13[22m[39m
    [90m 14|[39m     mockAuth = { resetPassword: 
vi.fn().mockReturnValue(of(undefined))ΓÇª
    [90m 15|[39m
    [90m 16|[39m     
[33mTestBed[39m[33m.[39m[34mconfigureTestingModule[39m({
    [90m   |[39m             [31m^[39m
    [90m 17|[39m       imports[33m:[39m 
[[33mResetPasswordComponent[39m][33m,[39m
    [90m 18|[39m       providers[33m:[39m [
[90m [2mΓ¥»[22m 
src/app/features/auth/reset-password.component.spec.ts:[2m50:25[22m[39m

[31m[2mΓÄ»ΓÄ»ΓÄ»ΓÄ»ΓÄ»ΓÄ»ΓÄ»ΓÄ»ΓÄ»ΓÄ»ΓÄ»ΓÄ»ΓÄ»ΓÄ»ΓÄ»ΓÄ»ΓÄ»ΓÄ»ΓÄ»ΓÄ»ΓÄ»[19/140
]ΓÄ»[22m[39m

[41m[1m FAIL [22m[49m 
src/app/features/auth/reset-password.component.spec.ts[2m > 
[22mResetPasswordComponent[2m > [22msubmit() marks form touched when invalid
[31m[1mError[22m: Component 'ResetPasswordComponent' is not resolved:
 - styleUrl: ./auth.css
Did you run and wait for 'resolveComponentResources()'?[39m
[90m [2mΓ¥»[22m ResetPasswordComponent.get ../darwin_arm64-fastbuild-ST-fdfa
778d11ba/bin/packages/core/src/render3/jit/directive.ts:[2m106:16[22m[39m
[90m [2mΓ¥»[22m ╔╡cmp ../darwin_arm64-fastbuild-ST-fdfa778d11ba/bin/packages
/core/testing/src/test_bed_compiler.ts:[2m1116:24[22m[39m
[90m [2mΓ¥»[22m getComponentDef ../darwin_arm64-fastbuild-ST-fdfa778d11ba/bi
n/packages/core/testing/src/test_bed_compiler.ts:[2m1109:14[22m[39m
[90m [2mΓ¥»[22m isStandaloneComponent ../darwin_arm64-fastbuild-ST-fdfa778d1
1ba/bin/packages/core/testing/src/test_bed_compiler.ts:[2m784:19[22m[39m
[90m [2mΓ¥»[22m queueTypesFromModulesArrayRecur ../darwin_arm64-fastbuild-ST
-fdfa778d11ba/bin/packages/core/testing/src/test_bed_compiler.ts:[2m808:4[22m
[39m
[90m [2mΓ¥»[22m queueTypesFromModulesArray ../darwin_arm64-fastbuild-ST-fdfa
778d11ba/bin/packages/core/testing/src/test_bed_compiler.ts:[2m226:11[22m[39
m
[90m [2mΓ¥»[22m configureTestingModule ../darwin_arm64-fastbuild-ST-fdfa778d
11ba/bin/packages/core/testing/src/test_bed.ts:[2m584:18[22m[39m
[90m [2mΓ¥»[22m configureTestingModule ../darwin_arm64-fastbuild-ST-fdfa778d
11ba/bin/packages/core/testing/src/test_bed.ts:[2m319:32[22m[39m
[36m [2mΓ¥»[22m setup 
src/app/features/auth/reset-password.component.spec.ts:[2m16:13[22m[39m
    [90m 14|[39m     mockAuth = { resetPassword: 
vi.fn().mockReturnValue(of(undefined))ΓÇª
    [90m 15|[39m
    [90m 16|[39m     
[33mTestBed[39m[33m.[39m[34mconfigureTestingModule[39m({
    [90m   |[39m             [31m^[39m
    [90m 17|[39m       imports[33m:[39m 
[[33mResetPasswordComponent[39m][33m,[39m
    [90m 18|[39m       providers[33m:[39m [
[90m [2mΓ¥»[22m 
src/app/features/auth/reset-password.component.spec.ts:[2m56:25[22m[39m

[31m[2mΓÄ»ΓÄ»ΓÄ»ΓÄ»ΓÄ»ΓÄ»ΓÄ»ΓÄ»ΓÄ»ΓÄ»ΓÄ»ΓÄ»ΓÄ»ΓÄ»ΓÄ»ΓÄ»ΓÄ»ΓÄ»ΓÄ»ΓÄ»ΓÄ»[20/140
]ΓÄ»[22m[39m

[41m[1m FAIL [22m[49m 
src/app/features/auth/reset-password.component.spec.ts[2m > 
[22mResetPasswordComponent[2m > [22msubmit() does not call 
auth.resetPassword when form is invalid
[31m[1mError[22m: Component 'ResetPasswordComponent' is not resolved:
 - styleUrl: ./auth.css
Did you run and wait for 'resolveComponentResources()'?[39m
[90m [2mΓ¥»[22m ResetPasswordComponent.get ../darwin_arm64-fastbuild-ST-fdfa
778d11ba/bin/packages/core/src/render3/jit/directive.ts:[2m106:16[22m[39m
[90m [2mΓ¥»[22m ╔╡cmp ../darwin_arm64-fastbuild-ST-fdfa778d11ba/bin/packages
/core/testing/src/test_bed_compiler.ts:[2m1116:24[22m[39m
[90m [2mΓ¥»[22m getComponentDef ../darwin_arm64-fastbuild-ST-fdfa778d11ba/bi
n/packages/core/testing/src/test_bed_compiler.ts:[2m1109:14[22m[39m
[90m [2mΓ¥»[22m isStandaloneComponent ../darwin_arm64-fastbuild-ST-fdfa778d1
1ba/bin/packages/core/testing/src/test_bed_compiler.ts:[2m784:19[22m[39m
[90m [2mΓ¥»[22m queueTypesFromModulesArrayRecur ../darwin_arm64-fastbuild-ST
-fdfa778d11ba/bin/packages/core/testing/src/test_bed_compiler.ts:[2m808:4[22m
[39m
[90m [2mΓ¥»[22m queueTypesFromModulesArray ../darwin_arm64-fastbuild-ST-fdfa
778d11ba/bin/packages/core/testing/src/test_bed_compiler.ts:[2m226:11[22m[39
m
[90m [2mΓ¥»[22m configureTestingModule ../darwin_arm64-fastbuild-ST-fdfa778d
11ba/bin/packages/core/testing/src/test_bed.ts:[2m584:18[22m[39m
[90m [2mΓ¥»[22m configureTestingModule ../darwin_arm64-fastbuild-ST-fdfa778d
11ba/bin/packages/core/testing/src/test_bed.ts:[2m319:32[22m[39m
[36m [2mΓ¥»[22m setup 
src/app/features/auth/reset-password.component.spec.ts:[2m16:13[22m[39m
    [90m 14|[39m     mockAuth = { resetPassword: 
vi.fn().mockReturnValue(of(undefined))ΓÇª
    [90m 15|[39m
    [90m 16|[39m     
[33mTestBed[39m[33m.[39m[34mconfigureTestingModule[39m({
    [90m   |[39m             [31m^[39m
    [90m 17|[39m       imports[33m:[39m 
[[33mResetPasswordComponent[39m][33m,[39m
    [90m 18|[39m       providers[33m:[39m [
[90m [2mΓ¥»[22m 
src/app/features/auth/reset-password.component.spec.ts:[2m63:25[22m[39m

[31m[2mΓÄ»ΓÄ»ΓÄ»ΓÄ»ΓÄ»ΓÄ»ΓÄ»ΓÄ»ΓÄ»ΓÄ»ΓÄ»ΓÄ»ΓÄ»ΓÄ»ΓÄ»ΓÄ»ΓÄ»ΓÄ»ΓÄ»ΓÄ»ΓÄ»[21/140
]ΓÄ»[22m[39m

[41m[1m FAIL [22m[49m 
src/app/features/auth/reset-password.component.spec.ts[2m > 
[22mResetPasswordComponent[2m > [22msubmit() calls auth.resetPassword with 
the email
[31m[1mError[22m: Component 'ResetPasswordComponent' is not resolved:
 - styleUrl: ./auth.css
Did you run and wait for 'resolveComponentResources()'?[39m
[90m [2mΓ¥»[22m ResetPasswordComponent.get ../darwin_arm64-fastbuild-ST-fdfa
778d11ba/bin/packages/core/src/render3/jit/directive.ts:[2m106:16[22m[39m
[90m [2mΓ¥»[22m ╔╡cmp ../darwin_arm64-fastbuild-ST-fdfa778d11ba/bin/packages
/core/testing/src/test_bed_compiler.ts:[2m1116:24[22m[39m
[90m [2mΓ¥»[22m getComponentDef ../darwin_arm64-fastbuild-ST-fdfa778d11ba/bi
n/packages/core/testing/src/test_bed_compiler.ts:[2m1109:14[22m[39m
[90m [2mΓ¥»[22m isStandaloneComponent ../darwin_arm64-fastbuild-ST-fdfa778d1
1ba/bin/packages/core/testing/src/test_bed_compiler.ts:[2m784:19[22m[39m
[90m [2mΓ¥»[22m queueTypesFromModulesArrayRecur ../darwin_arm64-fastbuild-ST
-fdfa778d11ba/bin/packages/core/testing/src/test_bed_compiler.ts:[2m808:4[22m
[39m
[90m [2mΓ¥»[22m queueTypesFromModulesArray ../darwin_arm64-fastbuild-ST-fdfa
778d11ba/bin/packages/core/testing/src/test_bed_compiler.ts:[2m226:11[22m[39
m
[90m [2mΓ¥»[22m configureTestingModule ../darwin_arm64-fastbuild-ST-fdfa778d
11ba/bin/packages/core/testing/src/test_bed.ts:[2m584:18[22m[39m
[90m [2mΓ¥»[22m configureTestingModule ../darwin_arm64-fastbuild-ST-fdfa778d
11ba/bin/packages/core/testing/src/test_bed.ts:[2m319:32[22m[39m
[36m [2mΓ¥»[22m setup 
src/app/features/auth/reset-password.component.spec.ts:[2m16:13[22m[39m
    [90m 14|[39m     mockAuth = { resetPassword: 
vi.fn().mockReturnValue(of(undefined))ΓÇª
    [90m 15|[39m
    [90m 16|[39m     
[33mTestBed[39m[33m.[39m[34mconfigureTestingModule[39m({
    [90m   |[39m             [31m^[39m
    [90m 17|[39m       imports[33m:[39m 
[[33mResetPasswordComponent[39m][33m,[39m
    [90m 18|[39m       providers[33m:[39m [
[90m [2mΓ¥»[22m 
src/app/features/auth/reset-password.component.spec.ts:[2m69:25[22m[39m

[31m[2mΓÄ»ΓÄ»ΓÄ»ΓÄ»ΓÄ»ΓÄ»ΓÄ»ΓÄ»ΓÄ»ΓÄ»ΓÄ»ΓÄ»ΓÄ»ΓÄ»ΓÄ»ΓÄ»ΓÄ»ΓÄ»ΓÄ»ΓÄ»ΓÄ»[22/140
]ΓÄ»[22m[39m

[41m[1m FAIL [22m[49m 
src/app/features/auth/reset-password.component.spec.ts[2m > 
[22mResetPasswordComponent[2m > [22msubmit() sets sent=true and sentEmail 
on success
[31m[1mError[22m: Component 'ResetPasswordComponent' is not resolved:
 - styleUrl: ./auth.css
Did you run and wait for 'resolveComponentResources()'?[39m
[90m [2mΓ¥»[22m ResetPasswordComponent.get ../darwin_arm64-fastbuild-ST-fdfa
778d11ba/bin/packages/core/src/render3/jit/directive.ts:[2m106:16[22m[39m
[90m [2mΓ¥»[22m ╔╡cmp ../darwin_arm64-fastbuild-ST-fdfa778d11ba/bin/packages
/core/testing/src/test_bed_compiler.ts:[2m1116:24[22m[39m
[90m [2mΓ¥»[22m getComponentDef ../darwin_arm64-fastbuild-ST-fdfa778d11ba/bi
n/packages/core/testing/src/test_bed_compiler.ts:[2m1109:14[22m[39m
[90m [2mΓ¥»[22m isStandaloneComponent ../darwin_arm64-fastbuild-ST-fdfa778d1
1ba/bin/packages/core/testing/src/test_bed_compiler.ts:[2m784:19[22m[39m
[90m [2mΓ¥»[22m queueTypesFromModulesArrayRecur ../darwin_arm64-fastbuild-ST
-fdfa778d11ba/bin/packages/core/testing/src/test_bed_compiler.ts:[2m808:4[22m
[39m
[90m [2mΓ¥»[22m queueTypesFromModulesArray ../darwin_arm64-fastbuild-ST-fdfa
778d11ba/bin/packages/core/testing/src/test_bed_compiler.ts:[2m226:11[22m[39
m
[90m [2mΓ¥»[22m configureTestingModule ../darwin_arm64-fastbuild-ST-fdfa778d
11ba/bin/packages/core/testing/src/test_bed.ts:[2m584:18[22m[39m
[90m [2mΓ¥»[22m configureTestingModule ../darwin_arm64-fastbuild-ST-fdfa778d
11ba/bin/packages/core/testing/src/test_bed.ts:[2m319:32[22m[39m
[36m [2mΓ¥»[22m setup 
src/app/features/auth/reset-password.component.spec.ts:[2m16:13[22m[39m
    [90m 14|[39m     mockAuth = { resetPassword: 
vi.fn().mockReturnValue(of(undefined))ΓÇª
    [90m 15|[39m
    [90m 16|[39m     
[33mTestBed[39m[33m.[39m[34mconfigureTestingModule[39m({
    [90m   |[39m             [31m^[39m
    [90m 17|[39m       imports[33m:[39m 
[[33mResetPasswordComponent[39m][33m,[39m
    [90m 18|[39m       providers[33m:[39m [
[90m [2mΓ¥»[22m 
src/app/features/auth/reset-password.component.spec.ts:[2m77:25[22m[39m

[31m[2mΓÄ»ΓÄ»ΓÄ»ΓÄ»ΓÄ»ΓÄ»ΓÄ»ΓÄ»ΓÄ»ΓÄ»ΓÄ»ΓÄ»ΓÄ»ΓÄ»ΓÄ»ΓÄ»ΓÄ»ΓÄ»ΓÄ»ΓÄ»ΓÄ»[23/140
]ΓÄ»[22m[39m

[41m[1m FAIL [22m[49m 
src/app/features/auth/reset-password.component.spec.ts[2m > 
[22mResetPasswordComponent[2m > [22mshows success state with sentEmail 
after submit
[31m[1mError[22m: Component 'ResetPasswordComponent' is not resolved:
 - styleUrl: ./auth.css
Did you run and wait for 'resolveComponentResources()'?[39m
[90m [2mΓ¥»[22m ResetPasswordComponent.get ../darwin_arm64-fastbuild-ST-fdfa
778d11ba/bin/packages/core/src/render3/jit/directive.ts:[2m106:16[22m[39m
[90m [2mΓ¥»[22m ╔╡cmp ../darwin_arm64-fastbuild-ST-fdfa778d11ba/bin/packages
/core/testing/src/test_bed_compiler.ts:[2m1116:24[22m[39m
[90m [2mΓ¥»[22m getComponentDef ../darwin_arm64-fastbuild-ST-fdfa778d11ba/bi
n/packages/core/testing/src/test_bed_compiler.ts:[2m1109:14[22m[39m
[90m [2mΓ¥»[22m isStandaloneComponent ../darwin_arm64-fastbuild-ST-fdfa778d1
1ba/bin/packages/core/testing/src/test_bed_compiler.ts:[2m784:19[22m[39m
[90m [2mΓ¥»[22m queueTypesFromModulesArrayRecur ../darwin_arm64-fastbuild-ST
-fdfa778d11ba/bin/packages/core/testing/src/test_bed_compiler.ts:[2m808:4[22m
[39m
[90m [2mΓ¥»[22m queueTypesFromModulesArray ../darwin_arm64-fastbuild-ST-fdfa
778d11ba/bin/packages/core/testing/src/test_bed_compiler.ts:[2m226:11[22m[39
m
[90m [2mΓ¥»[22m configureTestingModule ../darwin_arm64-fastbuild-ST-fdfa778d
11ba/bin/packages/core/testing/src/test_bed.ts:[2m584:18[22m[39m
[90m [2mΓ¥»[22m configureTestingModule ../darwin_arm64-fastbuild-ST-fdfa778d
11ba/bin/packages/core/testing/src/test_bed.ts:[2m319:32[22m[39m
[36m [2mΓ¥»[22m setup 
src/app/features/auth/reset-password.component.spec.ts:[2m16:13[22m[39m
    [90m 14|[39m     mockAuth = { resetPassword: 
vi.fn().mockReturnValue(of(undefined))ΓÇª
    [90m 15|[39m
    [90m 16|[39m     
[33mTestBed[39m[33m.[39m[34mconfigureTestingModule[39m({
    [90m   |[39m             [31m^[39m
    [90m 17|[39m       imports[33m:[39m 
[[33mResetPasswordComponent[39m][33m,[39m
    [90m 18|[39m       providers[33m:[39m [
[90m [2mΓ¥»[22m 
src/app/features/auth/reset-password.component.spec.ts:[2m86:25[22m[39m

[31m[2mΓÄ»ΓÄ»ΓÄ»ΓÄ»ΓÄ»ΓÄ»ΓÄ»ΓÄ»ΓÄ»ΓÄ»ΓÄ»ΓÄ»ΓÄ»ΓÄ»ΓÄ»ΓÄ»ΓÄ»ΓÄ»ΓÄ»ΓÄ»ΓÄ»[24/140
]ΓÄ»[22m[39m

[41m[1m FAIL [22m[49m 
src/app/features/auth/reset-password.component.spec.ts[2m > 
[22mResetPasswordComponent[2m > [22mshows reset form initially (not sent 
state)
[31m[1mError[22m: Component 'ResetPasswordComponent' is not resolved:
 - styleUrl: ./auth.css
Did you run and wait for 'resolveComponentResources()'?[39m
[90m [2mΓ¥»[22m ResetPasswordComponent.get ../darwin_arm64-fastbuild-ST-fdfa
778d11ba/bin/packages/core/src/render3/jit/directive.ts:[2m106:16[22m[39m
[90m [2mΓ¥»[22m ╔╡cmp ../darwin_arm64-fastbuild-ST-fdfa778d11ba/bin/packages
/core/testing/src/test_bed_compiler.ts:[2m1116:24[22m[39m
[90m [2mΓ¥»[22m getComponentDef ../darwin_arm64-fastbuild-ST-fdfa778d11ba/bi
n/packages/core/testing/src/test_bed_compiler.ts:[2m1109:14[22m[39m
[90m [2mΓ¥»[22m isStandaloneComponent ../darwin_arm64-fastbuild-ST-fdfa778d1
1ba/bin/packages/core/testing/src/test_bed_compiler.ts:[2m784:19[22m[39m
[90m [2mΓ¥»[22m queueTypesFromModulesArrayRecur ../darwin_arm64-fastbuild-ST
-fdfa778d11ba/bin/packages/core/testing/src/test_bed_compiler.ts:[2m808:4[22m
[39m
[90m [2mΓ¥»[22m queueTypesFromModulesArray ../darwin_arm64-fastbuild-ST-fdfa
778d11ba/bin/packages/core/testing/src/test_bed_compiler.ts:[2m226:11[22m[39
m
[90m [2mΓ¥»[22m configureTestingModule ../darwin_arm64-fastbuild-ST-fdfa778d
11ba/bin/packages/core/testing/src/test_bed.ts:[2m584:18[22m[39m
[90m [2mΓ¥»[22m configureTestingModule ../darwin_arm64-fastbuild-ST-fdfa778d
11ba/bin/packages/core/testing/src/test_bed.ts:[2m319:32[22m[39m
[36m [2mΓ¥»[22m setup 
src/app/features/auth/reset-password.component.spec.ts:[2m16:13[22m[39m
    [90m 14|[39m     mockAuth = { resetPassword: 
vi.fn().mockReturnValue(of(undefined))ΓÇª
    [90m 15|[39m
    [90m 16|[39m     
[33mTestBed[39m[33m.[39m[34mconfigureTestingModule[39m({
    [90m   |[39m             [31m^[39m
    [90m 17|[39m       imports[33m:[39m 
[[33mResetPasswordComponent[39m][33m,[39m
    [90m 18|[39m       providers[33m:[39m [
[90m [2mΓ¥»[22m 
src/app/features/auth/reset-password.component.spec.ts:[2m96:25[22m[39m

[31m[2mΓÄ»ΓÄ»ΓÄ»ΓÄ»ΓÄ»ΓÄ»ΓÄ»ΓÄ»ΓÄ»ΓÄ»ΓÄ»ΓÄ»ΓÄ»ΓÄ»ΓÄ»ΓÄ»ΓÄ»ΓÄ»ΓÄ»ΓÄ»ΓÄ»[25/140
]ΓÄ»[22m[39m

[41m[1m FAIL [22m[49m 
src/app/features/auth/reset-password.component.spec.ts[2m > 
[22mResetPasswordComponent[2m > [22msets error message on failure
[31m[1mError[22m: Component 'ResetPasswordComponent' is not resolved:
 - styleUrl: ./auth.css
Did you run and wait for 'resolveComponentResources()'?[39m
[90m [2mΓ¥»[22m ResetPasswordComponent.get ../darwin_arm64-fastbuild-ST-fdfa
778d11ba/bin/packages/core/src/render3/jit/directive.ts:[2m106:16[22m[39m
[90m [2mΓ¥»[22m ╔╡cmp ../darwin_arm64-fastbuild-ST-fdfa778d11ba/bin/packages
/core/testing/src/test_bed_compiler.ts:[2m1116:24[22m[39m
[90m [2mΓ¥»[22m getComponentDef ../darwin_arm64-fastbuild-ST-fdfa778d11ba/bi
n/packages/core/testing/src/test_bed_compiler.ts:[2m1109:14[22m[39m
[90m [2mΓ¥»[22m isStandaloneComponent ../darwin_arm64-fastbuild-ST-fdfa778d1
1ba/bin/packages/core/testing/src/test_bed_compiler.ts:[2m784:19[22m[39m
[90m [2mΓ¥»[22m queueTypesFromModulesArrayRecur ../darwin_arm64-fastbuild-ST
-fdfa778d11ba/bin/packages/core/testing/src/test_bed_compiler.ts:[2m808:4[22m
[39m
[90m [2mΓ¥»[22m queueTypesFromModulesArray ../darwin_arm64-fastbuild-ST-fdfa
778d11ba/bin/packages/core/testing/src/test_bed_compiler.ts:[2m226:11[22m[39
m
[90m [2mΓ¥»[22m configureTestingModule ../darwin_arm64-fastbuild-ST-fdfa778d
11ba/bin/packages/core/testing/src/test_bed.ts:[2m584:18[22m[39m
[90m [2mΓ¥»[22m configureTestingModule ../darwin_arm64-fastbuild-ST-fdfa778d
11ba/bin/packages/core/testing/src/test_bed.ts:[2m319:32[22m[39m
[36m [2mΓ¥»[22m setup 
src/app/features/auth/reset-password.component.spec.ts:[2m16:13[22m[39m
    [90m 14|[39m     mockAuth = { resetPassword: 
vi.fn().mockReturnValue(of(undefined))ΓÇª
    [90m 15|[39m
    [90m 16|[39m     
[33mTestBed[39m[33m.[39m[34mconfigureTestingModule[39m({
    [90m   |[39m             [31m^[39m
    [90m 17|[39m       imports[33m:[39m 
[[33mResetPasswordComponent[39m][33m,[39m
    [90m 18|[39m       providers[33m:[39m [
[90m [2mΓ¥»[22m 
src/app/features/auth/reset-password.component.spec.ts:[2m102:25[22m[39m

[31m[2mΓÄ»ΓÄ»ΓÄ»ΓÄ»ΓÄ»ΓÄ»ΓÄ»ΓÄ»ΓÄ»ΓÄ»ΓÄ»ΓÄ»ΓÄ»ΓÄ»ΓÄ»ΓÄ»ΓÄ»ΓÄ»ΓÄ»ΓÄ»ΓÄ»[26/140
]ΓÄ»[22m[39m

[41m[1m FAIL [22m[49m 
src/app/features/auth/reset-password.component.spec.ts[2m > 
[22mResetPasswordComponent[2m > [22mshows "Reset your password" heading 
initially
[31m[1mError[22m: Component 'ResetPasswordComponent' is not resolved:
 - styleUrl: ./auth.css
Did you run and wait for 'resolveComponentResources()'?[39m
[90m [2mΓ¥»[22m ResetPasswordComponent.get ../darwin_arm64-fastbuild-ST-fdfa
778d11ba/bin/packages/core/src/render3/jit/directive.ts:[2m106:16[22m[39m
[90m [2mΓ¥»[22m ╔╡cmp ../darwin_arm64-fastbuild-ST-fdfa778d11ba/bin/packages
/core/testing/src/test_bed_compiler.ts:[2m1116:24[22m[39m
[90m [2mΓ¥»[22m getComponentDef ../darwin_arm64-fastbuild-ST-fdfa778d11ba/bi
n/packages/core/testing/src/test_bed_compiler.ts:[2m1109:14[22m[39m
[90m [2mΓ¥»[22m isStandaloneComponent ../darwin_arm64-fastbuild-ST-fdfa778d1
1ba/bin/packages/core/testing/src/test_bed_compiler.ts:[2m784:19[22m[39m
[90m [2mΓ¥»[22m queueTypesFromModulesArrayRecur ../darwin_arm64-fastbuild-ST
-fdfa778d11ba/bin/packages/core/testing/src/test_bed_compiler.ts:[2m808:4[22m
[39m
[90m [2mΓ¥»[22m queueTypesFromModulesArray ../darwin_arm64-fastbuild-ST-fdfa
778d11ba/bin/packages/core/testing/src/test_bed_compiler.ts:[2m226:11[22m[39
m
[90m [2mΓ¥»[22m configureTestingModule ../darwin_arm64-fastbuild-ST-fdfa778d
11ba/bin/packages/core/testing/src/test_bed.ts:[2m584:18[22m[39m
[90m [2mΓ¥»[22m configureTestingModule ../darwin_arm64-fastbuild-ST-fdfa778d
11ba/bin/packages/core/testing/src/test_bed.ts:[2m319:32[22m[39m
[36m [2mΓ¥»[22m setup 
src/app/features/auth/reset-password.component.spec.ts:[2m16:13[22m[39m
    [90m 14|[39m     mockAuth = { resetPassword: 
vi.fn().mockReturnValue(of(undefined))ΓÇª
    [90m 15|[39m
    [90m 16|[39m     
[33mTestBed[39m[33m.[39m[34mconfigureTestingModule[39m({
    [90m   |[39m             [31m^[39m
    [90m 17|[39m       imports[33m:[39m 
[[33mResetPasswordComponent[39m][33m,[39m
    [90m 18|[39m       providers[33m:[39m [
[90m [2mΓ¥»[22m 
src/app/features/auth/reset-password.component.spec.ts:[2m111:25[22m[39m

[31m[2mΓÄ»ΓÄ»ΓÄ»ΓÄ»ΓÄ»ΓÄ»ΓÄ»ΓÄ»ΓÄ»ΓÄ»ΓÄ»ΓÄ»ΓÄ»ΓÄ»ΓÄ»ΓÄ»ΓÄ»ΓÄ»ΓÄ»ΓÄ»ΓÄ»[27/140
]ΓÄ»[22m[39m

[41m[1m FAIL [22m[49m src/app/features/auth/signup.component.spec.ts[2m > 
[22mSignupComponent[2m > [22mcreates successfully
[31m[1mError[22m: Component 'SignupComponent' is not resolved:
 - styleUrl: ./auth.css
Did you run and wait for 'resolveComponentResources()'?[39m
[90m [2mΓ¥»[22m SignupComponent.get ../darwin_arm64-fastbuild-ST-fdfa778d11b
a/bin/packages/core/src/render3/jit/directive.ts:[2m106:16[22m[39m
[90m [2mΓ¥»[22m ╔╡cmp ../darwin_arm64-fastbuild-ST-fdfa778d11ba/bin/packages
/core/testing/src/test_bed_compiler.ts:[2m1116:24[22m[39m
[90m [2mΓ¥»[22m getComponentDef ../darwin_arm64-fastbuild-ST-fdfa778d11ba/bi
n/packages/core/testing/src/test_bed_compiler.ts:[2m1109:14[22m[39m
[90m [2mΓ¥»[22m isStandaloneComponent ../darwin_arm64-fastbuild-ST-fdfa778d1
1ba/bin/packages/core/testing/src/test_bed_compiler.ts:[2m784:19[22m[39m
[90m [2mΓ¥»[22m queueTypesFromModulesArrayRecur ../darwin_arm64-fastbuild-ST
-fdfa778d11ba/bin/packages/core/testing/src/test_bed_compiler.ts:[2m808:4[22m
[39m
[90m [2mΓ¥»[22m queueTypesFromModulesArray ../darwin_arm64-fastbuild-ST-fdfa
778d11ba/bin/packages/core/testing/src/test_bed_compiler.ts:[2m226:11[22m[39
m
[90m [2mΓ¥»[22m configureTestingModule ../darwin_arm64-fastbuild-ST-fdfa778d
11ba/bin/packages/core/testing/src/test_bed.ts:[2m584:18[22m[39m
[90m [2mΓ¥»[22m configureTestingModule ../darwin_arm64-fastbuild-ST-fdfa778d
11ba/bin/packages/core/testing/src/test_bed.ts:[2m319:32[22m[39m
[36m [2mΓ¥»[22m setup 
src/app/features/auth/signup.component.spec.ts:[2m16:13[22m[39m
    [90m 14|[39m     mockAuth [33m=[39m { signUp[33m:[39m vi[33m.[39m[
34mfn[39m()[33m.[39m[34mmockReturnValue[39m([35mof[39m(undefined)) 
}[33m;[39m
    [90m 15|[39m
    [90m 16|[39m     
[33mTestBed[39m[33m.[39m[34mconfigureTestingModule[39m({
    [90m   |[39m             [31m^[39m
    [90m 17|[39m       imports[33m:[39m 
[[33mSignupComponent[39m][33m,[39m
    [90m 18|[39m       providers[33m:[39m [
[90m [2mΓ¥»[22m 
src/app/features/auth/signup.component.spec.ts:[2m32:12[22m[39m

[31m[2mΓÄ»ΓÄ»ΓÄ»ΓÄ»ΓÄ»ΓÄ»ΓÄ»ΓÄ»ΓÄ»ΓÄ»ΓÄ»ΓÄ»ΓÄ»ΓÄ»ΓÄ»ΓÄ»ΓÄ»ΓÄ»ΓÄ»ΓÄ»ΓÄ»[28/140
]ΓÄ»[22m[39m

[41m[1m FAIL [22m[49m src/app/features/auth/signup.component.spec.ts[2m > 
[22mSignupComponent[2m > [22mform has email, password, and confirm controls
[31m[1mError[22m: Component 'SignupComponent' is not resolved:
 - styleUrl: ./auth.css
Did you run and wait for 'resolveComponentResources()'?[39m
[90m [2mΓ¥»[22m SignupComponent.get ../darwin_arm64-fastbuild-ST-fdfa778d11b
a/bin/packages/core/src/render3/jit/directive.ts:[2m106:16[22m[39m
[90m [2mΓ¥»[22m ╔╡cmp ../darwin_arm64-fastbuild-ST-fdfa778d11ba/bin/packages
/core/testing/src/test_bed_compiler.ts:[2m1116:24[22m[39m
[90m [2mΓ¥»[22m getComponentDef ../darwin_arm64-fastbuild-ST-fdfa778d11ba/bi
n/packages/core/testing/src/test_bed_compiler.ts:[2m1109:14[22m[39m
[90m [2mΓ¥»[22m isStandaloneComponent ../darwin_arm64-fastbuild-ST-fdfa778d1
1ba/bin/packages/core/testing/src/test_bed_compiler.ts:[2m784:19[22m[39m
[90m [2mΓ¥»[22m queueTypesFromModulesArrayRecur ../darwin_arm64-fastbuild-ST
-fdfa778d11ba/bin/packages/core/testing/src/test_bed_compiler.ts:[2m808:4[22m
[39m
[90m [2mΓ¥»[22m queueTypesFromModulesArray ../darwin_arm64-fastbuild-ST-fdfa
778d11ba/bin/packages/core/testing/src/test_bed_compiler.ts:[2m226:11[22m[39
m
[90m [2mΓ¥»[22m configureTestingModule ../darwin_arm64-fastbuild-ST-fdfa778d
11ba/bin/packages/core/testing/src/test_bed.ts:[2m584:18[22m[39m
[90m [2mΓ¥»[22m configureTestingModule ../darwin_arm64-fastbuild-ST-fdfa778d
11ba/bin/packages/core/testing/src/test_bed.ts:[2m319:32[22m[39m
[36m [2mΓ¥»[22m setup 
src/app/features/auth/signup.component.spec.ts:[2m16:13[22m[39m
    [90m 14|[39m     mockAuth [33m=[39m { signUp[33m:[39m vi[33m.[39m[
34mfn[39m()[33m.[39m[34mmockReturnValue[39m([35mof[39m(undefined)) 
}[33m;[39m
    [90m 15|[39m
    [90m 16|[39m     
[33mTestBed[39m[33m.[39m[34mconfigureTestingModule[39m({
    [90m   |[39m             [31m^[39m
    [90m 17|[39m       imports[33m:[39m 
[[33mSignupComponent[39m][33m,[39m
    [90m 18|[39m       providers[33m:[39m [
[90m [2mΓ¥»[22m 
src/app/features/auth/signup.component.spec.ts:[2m36:25[22m[39m

[31m[2mΓÄ»ΓÄ»ΓÄ»ΓÄ»ΓÄ»ΓÄ»ΓÄ»ΓÄ»ΓÄ»ΓÄ»ΓÄ»ΓÄ»ΓÄ»ΓÄ»ΓÄ»ΓÄ»ΓÄ»ΓÄ»ΓÄ»ΓÄ»ΓÄ»[29/140
]ΓÄ»[22m[39m

[41m[1m FAIL [22m[49m src/app/features/auth/signup.component.spec.ts[2m > 
[22mSignupComponent[2m > [22mform is invalid when empty
[31m[1mError[22m: Component 'SignupComponent' is not resolved:
 - styleUrl: ./auth.css
Did you run and wait for 'resolveComponentResources()'?[39m
[90m [2mΓ¥»[22m SignupComponent.get ../darwin_arm64-fastbuild-ST-fdfa778d11b
a/bin/packages/core/src/render3/jit/directive.ts:[2m106:16[22m[39m
[90m [2mΓ¥»[22m ╔╡cmp ../darwin_arm64-fastbuild-ST-fdfa778d11ba/bin/packages
/core/testing/src/test_bed_compiler.ts:[2m1116:24[22m[39m
[90m [2mΓ¥»[22m getComponentDef ../darwin_arm64-fastbuild-ST-fdfa778d11ba/bi
n/packages/core/testing/src/test_bed_compiler.ts:[2m1109:14[22m[39m
[90m [2mΓ¥»[22m isStandaloneComponent ../darwin_arm64-fastbuild-ST-fdfa778d1
1ba/bin/packages/core/testing/src/test_bed_compiler.ts:[2m784:19[22m[39m
[90m [2mΓ¥»[22m queueTypesFromModulesArrayRecur ../darwin_arm64-fastbuild-ST
-fdfa778d11ba/bin/packages/core/testing/src/test_bed_compiler.ts:[2m808:4[22m
[39m
[90m [2mΓ¥»[22m queueTypesFromModulesArray ../darwin_arm64-fastbuild-ST-fdfa
778d11ba/bin/packages/core/testing/src/test_bed_compiler.ts:[2m226:11[22m[39
m
[90m [2mΓ¥»[22m configureTestingModule ../darwin_arm64-fastbuild-ST-fdfa778d
11ba/bin/packages/core/testing/src/test_bed.ts:[2m584:18[22m[39m
[90m [2mΓ¥»[22m configureTestingModule ../darwin_arm64-fastbuild-ST-fdfa778d
11ba/bin/packages/core/testing/src/test_bed.ts:[2m319:32[22m[39m
[36m [2mΓ¥»[22m setup 
src/app/features/auth/signup.component.spec.ts:[2m16:13[22m[39m
    [90m 14|[39m     mockAuth [33m=[39m { signUp[33m:[39m vi[33m.[39m[
34mfn[39m()[33m.[39m[34mmockReturnValue[39m([35mof[39m(undefined)) 
}[33m;[39m
    [90m 15|[39m
    [90m 16|[39m     
[33mTestBed[39m[33m.[39m[34mconfigureTestingModule[39m({
    [90m   |[39m             [31m^[39m
    [90m 17|[39m       imports[33m:[39m 
[[33mSignupComponent[39m][33m,[39m
    [90m 18|[39m       providers[33m:[39m [
[90m [2mΓ¥»[22m 
src/app/features/auth/signup.component.spec.ts:[2m44:25[22m[39m

[31m[2mΓÄ»ΓÄ»ΓÄ»ΓÄ»ΓÄ»ΓÄ»ΓÄ»ΓÄ»ΓÄ»ΓÄ»ΓÄ»ΓÄ»ΓÄ»ΓÄ»ΓÄ»ΓÄ»ΓÄ»ΓÄ»ΓÄ»ΓÄ»ΓÄ»[30/140
]ΓÄ»[22m[39m

[41m[1m FAIL [22m[49m src/app/features/auth/signup.component.spec.ts[2m > 
[22mSignupComponent[2m > [22mpassword control is invalid with fewer than 6 
characters
[31m[1mError[22m: Component 'SignupComponent' is not resolved:
 - styleUrl: ./auth.css
Did you run and wait for 'resolveComponentResources()'?[39m
[90m [2mΓ¥»[22m SignupComponent.get ../darwin_arm64-fastbuild-ST-fdfa778d11b
a/bin/packages/core/src/render3/jit/directive.ts:[2m106:16[22m[39m
[90m [2mΓ¥»[22m ╔╡cmp ../darwin_arm64-fastbuild-ST-fdfa778d11ba/bin/packages
/core/testing/src/test_bed_compiler.ts:[2m1116:24[22m[39m
[90m [2mΓ¥»[22m getComponentDef ../darwin_arm64-fastbuild-ST-fdfa778d11ba/bi
n/packages/core/testing/src/test_bed_compiler.ts:[2m1109:14[22m[39m
[90m [2mΓ¥»[22m isStandaloneComponent ../darwin_arm64-fastbuild-ST-fdfa778d1
1ba/bin/packages/core/testing/src/test_bed_compiler.ts:[2m784:19[22m[39m
[90m [2mΓ¥»[22m queueTypesFromModulesArrayRecur ../darwin_arm64-fastbuild-ST
-fdfa778d11ba/bin/packages/core/testing/src/test_bed_compiler.ts:[2m808:4[22m
[39m
[90m [2mΓ¥»[22m queueTypesFromModulesArray ../darwin_arm64-fastbuild-ST-fdfa
778d11ba/bin/packages/core/testing/src/test_bed_compiler.ts:[2m226:11[22m[39
m
[90m [2mΓ¥»[22m configureTestingModule ../darwin_arm64-fastbuild-ST-fdfa778d
11ba/bin/packages/core/testing/src/test_bed.ts:[2m584:18[22m[39m
[90m [2mΓ¥»[22m configureTestingModule ../darwin_arm64-fastbuild-ST-fdfa778d
11ba/bin/packages/core/testing/src/test_bed.ts:[2m319:32[22m[39m
[36m [2mΓ¥»[22m setup 
src/app/features/auth/signup.component.spec.ts:[2m16:13[22m[39m
    [90m 14|[39m     mockAuth [33m=[39m { signUp[33m:[39m vi[33m.[39m[
34mfn[39m()[33m.[39m[34mmockReturnValue[39m([35mof[39m(undefined)) 
}[33m;[39m
    [90m 15|[39m
    [90m 16|[39m     
[33mTestBed[39m[33m.[39m[34mconfigureTestingModule[39m({
    [90m   |[39m             [31m^[39m
    [90m 17|[39m       imports[33m:[39m 
[[33mSignupComponent[39m][33m,[39m
    [90m 18|[39m       providers[33m:[39m [
[90m [2mΓ¥»[22m 
src/app/features/auth/signup.component.spec.ts:[2m49:25[22m[39m

[31m[2mΓÄ»ΓÄ»ΓÄ»ΓÄ»ΓÄ»ΓÄ»ΓÄ»ΓÄ»ΓÄ»ΓÄ»ΓÄ»ΓÄ»ΓÄ»ΓÄ»ΓÄ»ΓÄ»ΓÄ»ΓÄ»ΓÄ»ΓÄ»ΓÄ»[31/140
]ΓÄ»[22m[39m

[41m[1m FAIL [22m[49m src/app/features/auth/signup.component.spec.ts[2m > 
[22mSignupComponent[2m > [22mpassword control is valid with 6+ characters
[31m[1mError[22m: Component 'SignupComponent' is not resolved:
 - styleUrl: ./auth.css
Did you run and wait for 'resolveComponentResources()'?[39m
[90m [2mΓ¥»[22m SignupComponent.get ../darwin_arm64-fastbuild-ST-fdfa778d11b
a/bin/packages/core/src/render3/jit/directive.ts:[2m106:16[22m[39m
[90m [2mΓ¥»[22m ╔╡cmp ../darwin_arm64-fastbuild-ST-fdfa778d11ba/bin/packages
/core/testing/src/test_bed_compiler.ts:[2m1116:24[22m[39m
[90m [2mΓ¥»[22m getComponentDef ../darwin_arm64-fastbuild-ST-fdfa778d11ba/bi
n/packages/core/testing/src/test_bed_compiler.ts:[2m1109:14[22m[39m
[90m [2mΓ¥»[22m isStandaloneComponent ../darwin_arm64-fastbuild-ST-fdfa778d1
1ba/bin/packages/core/testing/src/test_bed_compiler.ts:[2m784:19[22m[39m
[90m [2mΓ¥»[22m queueTypesFromModulesArrayRecur ../darwin_arm64-fastbuild-ST
-fdfa778d11ba/bin/packages/core/testing/src/test_bed_compiler.ts:[2m808:4[22m
[39m
[90m [2mΓ¥»[22m queueTypesFromModulesArray ../darwin_arm64-fastbuild-ST-fdfa
778d11ba/bin/packages/core/testing/src/test_bed_compiler.ts:[2m226:11[22m[39
m
[90m [2mΓ¥»[22m configureTestingModule ../darwin_arm64-fastbuild-ST-fdfa778d
11ba/bin/packages/core/testing/src/test_bed.ts:[2m584:18[22m[39m
[90m [2mΓ¥»[22m configureTestingModule ../darwin_arm64-fastbuild-ST-fdfa778d
11ba/bin/packages/core/testing/src/test_bed.ts:[2m319:32[22m[39m
[36m [2mΓ¥»[22m setup 
src/app/features/auth/signup.component.spec.ts:[2m16:13[22m[39m
    [90m 14|[39m     mockAuth [33m=[39m { signUp[33m:[39m vi[33m.[39m[
34mfn[39m()[33m.[39m[34mmockReturnValue[39m([35mof[39m(undefined)) 
}[33m;[39m
    [90m 15|[39m
    [90m 16|[39m     
[33mTestBed[39m[33m.[39m[34mconfigureTestingModule[39m({
    [90m   |[39m             [31m^[39m
    [90m 17|[39m       imports[33m:[39m 
[[33mSignupComponent[39m][33m,[39m
    [90m 18|[39m       providers[33m:[39m [
[90m [2mΓ¥»[22m 
src/app/features/auth/signup.component.spec.ts:[2m56:25[22m[39m

[31m[2mΓÄ»ΓÄ»ΓÄ»ΓÄ»ΓÄ»ΓÄ»ΓÄ»ΓÄ»ΓÄ»ΓÄ»ΓÄ»ΓÄ»ΓÄ»ΓÄ»ΓÄ»ΓÄ»ΓÄ»ΓÄ»ΓÄ»ΓÄ»ΓÄ»[32/140
]ΓÄ»[22m[39m

[41m[1m FAIL [22m[49m src/app/features/auth/signup.component.spec.ts[2m > 
[22mSignupComponent[2m > [22mform has mismatch error when passwords do not 
match
[31m[1mError[22m: Component 'SignupComponent' is not resolved:
 - styleUrl: ./auth.css
Did you run and wait for 'resolveComponentResources()'?[39m
[90m [2mΓ¥»[22m SignupComponent.get ../darwin_arm64-fastbuild-ST-fdfa778d11b
a/bin/packages/core/src/render3/jit/directive.ts:[2m106:16[22m[39m
[90m [2mΓ¥»[22m ╔╡cmp ../darwin_arm64-fastbuild-ST-fdfa778d11ba/bin/packages
/core/testing/src/test_bed_compiler.ts:[2m1116:24[22m[39m
[90m [2mΓ¥»[22m getComponentDef ../darwin_arm64-fastbuild-ST-fdfa778d11ba/bi
n/packages/core/testing/src/test_bed_compiler.ts:[2m1109:14[22m[39m
[90m [2mΓ¥»[22m isStandaloneComponent ../darwin_arm64-fastbuild-ST-fdfa778d1
1ba/bin/packages/core/testing/src/test_bed_compiler.ts:[2m784:19[22m[39m
[90m [2mΓ¥»[22m queueTypesFromModulesArrayRecur ../darwin_arm64-fastbuild-ST
-fdfa778d11ba/bin/packages/core/testing/src/test_bed_compiler.ts:[2m808:4[22m
[39m
[90m [2mΓ¥»[22m queueTypesFromModulesArray ../darwin_arm64-fastbuild-ST-fdfa
778d11ba/bin/packages/core/testing/src/test_bed_compiler.ts:[2m226:11[22m[39
m
[90m [2mΓ¥»[22m configureTestingModule ../darwin_arm64-fastbuild-ST-fdfa778d
11ba/bin/packages/core/testing/src/test_bed.ts:[2m584:18[22m[39m
[90m [2mΓ¥»[22m configureTestingModule ../darwin_arm64-fastbuild-ST-fdfa778d
11ba/bin/packages/core/testing/src/test_bed.ts:[2m319:32[22m[39m
[36m [2mΓ¥»[22m setup 
src/app/features/auth/signup.component.spec.ts:[2m16:13[22m[39m
    [90m 14|[39m     mockAuth [33m=[39m { signUp[33m:[39m vi[33m.[39m[
34mfn[39m()[33m.[39m[34mmockReturnValue[39m([35mof[39m(undefined)) 
}[33m;[39m
    [90m 15|[39m
    [90m 16|[39m     
[33mTestBed[39m[33m.[39m[34mconfigureTestingModule[39m({
    [90m   |[39m             [31m^[39m
    [90m 17|[39m       imports[33m:[39m 
[[33mSignupComponent[39m][33m,[39m
    [90m 18|[39m       providers[33m:[39m [
[90m [2mΓ¥»[22m 
src/app/features/auth/signup.component.spec.ts:[2m63:25[22m[39m

[31m[2mΓÄ»ΓÄ»ΓÄ»ΓÄ»ΓÄ»ΓÄ»ΓÄ»ΓÄ»ΓÄ»ΓÄ»ΓÄ»ΓÄ»ΓÄ»ΓÄ»ΓÄ»ΓÄ»ΓÄ»ΓÄ»ΓÄ»ΓÄ»ΓÄ»[33/140
]ΓÄ»[22m[39m

[41m[1m FAIL [22m[49m src/app/features/auth/signup.component.spec.ts[2m > 
[22mSignupComponent[2m > [22mform has no mismatch error when passwords match
[31m[1mError[22m: Component 'SignupComponent' is not resolved:
 - styleUrl: ./auth.css
Did you run and wait for 'resolveComponentResources()'?[39m
[90m [2mΓ¥»[22m SignupComponent.get ../darwin_arm64-fastbuild-ST-fdfa778d11b
a/bin/packages/core/src/render3/jit/directive.ts:[2m106:16[22m[39m
[90m [2mΓ¥»[22m ╔╡cmp ../darwin_arm64-fastbuild-ST-fdfa778d11ba/bin/packages
/core/testing/src/test_bed_compiler.ts:[2m1116:24[22m[39m
[90m [2mΓ¥»[22m getComponentDef ../darwin_arm64-fastbuild-ST-fdfa778d11ba/bi
n/packages/core/testing/src/test_bed_compiler.ts:[2m1109:14[22m[39m
[90m [2mΓ¥»[22m isStandaloneComponent ../darwin_arm64-fastbuild-ST-fdfa778d1
1ba/bin/packages/core/testing/src/test_bed_compiler.ts:[2m784:19[22m[39m
[90m [2mΓ¥»[22m queueTypesFromModulesArrayRecur ../darwin_arm64-fastbuild-ST
-fdfa778d11ba/bin/packages/core/testing/src/test_bed_compiler.ts:[2m808:4[22m
[39m
[90m [2mΓ¥»[22m queueTypesFromModulesArray ../darwin_arm64-fastbuild-ST-fdfa
778d11ba/bin/packages/core/testing/src/test_bed_compiler.ts:[2m226:11[22m[39
m
[90m [2mΓ¥»[22m configureTestingModule ../darwin_arm64-fastbuild-ST-fdfa778d
11ba/bin/packages/core/testing/src/test_bed.ts:[2m584:18[22m[39m
[90m [2mΓ¥»[22m configureTestingModule ../darwin_arm64-fastbuild-ST-fdfa778d
11ba/bin/packages/core/testing/src/test_bed.ts:[2m319:32[22m[39m
[36m [2mΓ¥»[22m setup 
src/app/features/auth/signup.component.spec.ts:[2m16:13[22m[39m
    [90m 14|[39m     mockAuth [33m=[39m { signUp[33m:[39m vi[33m.[39m[
34mfn[39m()[33m.[39m[34mmockReturnValue[39m([35mof[39m(undefined)) 
}[33m;[39m
    [90m 15|[39m
    [90m 16|[39m     
[33mTestBed[39m[33m.[39m[34mconfigureTestingModule[39m({
    [90m   |[39m             [31m^[39m
    [90m 17|[39m       imports[33m:[39m 
[[33mSignupComponent[39m][33m,[39m
    [90m 18|[39m       providers[33m:[39m [
[90m [2mΓ¥»[22m 
src/app/features/auth/signup.component.spec.ts:[2m70:25[22m[39m

[31m[2mΓÄ»ΓÄ»ΓÄ»ΓÄ»ΓÄ»ΓÄ»ΓÄ»ΓÄ»ΓÄ»ΓÄ»ΓÄ»ΓÄ»ΓÄ»ΓÄ»ΓÄ»ΓÄ»ΓÄ»ΓÄ»ΓÄ»ΓÄ»ΓÄ»[34/140
]ΓÄ»[22m[39m

[41m[1m FAIL [22m[49m src/app/features/auth/signup.component.spec.ts[2m > 
[22mSignupComponent[2m > [22msubmit() marks form touched when invalid
[31m[1mError[22m: Component 'SignupComponent' is not resolved:
 - styleUrl: ./auth.css
Did you run and wait for 'resolveComponentResources()'?[39m
[90m [2mΓ¥»[22m SignupComponent.get ../darwin_arm64-fastbuild-ST-fdfa778d11b
a/bin/packages/core/src/render3/jit/directive.ts:[2m106:16[22m[39m
[90m [2mΓ¥»[22m ╔╡cmp ../darwin_arm64-fastbuild-ST-fdfa778d11ba/bin/packages
/core/testing/src/test_bed_compiler.ts:[2m1116:24[22m[39m
[90m [2mΓ¥»[22m getComponentDef ../darwin_arm64-fastbuild-ST-fdfa778d11ba/bi
n/packages/core/testing/src/test_bed_compiler.ts:[2m1109:14[22m[39m
[90m [2mΓ¥»[22m isStandaloneComponent ../darwin_arm64-fastbuild-ST-fdfa778d1
1ba/bin/packages/core/testing/src/test_bed_compiler.ts:[2m784:19[22m[39m
[90m [2mΓ¥»[22m queueTypesFromModulesArrayRecur ../darwin_arm64-fastbuild-ST
-fdfa778d11ba/bin/packages/core/testing/src/test_bed_compiler.ts:[2m808:4[22m
[39m
[90m [2mΓ¥»[22m queueTypesFromModulesArray ../darwin_arm64-fastbuild-ST-fdfa
778d11ba/bin/packages/core/testing/src/test_bed_compiler.ts:[2m226:11[22m[39
m
[90m [2mΓ¥»[22m configureTestingModule ../darwin_arm64-fastbuild-ST-fdfa778d
11ba/bin/packages/core/testing/src/test_bed.ts:[2m584:18[22m[39m
[90m [2mΓ¥»[22m configureTestingModule ../darwin_arm64-fastbuild-ST-fdfa778d
11ba/bin/packages/core/testing/src/test_bed.ts:[2m319:32[22m[39m
[36m [2mΓ¥»[22m setup 
src/app/features/auth/signup.component.spec.ts:[2m16:13[22m[39m
    [90m 14|[39m     mockAuth [33m=[39m { signUp[33m:[39m vi[33m.[39m[
34mfn[39m()[33m.[39m[34mmockReturnValue[39m([35mof[39m(undefined)) 
}[33m;[39m
    [90m 15|[39m
    [90m 16|[39m     
[33mTestBed[39m[33m.[39m[34mconfigureTestingModule[39m({
    [90m   |[39m             [31m^[39m
    [90m 17|[39m       imports[33m:[39m 
[[33mSignupComponent[39m][33m,[39m
    [90m 18|[39m       providers[33m:[39m [
[90m [2mΓ¥»[22m 
src/app/features/auth/signup.component.spec.ts:[2m77:25[22m[39m

[31m[2mΓÄ»ΓÄ»ΓÄ»ΓÄ»ΓÄ»ΓÄ»ΓÄ»ΓÄ»ΓÄ»ΓÄ»ΓÄ»ΓÄ»ΓÄ»ΓÄ»ΓÄ»ΓÄ»ΓÄ»ΓÄ»ΓÄ»ΓÄ»ΓÄ»[35/140
]ΓÄ»[22m[39m

[41m[1m FAIL [22m[49m src/app/features/auth/signup.component.spec.ts[2m > 
[22mSignupComponent[2m > [22msubmit() does not call auth.signUp when form 
is invalid
[31m[1mError[22m: Component 'SignupComponent' is not resolved:
 - styleUrl: ./auth.css
Did you run and wait for 'resolveComponentResources()'?[39m
[90m [2mΓ¥»[22m SignupComponent.get ../darwin_arm64-fastbuild-ST-fdfa778d11b
a/bin/packages/core/src/render3/jit/directive.ts:[2m106:16[22m[39m
[90m [2mΓ¥»[22m ╔╡cmp ../darwin_arm64-fastbuild-ST-fdfa778d11ba/bin/packages
/core/testing/src/test_bed_compiler.ts:[2m1116:24[22m[39m
[90m [2mΓ¥»[22m getComponentDef ../darwin_arm64-fastbuild-ST-fdfa778d11ba/bi
n/packages/core/testing/src/test_bed_compiler.ts:[2m1109:14[22m[39m
[90m [2mΓ¥»[22m isStandaloneComponent ../darwin_arm64-fastbuild-ST-fdfa778d1
1ba/bin/packages/core/testing/src/test_bed_compiler.ts:[2m784:19[22m[39m
[90m [2mΓ¥»[22m queueTypesFromModulesArrayRecur ../darwin_arm64-fastbuild-ST
-fdfa778d11ba/bin/packages/core/testing/src/test_bed_compiler.ts:[2m808:4[22m
[39m
[90m [2mΓ¥»[22m queueTypesFromModulesArray ../darwin_arm64-fastbuild-ST-fdfa
778d11ba/bin/packages/core/testing/src/test_bed_compiler.ts:[2m226:11[22m[39
m
[90m [2mΓ¥»[22m configureTestingModule ../darwin_arm64-fastbuild-ST-fdfa778d
11ba/bin/packages/core/testing/src/test_bed.ts:[2m584:18[22m[39m
[90m [2mΓ¥»[22m configureTestingModule ../darwin_arm64-fastbuild-ST-fdfa778d
11ba/bin/packages/core/testing/src/test_bed.ts:[2m319:32[22m[39m
[36m [2mΓ¥»[22m setup 
src/app/features/auth/signup.component.spec.ts:[2m16:13[22m[39m
    [90m 14|[39m     mockAuth [33m=[39m { signUp[33m:[39m vi[33m.[39m[
34mfn[39m()[33m.[39m[34mmockReturnValue[39m([35mof[39m(undefined)) 
}[33m;[39m
    [90m 15|[39m
    [90m 16|[39m     
[33mTestBed[39m[33m.[39m[34mconfigureTestingModule[39m({
    [90m   |[39m             [31m^[39m
    [90m 17|[39m       imports[33m:[39m 
[[33mSignupComponent[39m][33m,[39m
    [90m 18|[39m       providers[33m:[39m [
[90m [2mΓ¥»[22m 
src/app/features/auth/signup.component.spec.ts:[2m84:25[22m[39m

[31m[2mΓÄ»ΓÄ»ΓÄ»ΓÄ»ΓÄ»ΓÄ»ΓÄ»ΓÄ»ΓÄ»ΓÄ»ΓÄ»ΓÄ»ΓÄ»ΓÄ»ΓÄ»ΓÄ»ΓÄ»ΓÄ»ΓÄ»ΓÄ»ΓÄ»[36/140
]ΓÄ»[22m[39m

[41m[1m FAIL [22m[49m src/app/features/auth/signup.component.spec.ts[2m > 
[22mSignupComponent[2m > [22msubmit() calls auth.signUp with email and 
password
[31m[1mError[22m: Component 'SignupComponent' is not resolved:
 - styleUrl: ./auth.css
Did you run and wait for 'resolveComponentResources()'?[39m
[90m [2mΓ¥»[22m SignupComponent.get ../darwin_arm64-fastbuild-ST-fdfa778d11b
a/bin/packages/core/src/render3/jit/directive.ts:[2m106:16[22m[39m
[90m [2mΓ¥»[22m ╔╡cmp ../darwin_arm64-fastbuild-ST-fdfa778d11ba/bin/packages
/core/testing/src/test_bed_compiler.ts:[2m1116:24[22m[39m
[90m [2mΓ¥»[22m getComponentDef ../darwin_arm64-fastbuild-ST-fdfa778d11ba/bi
n/packages/core/testing/src/test_bed_compiler.ts:[2m1109:14[22m[39m
[90m [2mΓ¥»[22m isStandaloneComponent ../darwin_arm64-fastbuild-ST-fdfa778d1
1ba/bin/packages/core/testing/src/test_bed_compiler.ts:[2m784:19[22m[39m
[90m [2mΓ¥»[22m queueTypesFromModulesArrayRecur ../darwin_arm64-fastbuild-ST
-fdfa778d11ba/bin/packages/core/testing/src/test_bed_compiler.ts:[2m808:4[22m
[39m
[90m [2mΓ¥»[22m queueTypesFromModulesArray ../darwin_arm64-fastbuild-ST-fdfa
778d11ba/bin/packages/core/testing/src/test_bed_compiler.ts:[2m226:11[22m[39
m
[90m [2mΓ¥»[22m configureTestingModule ../darwin_arm64-fastbuild-ST-fdfa778d
11ba/bin/packages/core/testing/src/test_bed.ts:[2m584:18[22m[39m
[90m [2mΓ¥»[22m configureTestingModule ../darwin_arm64-fastbuild-ST-fdfa778d
11ba/bin/packages/core/testing/src/test_bed.ts:[2m319:32[22m[39m
[36m [2mΓ¥»[22m setup 
src/app/features/auth/signup.component.spec.ts:[2m16:13[22m[39m
    [90m 14|[39m     mockAuth [33m=[39m { signUp[33m:[39m vi[33m.[39m[
34mfn[39m()[33m.[39m[34mmockReturnValue[39m([35mof[39m(undefined)) 
}[33m;[39m
    [90m 15|[39m
    [90m 16|[39m     
[33mTestBed[39m[33m.[39m[34mconfigureTestingModule[39m({
    [90m   |[39m             [31m^[39m
    [90m 17|[39m       imports[33m:[39m 
[[33mSignupComponent[39m][33m,[39m
    [90m 18|[39m       providers[33m:[39m [
[90m [2mΓ¥»[22m 
src/app/features/auth/signup.component.spec.ts:[2m90:25[22m[39m

[31m[2mΓÄ»ΓÄ»ΓÄ»ΓÄ»ΓÄ»ΓÄ»ΓÄ»ΓÄ»ΓÄ»ΓÄ»ΓÄ»ΓÄ»ΓÄ»ΓÄ»ΓÄ»ΓÄ»ΓÄ»ΓÄ»ΓÄ»ΓÄ»ΓÄ»[37/140
]ΓÄ»[22m[39m

[41m[1m FAIL [22m[49m src/app/features/auth/signup.component.spec.ts[2m > 
[22mSignupComponent[2m > [22msubmit() navigates to /library on success
[31m[1mError[22m: Component 'SignupComponent' is not resolved:
 - styleUrl: ./auth.css
Did you run and wait for 'resolveComponentResources()'?[39m
[90m [2mΓ¥»[22m SignupComponent.get ../darwin_arm64-fastbuild-ST-fdfa778d11b
a/bin/packages/core/src/render3/jit/directive.ts:[2m106:16[22m[39m
[90m [2mΓ¥»[22m ╔╡cmp ../darwin_arm64-fastbuild-ST-fdfa778d11ba/bin/packages
/core/testing/src/test_bed_compiler.ts:[2m1116:24[22m[39m
[90m [2mΓ¥»[22m getComponentDef ../darwin_arm64-fastbuild-ST-fdfa778d11ba/bi
n/packages/core/testing/src/test_bed_compiler.ts:[2m1109:14[22m[39m
[90m [2mΓ¥»[22m isStandaloneComponent ../darwin_arm64-fastbuild-ST-fdfa778d1
1ba/bin/packages/core/testing/src/test_bed_compiler.ts:[2m784:19[22m[39m
[90m [2mΓ¥»[22m queueTypesFromModulesArrayRecur ../darwin_arm64-fastbuild-ST
-fdfa778d11ba/bin/packages/core/testing/src/test_bed_compiler.ts:[2m808:4[22m
[39m
[90m [2mΓ¥»[22m queueTypesFromModulesArray ../darwin_arm64-fastbuild-ST-fdfa
778d11ba/bin/packages/core/testing/src/test_bed_compiler.ts:[2m226:11[22m[39
m
[90m [2mΓ¥»[22m configureTestingModule ../darwin_arm64-fastbuild-ST-fdfa778d
11ba/bin/packages/core/testing/src/test_bed.ts:[2m584:18[22m[39m
[90m [2mΓ¥»[22m configureTestingModule ../darwin_arm64-fastbuild-ST-fdfa778d
11ba/bin/packages/core/testing/src/test_bed.ts:[2m319:32[22m[39m
[36m [2mΓ¥»[22m setup 
src/app/features/auth/signup.component.spec.ts:[2m16:13[22m[39m
    [90m 14|[39m     mockAuth [33m=[39m { signUp[33m:[39m vi[33m.[39m[
34mfn[39m()[33m.[39m[34mmockReturnValue[39m([35mof[39m(undefined)) 
}[33m;[39m
    [90m 15|[39m
    [90m 16|[39m     
[33mTestBed[39m[33m.[39m[34mconfigureTestingModule[39m({
    [90m   |[39m             [31m^[39m
    [90m 17|[39m       imports[33m:[39m 
[[33mSignupComponent[39m][33m,[39m
    [90m 18|[39m       providers[33m:[39m [
[90m [2mΓ¥»[22m 
src/app/features/auth/signup.component.spec.ts:[2m98:33[22m[39m

[31m[2mΓÄ»ΓÄ»ΓÄ»ΓÄ»ΓÄ»ΓÄ»ΓÄ»ΓÄ»ΓÄ»ΓÄ»ΓÄ»ΓÄ»ΓÄ»ΓÄ»ΓÄ»ΓÄ»ΓÄ»ΓÄ»ΓÄ»ΓÄ»ΓÄ»[38/140
]ΓÄ»[22m[39m

[41m[1m FAIL [22m[49m src/app/features/auth/signup.component.spec.ts[2m > 
[22mSignupComponent[2m > [22msubmit() sets error on failure
[31m[1mError[22m: Component 'SignupComponent' is not resolved:
 - styleUrl: ./auth.css
Did you run and wait for 'resolveComponentResources()'?[39m
[90m [2mΓ¥»[22m SignupComponent.get ../darwin_arm64-fastbuild-ST-fdfa778d11b
a/bin/packages/core/src/render3/jit/directive.ts:[2m106:16[22m[39m
[90m [2mΓ¥»[22m ╔╡cmp ../darwin_arm64-fastbuild-ST-fdfa778d11ba/bin/packages
/core/testing/src/test_bed_compiler.ts:[2m1116:24[22m[39m
[90m [2mΓ¥»[22m getComponentDef ../darwin_arm64-fastbuild-ST-fdfa778d11ba/bi
n/packages/core/testing/src/test_bed_compiler.ts:[2m1109:14[22m[39m
[90m [2mΓ¥»[22m isStandaloneComponent ../darwin_arm64-fastbuild-ST-fdfa778d1
1ba/bin/packages/core/testing/src/test_bed_compiler.ts:[2m784:19[22m[39m
[90m [2mΓ¥»[22m queueTypesFromModulesArrayRecur ../darwin_arm64-fastbuild-ST
-fdfa778d11ba/bin/packages/core/testing/src/test_bed_compiler.ts:[2m808:4[22m
[39m
[90m [2mΓ¥»[22m queueTypesFromModulesArray ../darwin_arm64-fastbuild-ST-fdfa
778d11ba/bin/packages/core/testing/src/test_bed_compiler.ts:[2m226:11[22m[39
m
[90m [2mΓ¥»[22m configureTestingModule ../darwin_arm64-fastbuild-ST-fdfa778d
11ba/bin/packages/core/testing/src/test_bed.ts:[2m584:18[22m[39m
[90m [2mΓ¥»[22m configureTestingModule ../darwin_arm64-fastbuild-ST-fdfa778d
11ba/bin/packages/core/testing/src/test_bed.ts:[2m319:32[22m[39m
[36m [2mΓ¥»[22m setup 
src/app/features/auth/signup.component.spec.ts:[2m16:13[22m[39m
    [90m 14|[39m     mockAuth [33m=[39m { signUp[33m:[39m vi[33m.[39m[
34mfn[39m()[33m.[39m[34mmockReturnValue[39m([35mof[39m(undefined)) 
}[33m;[39m
    [90m 15|[39m
    [90m 16|[39m     
[33mTestBed[39m[33m.[39m[34mconfigureTestingModule[39m({
    [90m   |[39m             [31m^[39m
    [90m 17|[39m       imports[33m:[39m 
[[33mSignupComponent[39m][33m,[39m
    [90m 18|[39m       providers[33m:[39m [
[90m [2mΓ¥»[22m 
src/app/features/auth/signup.component.spec.ts:[2m106:25[22m[39m

[31m[2mΓÄ»ΓÄ»ΓÄ»ΓÄ»ΓÄ»ΓÄ»ΓÄ»ΓÄ»ΓÄ»ΓÄ»ΓÄ»ΓÄ»ΓÄ»ΓÄ»ΓÄ»ΓÄ»ΓÄ»ΓÄ»ΓÄ»ΓÄ»ΓÄ»[39/140
]ΓÄ»[22m[39m

[41m[1m FAIL [22m[49m src/app/features/auth/signup.component.spec.ts[2m > 
[22mSignupComponent[2m > [22mshows "Create account" heading
[31m[1mError[22m: Component 'SignupComponent' is not resolved:
 - styleUrl: ./auth.css
Did you run and wait for 'resolveComponentResources()'?[39m
[90m [2mΓ¥»[22m SignupComponent.get ../darwin_arm64-fastbuild-ST-fdfa778d11b
a/bin/packages/core/src/render3/jit/directive.ts:[2m106:16[22m[39m
[90m [2mΓ¥»[22m ╔╡cmp ../darwin_arm64-fastbuild-ST-fdfa778d11ba/bin/packages
/core/testing/src/test_bed_compiler.ts:[2m1116:24[22m[39m
[90m [2mΓ¥»[22m getComponentDef ../darwin_arm64-fastbuild-ST-fdfa778d11ba/bi
n/packages/core/testing/src/test_bed_compiler.ts:[2m1109:14[22m[39m
[90m [2mΓ¥»[22m isStandaloneComponent ../darwin_arm64-fastbuild-ST-fdfa778d1
1ba/bin/packages/core/testing/src/test_bed_compiler.ts:[2m784:19[22m[39m
[90m [2mΓ¥»[22m queueTypesFromModulesArrayRecur ../darwin_arm64-fastbuild-ST
-fdfa778d11ba/bin/packages/core/testing/src/test_bed_compiler.ts:[2m808:4[22m
[39m
[90m [2mΓ¥»[22m queueTypesFromModulesArray ../darwin_arm64-fastbuild-ST-fdfa
778d11ba/bin/packages/core/testing/src/test_bed_compiler.ts:[2m226:11[22m[39
m
[90m [2mΓ¥»[22m configureTestingModule ../darwin_arm64-fastbuild-ST-fdfa778d
11ba/bin/packages/core/testing/src/test_bed.ts:[2m584:18[22m[39m
[90m [2mΓ¥»[22m configureTestingModule ../darwin_arm64-fastbuild-ST-fdfa778d
11ba/bin/packages/core/testing/src/test_bed.ts:[2m319:32[22m[39m
[36m [2mΓ¥»[22m setup 
src/app/features/auth/signup.component.spec.ts:[2m16:13[22m[39m
    [90m 14|[39m     mockAuth [33m=[39m { signUp[33m:[39m vi[33m.[39m[
34mfn[39m()[33m.[39m[34mmockReturnValue[39m([35mof[39m(undefined)) 
}[33m;[39m
    [90m 15|[39m
    [90m 16|[39m     
[33mTestBed[39m[33m.[39m[34mconfigureTestingModule[39m({
    [90m   |[39m             [31m^[39m
    [90m 17|[39m       imports[33m:[39m 
[[33mSignupComponent[39m][33m,[39m
    [90m 18|[39m       providers[33m:[39m [
[90m [2mΓ¥»[22m 
src/app/features/auth/signup.component.spec.ts:[2m116:25[22m[39m

[31m[2mΓÄ»ΓÄ»ΓÄ»ΓÄ»ΓÄ»ΓÄ»ΓÄ»ΓÄ»ΓÄ»ΓÄ»ΓÄ»ΓÄ»ΓÄ»ΓÄ»ΓÄ»ΓÄ»ΓÄ»ΓÄ»ΓÄ»ΓÄ»ΓÄ»[40/140
]ΓÄ»[22m[39m

[41m[1m FAIL [22m[49m 
src/app/features/book-detail/book-detail.component.spec.ts[2m > 
[22mBookDetailComponent[2m > [22mcreates successfully
[31m[1mError[22m: Component 'BookDetailComponent' is not resolved:
 - templateUrl: ./book-detail.html
 - styleUrl: ./book-detail.css
Did you run and wait for 'resolveComponentResources()'?[39m
[90m [2mΓ¥»[22m BookDetailComponent.get ../darwin_arm64-fastbuild-ST-fdfa778
d11ba/bin/packages/core/src/render3/jit/directive.ts:[2m106:16[22m[39m
[90m [2mΓ¥»[22m ╔╡cmp ../darwin_arm64-fastbuild-ST-fdfa778d11ba/bin/packages
/core/testing/src/test_bed_compiler.ts:[2m1116:24[22m[39m
[90m [2mΓ¥»[22m getComponentDef ../darwin_arm64-fastbuild-ST-fdfa778d11ba/bi
n/packages/core/testing/src/test_bed_compiler.ts:[2m1109:14[22m[39m
[90m [2mΓ¥»[22m isStandaloneComponent ../darwin_arm64-fastbuild-ST-fdfa778d1
1ba/bin/packages/core/testing/src/test_bed_compiler.ts:[2m784:19[22m[39m
[90m [2mΓ¥»[22m queueTypesFromModulesArrayRecur ../darwin_arm64-fastbuild-ST
-fdfa778d11ba/bin/packages/core/testing/src/test_bed_compiler.ts:[2m808:4[22m
[39m
[90m [2mΓ¥»[22m queueTypesFromModulesArray ../darwin_arm64-fastbuild-ST-fdfa
778d11ba/bin/packages/core/testing/src/test_bed_compiler.ts:[2m226:11[22m[39
m
[90m [2mΓ¥»[22m configureTestingModule ../darwin_arm64-fastbuild-ST-fdfa778d
11ba/bin/packages/core/testing/src/test_bed.ts:[2m584:18[22m[39m
[90m [2mΓ¥»[22m configureTestingModule ../darwin_arm64-fastbuild-ST-fdfa778d
11ba/bin/packages/core/testing/src/test_bed.ts:[2m319:32[22m[39m
[36m [2mΓ¥»[22m setup 
src/app/features/book-detail/book-detail.component.spec.ts:[2m46:13[22m[39m
    [90m 44|[39m     }[33m;[39m
    [90m 45|[39m
    [90m 46|[39m     
[33mTestBed[39m[33m.[39m[34mconfigureTestingModule[39m({
    [90m   |[39m             [31m^[39m
    [90m 47|[39m       imports[33m:[39m 
[[33mBookDetailComponent[39m][33m,[39m
    [90m 48|[39m       providers[33m:[39m [
[90m [2mΓ¥»[22m 
src/app/features/book-detail/book-detail.component.spec.ts:[2m64:12[22m[39m

[31m[2mΓÄ»ΓÄ»ΓÄ»ΓÄ»ΓÄ»ΓÄ»ΓÄ»ΓÄ»ΓÄ»ΓÄ»ΓÄ»ΓÄ»ΓÄ»ΓÄ»ΓÄ»ΓÄ»ΓÄ»ΓÄ»ΓÄ»ΓÄ»ΓÄ»[41/140
]ΓÄ»[22m[39m

[41m[1m FAIL [22m[49m 
src/app/features/book-detail/book-detail.component.spec.ts[2m > 
[22mBookDetailComponent[2m > [22mdisplays book title
[31m[1mError[22m: Component 'BookDetailComponent' is not resolved:
 - templateUrl: ./book-detail.html
 - styleUrl: ./book-detail.css
Did you run and wait for 'resolveComponentResources()'?[39m
[90m [2mΓ¥»[22m BookDetailComponent.get ../darwin_arm64-fastbuild-ST-fdfa778
d11ba/bin/packages/core/src/render3/jit/directive.ts:[2m106:16[22m[39m
[90m [2mΓ¥»[22m ╔╡cmp ../darwin_arm64-fastbuild-ST-fdfa778d11ba/bin/packages
/core/testing/src/test_bed_compiler.ts:[2m1116:24[22m[39m
[90m [2mΓ¥»[22m getComponentDef ../darwin_arm64-fastbuild-ST-fdfa778d11ba/bi
n/packages/core/testing/src/test_bed_compiler.ts:[2m1109:14[22m[39m
[90m [2mΓ¥»[22m isStandaloneComponent ../darwin_arm64-fastbuild-ST-fdfa778d1
1ba/bin/packages/core/testing/src/test_bed_compiler.ts:[2m784:19[22m[39m
[90m [2mΓ¥»[22m queueTypesFromModulesArrayRecur ../darwin_arm64-fastbuild-ST
-fdfa778d11ba/bin/packages/core/testing/src/test_bed_compiler.ts:[2m808:4[22m
[39m
[90m [2mΓ¥»[22m queueTypesFromModulesArray ../darwin_arm64-fastbuild-ST-fdfa
778d11ba/bin/packages/core/testing/src/test_bed_compiler.ts:[2m226:11[22m[39
m
[90m [2mΓ¥»[22m configureTestingModule ../darwin_arm64-fastbuild-ST-fdfa778d
11ba/bin/packages/core/testing/src/test_bed.ts:[2m584:18[22m[39m
[90m [2mΓ¥»[22m configureTestingModule ../darwin_arm64-fastbuild-ST-fdfa778d
11ba/bin/packages/core/testing/src/test_bed.ts:[2m319:32[22m[39m
[36m [2mΓ¥»[22m setup 
src/app/features/book-detail/book-detail.component.spec.ts:[2m46:13[22m[39m
    [90m 44|[39m     }[33m;[39m
    [90m 45|[39m
    [90m 46|[39m     
[33mTestBed[39m[33m.[39m[34mconfigureTestingModule[39m({
    [90m   |[39m             [31m^[39m
    [90m 47|[39m       imports[33m:[39m 
[[33mBookDetailComponent[39m][33m,[39m
    [90m 48|[39m       providers[33m:[39m [
[90m [2mΓ¥»[22m 
src/app/features/book-detail/book-detail.component.spec.ts:[2m68:25[22m[39m

[31m[2mΓÄ»ΓÄ»ΓÄ»ΓÄ»ΓÄ»ΓÄ»ΓÄ»ΓÄ»ΓÄ»ΓÄ»ΓÄ»ΓÄ»ΓÄ»ΓÄ»ΓÄ»ΓÄ»ΓÄ»ΓÄ»ΓÄ»ΓÄ»ΓÄ»[42/140
]ΓÄ»[22m[39m

[41m[1m FAIL [22m[49m 
src/app/features/book-detail/book-detail.component.spec.ts[2m > 
[22mBookDetailComponent[2m > [22mdisplays author
[31m[1mError[22m: Component 'BookDetailComponent' is not resolved:
 - templateUrl: ./book-detail.html
 - styleUrl: ./book-detail.css
Did you run and wait for 'resolveComponentResources()'?[39m
[90m [2mΓ¥»[22m BookDetailComponent.get ../darwin_arm64-fastbuild-ST-fdfa778
d11ba/bin/packages/core/src/render3/jit/directive.ts:[2m106:16[22m[39m
[90m [2mΓ¥»[22m ╔╡cmp ../darwin_arm64-fastbuild-ST-fdfa778d11ba/bin/packages
/core/testing/src/test_bed_compiler.ts:[2m1116:24[22m[39m
[90m [2mΓ¥»[22m getComponentDef ../darwin_arm64-fastbuild-ST-fdfa778d11ba/bi
n/packages/core/testing/src/test_bed_compiler.ts:[2m1109:14[22m[39m
[90m [2mΓ¥»[22m isStandaloneComponent ../darwin_arm64-fastbuild-ST-fdfa778d1
1ba/bin/packages/core/testing/src/test_bed_compiler.ts:[2m784:19[22m[39m
[90m [2mΓ¥»[22m queueTypesFromModulesArrayRecur ../darwin_arm64-fastbuild-ST
-fdfa778d11ba/bin/packages/core/testing/src/test_bed_compiler.ts:[2m808:4[22m
[39m
[90m [2mΓ¥»[22m queueTypesFromModulesArray ../darwin_arm64-fastbuild-ST-fdfa
778d11ba/bin/packages/core/testing/src/test_bed_compiler.ts:[2m226:11[22m[39
m
[90m [2mΓ¥»[22m configureTestingModule ../darwin_arm64-fastbuild-ST-fdfa778d
11ba/bin/packages/core/testing/src/test_bed.ts:[2m584:18[22m[39m
[90m [2mΓ¥»[22m configureTestingModule ../darwin_arm64-fastbuild-ST-fdfa778d
11ba/bin/packages/core/testing/src/test_bed.ts:[2m319:32[22m[39m
[36m [2mΓ¥»[22m setup 
src/app/features/book-detail/book-detail.component.spec.ts:[2m46:13[22m[39m
    [90m 44|[39m     }[33m;[39m
    [90m 45|[39m
    [90m 46|[39m     
[33mTestBed[39m[33m.[39m[34mconfigureTestingModule[39m({
    [90m   |[39m             [31m^[39m
    [90m 47|[39m       imports[33m:[39m 
[[33mBookDetailComponent[39m][33m,[39m
    [90m 48|[39m       providers[33m:[39m [
[90m [2mΓ¥»[22m 
src/app/features/book-detail/book-detail.component.spec.ts:[2m73:25[22m[39m

[31m[2mΓÄ»ΓÄ»ΓÄ»ΓÄ»ΓÄ»ΓÄ»ΓÄ»ΓÄ»ΓÄ»ΓÄ»ΓÄ»ΓÄ»ΓÄ»ΓÄ»ΓÄ»ΓÄ»ΓÄ»ΓÄ»ΓÄ»ΓÄ»ΓÄ»[43/140
]ΓÄ»[22m[39m

[41m[1m FAIL [22m[49m 
src/app/features/book-detail/book-detail.component.spec.ts[2m > 
[22mBookDetailComponent[2m > [22mdisplays shelf name badge
[31m[1mError[22m: Component 'BookDetailComponent' is not resolved:
 - templateUrl: ./book-detail.html
 - styleUrl: ./book-detail.css
Did you run and wait for 'resolveComponentResources()'?[39m
[90m [2mΓ¥»[22m BookDetailComponent.get ../darwin_arm64-fastbuild-ST-fdfa778
d11ba/bin/packages/core/src/render3/jit/directive.ts:[2m106:16[22m[39m
[90m [2mΓ¥»[22m ╔╡cmp ../darwin_arm64-fastbuild-ST-fdfa778d11ba/bin/packages
/core/testing/src/test_bed_compiler.ts:[2m1116:24[22m[39m
[90m [2mΓ¥»[22m getComponentDef ../darwin_arm64-fastbuild-ST-fdfa778d11ba/bi
n/packages/core/testing/src/test_bed_compiler.ts:[2m1109:14[22m[39m
[90m [2mΓ¥»[22m isStandaloneComponent ../darwin_arm64-fastbuild-ST-fdfa778d1
1ba/bin/packages/core/testing/src/test_bed_compiler.ts:[2m784:19[22m[39m
[90m [2mΓ¥»[22m queueTypesFromModulesArrayRecur ../darwin_arm64-fastbuild-ST
-fdfa778d11ba/bin/packages/core/testing/src/test_bed_compiler.ts:[2m808:4[22m
[39m
[90m [2mΓ¥»[22m queueTypesFromModulesArray ../darwin_arm64-fastbuild-ST-fdfa
778d11ba/bin/packages/core/testing/src/test_bed_compiler.ts:[2m226:11[22m[39
m
[90m [2mΓ¥»[22m configureTestingModule ../darwin_arm64-fastbuild-ST-fdfa778d
11ba/bin/packages/core/testing/src/test_bed.ts:[2m584:18[22m[39m
[90m [2mΓ¥»[22m configureTestingModule ../darwin_arm64-fastbuild-ST-fdfa778d
11ba/bin/packages/core/testing/src/test_bed.ts:[2m319:32[22m[39m
[36m [2mΓ¥»[22m setup 
src/app/features/book-detail/book-detail.component.spec.ts:[2m46:13[22m[39m
    [90m 44|[39m     }[33m;[39m
    [90m 45|[39m
    [90m 46|[39m     
[33mTestBed[39m[33m.[39m[34mconfigureTestingModule[39m({
    [90m   |[39m             [31m^[39m
    [90m 47|[39m       imports[33m:[39m 
[[33mBookDetailComponent[39m][33m,[39m
    [90m 48|[39m       providers[33m:[39m [
[90m [2mΓ¥»[22m 
src/app/features/book-detail/book-detail.component.spec.ts:[2m78:25[22m[39m

[31m[2mΓÄ»ΓÄ»ΓÄ»ΓÄ»ΓÄ»ΓÄ»ΓÄ»ΓÄ»ΓÄ»ΓÄ»ΓÄ»ΓÄ»ΓÄ»ΓÄ»ΓÄ»ΓÄ»ΓÄ»ΓÄ»ΓÄ»ΓÄ»ΓÄ»[44/140
]ΓÄ»[22m[39m

[41m[1m FAIL [22m[49m 
src/app/features/book-detail/book-detail.component.spec.ts[2m > 
[22mBookDetailComponent[2m > [22mcomputed book() finds the correct book by 
id
[31m[1mError[22m: Component 'BookDetailComponent' is not resolved:
 - templateUrl: ./book-detail.html
 - styleUrl: ./book-detail.css
Did you run and wait for 'resolveComponentResources()'?[39m
[90m [2mΓ¥»[22m BookDetailComponent.get ../darwin_arm64-fastbuild-ST-fdfa778
d11ba/bin/packages/core/src/render3/jit/directive.ts:[2m106:16[22m[39m
[90m [2mΓ¥»[22m ╔╡cmp ../darwin_arm64-fastbuild-ST-fdfa778d11ba/bin/packages
/core/testing/src/test_bed_compiler.ts:[2m1116:24[22m[39m
[90m [2mΓ¥»[22m getComponentDef ../darwin_arm64-fastbuild-ST-fdfa778d11ba/bi
n/packages/core/testing/src/test_bed_compiler.ts:[2m1109:14[22m[39m
[90m [2mΓ¥»[22m isStandaloneComponent ../darwin_arm64-fastbuild-ST-fdfa778d1
1ba/bin/packages/core/testing/src/test_bed_compiler.ts:[2m784:19[22m[39m
[90m [2mΓ¥»[22m queueTypesFromModulesArrayRecur ../darwin_arm64-fastbuild-ST
-fdfa778d11ba/bin/packages/core/testing/src/test_bed_compiler.ts:[2m808:4[22m
[39m
[90m [2mΓ¥»[22m queueTypesFromModulesArray ../darwin_arm64-fastbuild-ST-fdfa
778d11ba/bin/packages/core/testing/src/test_bed_compiler.ts:[2m226:11[22m[39
m
[90m [2mΓ¥»[22m configureTestingModule ../darwin_arm64-fastbuild-ST-fdfa778d
11ba/bin/packages/core/testing/src/test_bed.ts:[2m584:18[22m[39m
[90m [2mΓ¥»[22m configureTestingModule ../darwin_arm64-fastbuild-ST-fdfa778d
11ba/bin/packages/core/testing/src/test_bed.ts:[2m319:32[22m[39m
[36m [2mΓ¥»[22m setup 
src/app/features/book-detail/book-detail.component.spec.ts:[2m46:13[22m[39m
    [90m 44|[39m     }[33m;[39m
    [90m 45|[39m
    [90m 46|[39m     
[33mTestBed[39m[33m.[39m[34mconfigureTestingModule[39m({
    [90m   |[39m             [31m^[39m
    [90m 47|[39m       imports[33m:[39m 
[[33mBookDetailComponent[39m][33m,[39m
    [90m 48|[39m       providers[33m:[39m [
[90m [2mΓ¥»[22m 
src/app/features/book-detail/book-detail.component.spec.ts:[2m83:25[22m[39m

[31m[2mΓÄ»ΓÄ»ΓÄ»ΓÄ»ΓÄ»ΓÄ»ΓÄ»ΓÄ»ΓÄ»ΓÄ»ΓÄ»ΓÄ»ΓÄ»ΓÄ»ΓÄ»ΓÄ»ΓÄ»ΓÄ»ΓÄ»ΓÄ»ΓÄ»[45/140
]ΓÄ»[22m[39m

[41m[1m FAIL [22m[49m 
src/app/features/book-detail/book-detail.component.spec.ts[2m > 
[22mBookDetailComponent[2m > [22mcomputed book() is undefined when bookId 
does not match
[31m[1mError[22m: Component 'BookDetailComponent' is not resolved:
 - templateUrl: ./book-detail.html
 - styleUrl: ./book-detail.css
Did you run and wait for 'resolveComponentResources()'?[39m
[90m [2mΓ¥»[22m BookDetailComponent.get ../darwin_arm64-fastbuild-ST-fdfa778
d11ba/bin/packages/core/src/render3/jit/directive.ts:[2m106:16[22m[39m
[90m [2mΓ¥»[22m ╔╡cmp ../darwin_arm64-fastbuild-ST-fdfa778d11ba/bin/packages
/core/testing/src/test_bed_compiler.ts:[2m1116:24[22m[39m
[90m [2mΓ¥»[22m getComponentDef ../darwin_arm64-fastbuild-ST-fdfa778d11ba/bi
n/packages/core/testing/src/test_bed_compiler.ts:[2m1109:14[22m[39m
[90m [2mΓ¥»[22m isStandaloneComponent ../darwin_arm64-fastbuild-ST-fdfa778d1
1ba/bin/packages/core/testing/src/test_bed_compiler.ts:[2m784:19[22m[39m
[90m [2mΓ¥»[22m queueTypesFromModulesArrayRecur ../darwin_arm64-fastbuild-ST
-fdfa778d11ba/bin/packages/core/testing/src/test_bed_compiler.ts:[2m808:4[22m
[39m
[90m [2mΓ¥»[22m queueTypesFromModulesArray ../darwin_arm64-fastbuild-ST-fdfa
778d11ba/bin/packages/core/testing/src/test_bed_compiler.ts:[2m226:11[22m[39
m
[90m [2mΓ¥»[22m configureTestingModule ../darwin_arm64-fastbuild-ST-fdfa778d
11ba/bin/packages/core/testing/src/test_bed.ts:[2m584:18[22m[39m
[90m [2mΓ¥»[22m configureTestingModule ../darwin_arm64-fastbuild-ST-fdfa778d
11ba/bin/packages/core/testing/src/test_bed.ts:[2m319:32[22m[39m
[36m [2mΓ¥»[22m setup 
src/app/features/book-detail/book-detail.component.spec.ts:[2m46:13[22m[39m
    [90m 44|[39m     }[33m;[39m
    [90m 45|[39m
    [90m 46|[39m     
[33mTestBed[39m[33m.[39m[34mconfigureTestingModule[39m({
    [90m   |[39m             [31m^[39m
    [90m 47|[39m       imports[33m:[39m 
[[33mBookDetailComponent[39m][33m,[39m
    [90m 48|[39m       providers[33m:[39m [
[90m [2mΓ¥»[22m 
src/app/features/book-detail/book-detail.component.spec.ts:[2m89:25[22m[39m

[31m[2mΓÄ»ΓÄ»ΓÄ»ΓÄ»ΓÄ»ΓÄ»ΓÄ»ΓÄ»ΓÄ»ΓÄ»ΓÄ»ΓÄ»ΓÄ»ΓÄ»ΓÄ»ΓÄ»ΓÄ»ΓÄ»ΓÄ»ΓÄ»ΓÄ»[46/140
]ΓÄ»[22m[39m

[41m[1m FAIL [22m[49m 
src/app/features/book-detail/book-detail.component.spec.ts[2m > 
[22mBookDetailComponent[2m > [22mcomputed progress() returns null when no 
progress exists
[31m[1mError[22m: Component 'BookDetailComponent' is not resolved:
 - templateUrl: ./book-detail.html
 - styleUrl: ./book-detail.css
Did you run and wait for 'resolveComponentResources()'?[39m
[90m [2mΓ¥»[22m BookDetailComponent.get ../darwin_arm64-fastbuild-ST-fdfa778
d11ba/bin/packages/core/src/render3/jit/directive.ts:[2m106:16[22m[39m
[90m [2mΓ¥»[22m ╔╡cmp ../darwin_arm64-fastbuild-ST-fdfa778d11ba/bin/packages
/core/testing/src/test_bed_compiler.ts:[2m1116:24[22m[39m
[90m [2mΓ¥»[22m getComponentDef ../darwin_arm64-fastbuild-ST-fdfa778d11ba/bi
n/packages/core/testing/src/test_bed_compiler.ts:[2m1109:14[22m[39m
[90m [2mΓ¥»[22m isStandaloneComponent ../darwin_arm64-fastbuild-ST-fdfa778d1
1ba/bin/packages/core/testing/src/test_bed_compiler.ts:[2m784:19[22m[39m
[90m [2mΓ¥»[22m queueTypesFromModulesArrayRecur ../darwin_arm64-fastbuild-ST
-fdfa778d11ba/bin/packages/core/testing/src/test_bed_compiler.ts:[2m808:4[22m
[39m
[90m [2mΓ¥»[22m queueTypesFromModulesArray ../darwin_arm64-fastbuild-ST-fdfa
778d11ba/bin/packages/core/testing/src/test_bed_compiler.ts:[2m226:11[22m[39
m
[90m [2mΓ¥»[22m configureTestingModule ../darwin_arm64-fastbuild-ST-fdfa778d
11ba/bin/packages/core/testing/src/test_bed.ts:[2m584:18[22m[39m
[90m [2mΓ¥»[22m configureTestingModule ../darwin_arm64-fastbuild-ST-fdfa778d
11ba/bin/packages/core/testing/src/test_bed.ts:[2m319:32[22m[39m
[36m [2mΓ¥»[22m setup 
src/app/features/book-detail/book-detail.component.spec.ts:[2m46:13[22m[39m
    [90m 44|[39m     }[33m;[39m
    [90m 45|[39m
    [90m 46|[39m     
[33mTestBed[39m[33m.[39m[34mconfigureTestingModule[39m({
    [90m   |[39m             [31m^[39m
    [90m 47|[39m       imports[33m:[39m 
[[33mBookDetailComponent[39m][33m,[39m
    [90m 48|[39m       providers[33m:[39m [
[90m [2mΓ¥»[22m 
src/app/features/book-detail/book-detail.component.spec.ts:[2m95:25[22m[39m

[31m[2mΓÄ»ΓÄ»ΓÄ»ΓÄ»ΓÄ»ΓÄ»ΓÄ»ΓÄ»ΓÄ»ΓÄ»ΓÄ»ΓÄ»ΓÄ»ΓÄ»ΓÄ»ΓÄ»ΓÄ»ΓÄ»ΓÄ»ΓÄ»ΓÄ»[47/140
]ΓÄ»[22m[39m

[41m[1m FAIL [22m[49m 
src/app/features/book-detail/book-detail.component.spec.ts[2m > 
[22mBookDetailComponent[2m > [22mcomputed progress() returns progress when 
it exists
[31m[1mError[22m: Component 'BookDetailComponent' is not resolved:
 - templateUrl: ./book-detail.html
 - styleUrl: ./book-detail.css
Did you run and wait for 'resolveComponentResources()'?[39m
[90m [2mΓ¥»[22m BookDetailComponent.get ../darwin_arm64-fastbuild-ST-fdfa778
d11ba/bin/packages/core/src/render3/jit/directive.ts:[2m106:16[22m[39m
[90m [2mΓ¥»[22m ╔╡cmp ../darwin_arm64-fastbuild-ST-fdfa778d11ba/bin/packages
/core/testing/src/test_bed_compiler.ts:[2m1116:24[22m[39m
[90m [2mΓ¥»[22m getComponentDef ../darwin_arm64-fastbuild-ST-fdfa778d11ba/bi
n/packages/core/testing/src/test_bed_compiler.ts:[2m1109:14[22m[39m
[90m [2mΓ¥»[22m isStandaloneComponent ../darwin_arm64-fastbuild-ST-fdfa778d1
1ba/bin/packages/core/testing/src/test_bed_compiler.ts:[2m784:19[22m[39m
[90m [2mΓ¥»[22m queueTypesFromModulesArrayRecur ../darwin_arm64-fastbuild-ST
-fdfa778d11ba/bin/packages/core/testing/src/test_bed_compiler.ts:[2m808:4[22m
[39m
[90m [2mΓ¥»[22m queueTypesFromModulesArray ../darwin_arm64-fastbuild-ST-fdfa
778d11ba/bin/packages/core/testing/src/test_bed_compiler.ts:[2m226:11[22m[39
m
[90m [2mΓ¥»[22m configureTestingModule ../darwin_arm64-fastbuild-ST-fdfa778d
11ba/bin/packages/core/testing/src/test_bed.ts:[2m584:18[22m[39m
[90m [2mΓ¥»[22m configureTestingModule ../darwin_arm64-fastbuild-ST-fdfa778d
11ba/bin/packages/core/testing/src/test_bed.ts:[2m319:32[22m[39m
[36m [2mΓ¥»[22m setup 
src/app/features/book-detail/book-detail.component.spec.ts:[2m46:13[22m[39m
    [90m 44|[39m     }[33m;[39m
    [90m 45|[39m
    [90m 46|[39m     
[33mTestBed[39m[33m.[39m[34mconfigureTestingModule[39m({
    [90m   |[39m             [31m^[39m
    [90m 47|[39m       imports[33m:[39m 
[[33mBookDetailComponent[39m][33m,[39m
    [90m 48|[39m       providers[33m:[39m [
[90m [2mΓ¥»[22m 
src/app/features/book-detail/book-detail.component.spec.ts:[2m102:25[22m[39m

[31m[2mΓÄ»ΓÄ»ΓÄ»ΓÄ»ΓÄ»ΓÄ»ΓÄ»ΓÄ»ΓÄ»ΓÄ»ΓÄ»ΓÄ»ΓÄ»ΓÄ»ΓÄ»ΓÄ»ΓÄ»ΓÄ»ΓÄ»ΓÄ»ΓÄ»[48/140
]ΓÄ»[22m[39m

[41m[1m FAIL [22m[49m 
src/app/features/book-detail/book-detail.component.spec.ts[2m > 
[22mBookDetailComponent[2m > [22msaveProgress() calls store.updateProgress
[31m[1mError[22m: Component 'BookDetailComponent' is not resolved:
 - templateUrl: ./book-detail.html
 - styleUrl: ./book-detail.css
Did you run and wait for 'resolveComponentResources()'?[39m
[90m [2mΓ¥»[22m BookDetailComponent.get ../darwin_arm64-fastbuild-ST-fdfa778
d11ba/bin/packages/core/src/render3/jit/directive.ts:[2m106:16[22m[39m
[90m [2mΓ¥»[22m ╔╡cmp ../darwin_arm64-fastbuild-ST-fdfa778d11ba/bin/packages
/core/testing/src/test_bed_compiler.ts:[2m1116:24[22m[39m
[90m [2mΓ¥»[22m getComponentDef ../darwin_arm64-fastbuild-ST-fdfa778d11ba/bi
n/packages/core/testing/src/test_bed_compiler.ts:[2m1109:14[22m[39m
[90m [2mΓ¥»[22m isStandaloneComponent ../darwin_arm64-fastbuild-ST-fdfa778d1
1ba/bin/packages/core/testing/src/test_bed_compiler.ts:[2m784:19[22m[39m
[90m [2mΓ¥»[22m queueTypesFromModulesArrayRecur ../darwin_arm64-fastbuild-ST
-fdfa778d11ba/bin/packages/core/testing/src/test_bed_compiler.ts:[2m808:4[22m
[39m
[90m [2mΓ¥»[22m queueTypesFromModulesArray ../darwin_arm64-fastbuild-ST-fdfa
778d11ba/bin/packages/core/testing/src/test_bed_compiler.ts:[2m226:11[22m[39
m
[90m [2mΓ¥»[22m configureTestingModule ../darwin_arm64-fastbuild-ST-fdfa778d
11ba/bin/packages/core/testing/src/test_bed.ts:[2m584:18[22m[39m
[90m [2mΓ¥»[22m configureTestingModule ../darwin_arm64-fastbuild-ST-fdfa778d
11ba/bin/packages/core/testing/src/test_bed.ts:[2m319:32[22m[39m
[36m [2mΓ¥»[22m setup 
src/app/features/book-detail/book-detail.component.spec.ts:[2m46:13[22m[39m
    [90m 44|[39m     }[33m;[39m
    [90m 45|[39m
    [90m 46|[39m     
[33mTestBed[39m[33m.[39m[34mconfigureTestingModule[39m({
    [90m   |[39m             [31m^[39m
    [90m 47|[39m       imports[33m:[39m 
[[33mBookDetailComponent[39m][33m,[39m
    [90m 48|[39m       providers[33m:[39m [
[90m [2mΓ¥»[22m 
src/app/features/book-detail/book-detail.component.spec.ts:[2m108:36[22m[39m

[31m[2mΓÄ»ΓÄ»ΓÄ»ΓÄ»ΓÄ»ΓÄ»ΓÄ»ΓÄ»ΓÄ»ΓÄ»ΓÄ»ΓÄ»ΓÄ»ΓÄ»ΓÄ»ΓÄ»ΓÄ»ΓÄ»ΓÄ»ΓÄ»ΓÄ»[49/140
]ΓÄ»[22m[39m

[41m[1m FAIL [22m[49m 
src/app/features/book-detail/book-detail.component.spec.ts[2m > 
[22mBookDetailComponent[2m > [22msaveProgress() clears editingProgress
[31m[1mError[22m: Component 'BookDetailComponent' is not resolved:
 - templateUrl: ./book-detail.html
 - styleUrl: ./book-detail.css
Did you run and wait for 'resolveComponentResources()'?[39m
[90m [2mΓ¥»[22m BookDetailComponent.get ../darwin_arm64-fastbuild-ST-fdfa778
d11ba/bin/packages/core/src/render3/jit/directive.ts:[2m106:16[22m[39m
[90m [2mΓ¥»[22m ╔╡cmp ../darwin_arm64-fastbuild-ST-fdfa778d11ba/bin/packages
/core/testing/src/test_bed_compiler.ts:[2m1116:24[22m[39m
[90m [2mΓ¥»[22m getComponentDef ../darwin_arm64-fastbuild-ST-fdfa778d11ba/bi
n/packages/core/testing/src/test_bed_compiler.ts:[2m1109:14[22m[39m
[90m [2mΓ¥»[22m isStandaloneComponent ../darwin_arm64-fastbuild-ST-fdfa778d1
1ba/bin/packages/core/testing/src/test_bed_compiler.ts:[2m784:19[22m[39m
[90m [2mΓ¥»[22m queueTypesFromModulesArrayRecur ../darwin_arm64-fastbuild-ST
-fdfa778d11ba/bin/packages/core/testing/src/test_bed_compiler.ts:[2m808:4[22m
[39m
[90m [2mΓ¥»[22m queueTypesFromModulesArray ../darwin_arm64-fastbuild-ST-fdfa
778d11ba/bin/packages/core/testing/src/test_bed_compiler.ts:[2m226:11[22m[39
m
[90m [2mΓ¥»[22m configureTestingModule ../darwin_arm64-fastbuild-ST-fdfa778d
11ba/bin/packages/core/testing/src/test_bed.ts:[2m584:18[22m[39m
[90m [2mΓ¥»[22m configureTestingModule ../darwin_arm64-fastbuild-ST-fdfa778d
11ba/bin/packages/core/testing/src/test_bed.ts:[2m319:32[22m[39m
[36m [2mΓ¥»[22m setup 
src/app/features/book-detail/book-detail.component.spec.ts:[2m46:13[22m[39m
    [90m 44|[39m     }[33m;[39m
    [90m 45|[39m
    [90m 46|[39m     
[33mTestBed[39m[33m.[39m[34mconfigureTestingModule[39m({
    [90m   |[39m             [31m^[39m
    [90m 47|[39m       imports[33m:[39m 
[[33mBookDetailComponent[39m][33m,[39m
    [90m 48|[39m       providers[33m:[39m [
[90m [2mΓ¥»[22m 
src/app/features/book-detail/book-detail.component.spec.ts:[2m116:25[22m[39m

[31m[2mΓÄ»ΓÄ»ΓÄ»ΓÄ»ΓÄ»ΓÄ»ΓÄ»ΓÄ»ΓÄ»ΓÄ»ΓÄ»ΓÄ»ΓÄ»ΓÄ»ΓÄ»ΓÄ»ΓÄ»ΓÄ»ΓÄ»ΓÄ»ΓÄ»[50/140
]ΓÄ»[22m[39m

[41m[1m FAIL [22m[49m 
src/app/features/book-detail/book-detail.component.spec.ts[2m > 
[22mBookDetailComponent[2m > [22mrate() calls store.updateRating
[31m[1mError[22m: Component 'BookDetailComponent' is not resolved:
 - templateUrl: ./book-detail.html
 - styleUrl: ./book-detail.css
Did you run and wait for 'resolveComponentResources()'?[39m
[90m [2mΓ¥»[22m BookDetailComponent.get ../darwin_arm64-fastbuild-ST-fdfa778
d11ba/bin/packages/core/src/render3/jit/directive.ts:[2m106:16[22m[39m
[90m [2mΓ¥»[22m ╔╡cmp ../darwin_arm64-fastbuild-ST-fdfa778d11ba/bin/packages
/core/testing/src/test_bed_compiler.ts:[2m1116:24[22m[39m
[90m [2mΓ¥»[22m getComponentDef ../darwin_arm64-fastbuild-ST-fdfa778d11ba/bi
n/packages/core/testing/src/test_bed_compiler.ts:[2m1109:14[22m[39m
[90m [2mΓ¥»[22m isStandaloneComponent ../darwin_arm64-fastbuild-ST-fdfa778d1
1ba/bin/packages/core/testing/src/test_bed_compiler.ts:[2m784:19[22m[39m
[90m [2mΓ¥»[22m queueTypesFromModulesArrayRecur ../darwin_arm64-fastbuild-ST
-fdfa778d11ba/bin/packages/core/testing/src/test_bed_compiler.ts:[2m808:4[22m
[39m
[90m [2mΓ¥»[22m queueTypesFromModulesArray ../darwin_arm64-fastbuild-ST-fdfa
778d11ba/bin/packages/core/testing/src/test_bed_compiler.ts:[2m226:11[22m[39
m
[90m [2mΓ¥»[22m configureTestingModule ../darwin_arm64-fastbuild-ST-fdfa778d
11ba/bin/packages/core/testing/src/test_bed.ts:[2m584:18[22m[39m
[90m [2mΓ¥»[22m configureTestingModule ../darwin_arm64-fastbuild-ST-fdfa778d
11ba/bin/packages/core/testing/src/test_bed.ts:[2m319:32[22m[39m
[36m [2mΓ¥»[22m setup 
src/app/features/book-detail/book-detail.component.spec.ts:[2m46:13[22m[39m
    [90m 44|[39m     }[33m;[39m
    [90m 45|[39m
    [90m 46|[39m     
[33mTestBed[39m[33m.[39m[34mconfigureTestingModule[39m({
    [90m   |[39m             [31m^[39m
    [90m 47|[39m       imports[33m:[39m 
[[33mBookDetailComponent[39m][33m,[39m
    [90m 48|[39m       providers[33m:[39m [
[90m [2mΓ¥»[22m 
src/app/features/book-detail/book-detail.component.spec.ts:[2m124:36[22m[39m

[31m[2mΓÄ»ΓÄ»ΓÄ»ΓÄ»ΓÄ»ΓÄ»ΓÄ»ΓÄ»ΓÄ»ΓÄ»ΓÄ»ΓÄ»ΓÄ»ΓÄ»ΓÄ»ΓÄ»ΓÄ»ΓÄ»ΓÄ»ΓÄ»ΓÄ»[51/140
]ΓÄ»[22m[39m

[41m[1m FAIL [22m[49m 
src/app/features/book-detail/book-detail.component.spec.ts[2m > 
[22mBookDetailComponent[2m > [22mmoveToShelf() calls store.moveBook
[31m[1mError[22m: Component 'BookDetailComponent' is not resolved:
 - templateUrl: ./book-detail.html
 - styleUrl: ./book-detail.css
Did you run and wait for 'resolveComponentResources()'?[39m
[90m [2mΓ¥»[22m BookDetailComponent.get ../darwin_arm64-fastbuild-ST-fdfa778
d11ba/bin/packages/core/src/render3/jit/directive.ts:[2m106:16[22m[39m
[90m [2mΓ¥»[22m ╔╡cmp ../darwin_arm64-fastbuild-ST-fdfa778d11ba/bin/packages
/core/testing/src/test_bed_compiler.ts:[2m1116:24[22m[39m
[90m [2mΓ¥»[22m getComponentDef ../darwin_arm64-fastbuild-ST-fdfa778d11ba/bi
n/packages/core/testing/src/test_bed_compiler.ts:[2m1109:14[22m[39m
[90m [2mΓ¥»[22m isStandaloneComponent ../darwin_arm64-fastbuild-ST-fdfa778d1
1ba/bin/packages/core/testing/src/test_bed_compiler.ts:[2m784:19[22m[39m
[90m [2mΓ¥»[22m queueTypesFromModulesArrayRecur ../darwin_arm64-fastbuild-ST
-fdfa778d11ba/bin/packages/core/testing/src/test_bed_compiler.ts:[2m808:4[22m
[39m
[90m [2mΓ¥»[22m queueTypesFromModulesArray ../darwin_arm64-fastbuild-ST-fdfa
778d11ba/bin/packages/core/testing/src/test_bed_compiler.ts:[2m226:11[22m[39
m
[90m [2mΓ¥»[22m configureTestingModule ../darwin_arm64-fastbuild-ST-fdfa778d
11ba/bin/packages/core/testing/src/test_bed.ts:[2m584:18[22m[39m
[90m [2mΓ¥»[22m configureTestingModule ../darwin_arm64-fastbuild-ST-fdfa778d
11ba/bin/packages/core/testing/src/test_bed.ts:[2m319:32[22m[39m
[36m [2mΓ¥»[22m setup 
src/app/features/book-detail/book-detail.component.spec.ts:[2m46:13[22m[39m
    [90m 44|[39m     }[33m;[39m
    [90m 45|[39m
    [90m 46|[39m     
[33mTestBed[39m[33m.[39m[34mconfigureTestingModule[39m({
    [90m   |[39m             [31m^[39m
    [90m 47|[39m       imports[33m:[39m 
[[33mBookDetailComponent[39m][33m,[39m
    [90m 48|[39m       providers[33m:[39m [
[90m [2mΓ¥»[22m 
src/app/features/book-detail/book-detail.component.spec.ts:[2m130:36[22m[39m

[31m[2mΓÄ»ΓÄ»ΓÄ»ΓÄ»ΓÄ»ΓÄ»ΓÄ»ΓÄ»ΓÄ»ΓÄ»ΓÄ»ΓÄ»ΓÄ»ΓÄ»ΓÄ»ΓÄ»ΓÄ»ΓÄ»ΓÄ»ΓÄ»ΓÄ»[52/140
]ΓÄ»[22m[39m

[41m[1m FAIL [22m[49m 
src/app/features/book-detail/book-detail.component.spec.ts[2m > 
[22mBookDetailComponent[2m > [22msaveNotes() calls store.updateNotes
[31m[1mError[22m: Component 'BookDetailComponent' is not resolved:
 - templateUrl: ./book-detail.html
 - styleUrl: ./book-detail.css
Did you run and wait for 'resolveComponentResources()'?[39m
[90m [2mΓ¥»[22m BookDetailComponent.get ../darwin_arm64-fastbuild-ST-fdfa778
d11ba/bin/packages/core/src/render3/jit/directive.ts:[2m106:16[22m[39m
[90m [2mΓ¥»[22m ╔╡cmp ../darwin_arm64-fastbuild-ST-fdfa778d11ba/bin/packages
/core/testing/src/test_bed_compiler.ts:[2m1116:24[22m[39m
[90m [2mΓ¥»[22m getComponentDef ../darwin_arm64-fastbuild-ST-fdfa778d11ba/bi
n/packages/core/testing/src/test_bed_compiler.ts:[2m1109:14[22m[39m
[90m [2mΓ¥»[22m isStandaloneComponent ../darwin_arm64-fastbuild-ST-fdfa778d1
1ba/bin/packages/core/testing/src/test_bed_compiler.ts:[2m784:19[22m[39m
[90m [2mΓ¥»[22m queueTypesFromModulesArrayRecur ../darwin_arm64-fastbuild-ST
-fdfa778d11ba/bin/packages/core/testing/src/test_bed_compiler.ts:[2m808:4[22m
[39m
[90m [2mΓ¥»[22m queueTypesFromModulesArray ../darwin_arm64-fastbuild-ST-fdfa
778d11ba/bin/packages/core/testing/src/test_bed_compiler.ts:[2m226:11[22m[39
m
[90m [2mΓ¥»[22m configureTestingModule ../darwin_arm64-fastbuild-ST-fdfa778d
11ba/bin/packages/core/testing/src/test_bed.ts:[2m584:18[22m[39m
[90m [2mΓ¥»[22m configureTestingModule ../darwin_arm64-fastbuild-ST-fdfa778d
11ba/bin/packages/core/testing/src/test_bed.ts:[2m319:32[22m[39m
[36m [2mΓ¥»[22m setup 
src/app/features/book-detail/book-detail.component.spec.ts:[2m46:13[22m[39m
    [90m 44|[39m     }[33m;[39m
    [90m 45|[39m
    [90m 46|[39m     
[33mTestBed[39m[33m.[39m[34mconfigureTestingModule[39m({
    [90m   |[39m             [31m^[39m
    [90m 47|[39m       imports[33m:[39m 
[[33mBookDetailComponent[39m][33m,[39m
    [90m 48|[39m       providers[33m:[39m [
[90m [2mΓ¥»[22m 
src/app/features/book-detail/book-detail.component.spec.ts:[2m136:36[22m[39m

[31m[2mΓÄ»ΓÄ»ΓÄ»ΓÄ»ΓÄ»ΓÄ»ΓÄ»ΓÄ»ΓÄ»ΓÄ»ΓÄ»ΓÄ»ΓÄ»ΓÄ»ΓÄ»ΓÄ»ΓÄ»ΓÄ»ΓÄ»ΓÄ»ΓÄ»[53/140
]ΓÄ»[22m[39m

[41m[1m FAIL [22m[49m 
src/app/features/book-detail/book-detail.component.spec.ts[2m > 
[22mBookDetailComponent[2m > [22mshelfName computed returns the shelf name
[31m[1mError[22m: Component 'BookDetailComponent' is not resolved:
 - templateUrl: ./book-detail.html
 - styleUrl: ./book-detail.css
Did you run and wait for 'resolveComponentResources()'?[39m
[90m [2mΓ¥»[22m BookDetailComponent.get ../darwin_arm64-fastbuild-ST-fdfa778
d11ba/bin/packages/core/src/render3/jit/directive.ts:[2m106:16[22m[39m
[90m [2mΓ¥»[22m ╔╡cmp ../darwin_arm64-fastbuild-ST-fdfa778d11ba/bin/packages
/core/testing/src/test_bed_compiler.ts:[2m1116:24[22m[39m
[90m [2mΓ¥»[22m getComponentDef ../darwin_arm64-fastbuild-ST-fdfa778d11ba/bi
n/packages/core/testing/src/test_bed_compiler.ts:[2m1109:14[22m[39m
[90m [2mΓ¥»[22m isStandaloneComponent ../darwin_arm64-fastbuild-ST-fdfa778d1
1ba/bin/packages/core/testing/src/test_bed_compiler.ts:[2m784:19[22m[39m
[90m [2mΓ¥»[22m queueTypesFromModulesArrayRecur ../darwin_arm64-fastbuild-ST
-fdfa778d11ba/bin/packages/core/testing/src/test_bed_compiler.ts:[2m808:4[22m
[39m
[90m [2mΓ¥»[22m queueTypesFromModulesArray ../darwin_arm64-fastbuild-ST-fdfa
778d11ba/bin/packages/core/testing/src/test_bed_compiler.ts:[2m226:11[22m[39
m
[90m [2mΓ¥»[22m configureTestingModule ../darwin_arm64-fastbuild-ST-fdfa778d
11ba/bin/packages/core/testing/src/test_bed.ts:[2m584:18[22m[39m
[90m [2mΓ¥»[22m configureTestingModule ../darwin_arm64-fastbuild-ST-fdfa778d
11ba/bin/packages/core/testing/src/test_bed.ts:[2m319:32[22m[39m
[36m [2mΓ¥»[22m setup 
src/app/features/book-detail/book-detail.component.spec.ts:[2m46:13[22m[39m
    [90m 44|[39m     }[33m;[39m
    [90m 45|[39m
    [90m 46|[39m     
[33mTestBed[39m[33m.[39m[34mconfigureTestingModule[39m({
    [90m   |[39m             [31m^[39m
    [90m 47|[39m       imports[33m:[39m 
[[33mBookDetailComponent[39m][33m,[39m
    [90m 48|[39m       providers[33m:[39m [
[90m [2mΓ¥»[22m 
src/app/features/book-detail/book-detail.component.spec.ts:[2m144:25[22m[39m

[31m[2mΓÄ»ΓÄ»ΓÄ»ΓÄ»ΓÄ»ΓÄ»ΓÄ»ΓÄ»ΓÄ»ΓÄ»ΓÄ»ΓÄ»ΓÄ»ΓÄ»ΓÄ»ΓÄ»ΓÄ»ΓÄ»ΓÄ»ΓÄ»ΓÄ»[54/140
]ΓÄ»[22m[39m

[41m[1m FAIL [22m[49m 
src/app/features/landing/landing.component.spec.ts[2m > 
[22mLandingComponent[2m > [22mcreates successfully
[31m[1mError[22m: Component 'LandingComponent' is not resolved:
 - templateUrl: ./landing.html
 - styleUrl: ./landing.css
Did you run and wait for 'resolveComponentResources()'?[39m
[90m [2mΓ¥»[22m LandingComponent.get ../darwin_arm64-fastbuild-ST-fdfa778d11
ba/bin/packages/core/src/render3/jit/directive.ts:[2m106:16[22m[39m
[90m [2mΓ¥»[22m ╔╡cmp ../darwin_arm64-fastbuild-ST-fdfa778d11ba/bin/packages
/core/testing/src/test_bed_compiler.ts:[2m1116:24[22m[39m
[90m [2mΓ¥»[22m getComponentDef ../darwin_arm64-fastbuild-ST-fdfa778d11ba/bi
n/packages/core/testing/src/test_bed_compiler.ts:[2m1109:14[22m[39m
[90m [2mΓ¥»[22m isStandaloneComponent ../darwin_arm64-fastbuild-ST-fdfa778d1
1ba/bin/packages/core/testing/src/test_bed_compiler.ts:[2m784:19[22m[39m
[90m [2mΓ¥»[22m queueTypesFromModulesArrayRecur ../darwin_arm64-fastbuild-ST
-fdfa778d11ba/bin/packages/core/testing/src/test_bed_compiler.ts:[2m808:4[22m
[39m
[90m [2mΓ¥»[22m queueTypesFromModulesArray ../darwin_arm64-fastbuild-ST-fdfa
778d11ba/bin/packages/core/testing/src/test_bed_compiler.ts:[2m226:11[22m[39
m
[90m [2mΓ¥»[22m configureTestingModule ../darwin_arm64-fastbuild-ST-fdfa778d
11ba/bin/packages/core/testing/src/test_bed.ts:[2m584:18[22m[39m
[90m [2mΓ¥»[22m configureTestingModule ../darwin_arm64-fastbuild-ST-fdfa778d
11ba/bin/packages/core/testing/src/test_bed.ts:[2m319:32[22m[39m
[36m [2mΓ¥»[22m setup 
src/app/features/landing/landing.component.spec.ts:[2m14:13[22m[39m
    [90m 12|[39m   [35mfunction[39m [34msetup[39m() {
    [90m 13|[39m     mockAuth [33m=[39m { enterGuestMode[33m:[39m 
vi[33m.[39m[34mfn[39m() }[33m;[39m
    [90m 14|[39m     
[33mTestBed[39m[33m.[39m[34mconfigureTestingModule[39m({
    [90m   |[39m             [31m^[39m
    [90m 15|[39m       imports[33m:[39m 
[[33mLandingComponent[39m][33m,[39m
    [90m 16|[39m       providers[33m:[39m [
[90m [2mΓ¥»[22m 
src/app/features/landing/landing.component.spec.ts:[2m28:12[22m[39m

[31m[2mΓÄ»ΓÄ»ΓÄ»ΓÄ»ΓÄ»ΓÄ»ΓÄ»ΓÄ»ΓÄ»ΓÄ»ΓÄ»ΓÄ»ΓÄ»ΓÄ»ΓÄ»ΓÄ»ΓÄ»ΓÄ»ΓÄ»ΓÄ»ΓÄ»[55/140
]ΓÄ»[22m[39m

[41m[1m FAIL [22m[49m 
src/app/features/landing/landing.component.spec.ts[2m > 
[22mLandingComponent[2m > [22mrenders all 4 feature items
[31m[1mError[22m: Component 'LandingComponent' is not resolved:
 - templateUrl: ./landing.html
 - styleUrl: ./landing.css
Did you run and wait for 'resolveComponentResources()'?[39m
[90m [2mΓ¥»[22m LandingComponent.get ../darwin_arm64-fastbuild-ST-fdfa778d11
ba/bin/packages/core/src/render3/jit/directive.ts:[2m106:16[22m[39m
[90m [2mΓ¥»[22m ╔╡cmp ../darwin_arm64-fastbuild-ST-fdfa778d11ba/bin/packages
/core/testing/src/test_bed_compiler.ts:[2m1116:24[22m[39m
[90m [2mΓ¥»[22m getComponentDef ../darwin_arm64-fastbuild-ST-fdfa778d11ba/bi
n/packages/core/testing/src/test_bed_compiler.ts:[2m1109:14[22m[39m
[90m [2mΓ¥»[22m isStandaloneComponent ../darwin_arm64-fastbuild-ST-fdfa778d1
1ba/bin/packages/core/testing/src/test_bed_compiler.ts:[2m784:19[22m[39m
[90m [2mΓ¥»[22m queueTypesFromModulesArrayRecur ../darwin_arm64-fastbuild-ST
-fdfa778d11ba/bin/packages/core/testing/src/test_bed_compiler.ts:[2m808:4[22m
[39m
[90m [2mΓ¥»[22m queueTypesFromModulesArray ../darwin_arm64-fastbuild-ST-fdfa
778d11ba/bin/packages/core/testing/src/test_bed_compiler.ts:[2m226:11[22m[39
m
[90m [2mΓ¥»[22m configureTestingModule ../darwin_arm64-fastbuild-ST-fdfa778d
11ba/bin/packages/core/testing/src/test_bed.ts:[2m584:18[22m[39m
[90m [2mΓ¥»[22m configureTestingModule ../darwin_arm64-fastbuild-ST-fdfa778d
11ba/bin/packages/core/testing/src/test_bed.ts:[2m319:32[22m[39m
[36m [2mΓ¥»[22m setup 
src/app/features/landing/landing.component.spec.ts:[2m14:13[22m[39m
    [90m 12|[39m   [35mfunction[39m [34msetup[39m() {
    [90m 13|[39m     mockAuth [33m=[39m { enterGuestMode[33m:[39m 
vi[33m.[39m[34mfn[39m() }[33m;[39m
    [90m 14|[39m     
[33mTestBed[39m[33m.[39m[34mconfigureTestingModule[39m({
    [90m   |[39m             [31m^[39m
    [90m 15|[39m       imports[33m:[39m 
[[33mLandingComponent[39m][33m,[39m
    [90m 16|[39m       providers[33m:[39m [
[90m [2mΓ¥»[22m 
src/app/features/landing/landing.component.spec.ts:[2m32:35[22m[39m

[31m[2mΓÄ»ΓÄ»ΓÄ»ΓÄ»ΓÄ»ΓÄ»ΓÄ»ΓÄ»ΓÄ»ΓÄ»ΓÄ»ΓÄ»ΓÄ»ΓÄ»ΓÄ»ΓÄ»ΓÄ»ΓÄ»ΓÄ»ΓÄ»ΓÄ»[56/140
]ΓÄ»[22m[39m

[41m[1m FAIL [22m[49m 
src/app/features/landing/landing.component.spec.ts[2m > 
[22mLandingComponent[2m > [22mrenders 6 showcase cover URLs
[31m[1mError[22m: Component 'LandingComponent' is not resolved:
 - templateUrl: ./landing.html
 - styleUrl: ./landing.css
Did you run and wait for 'resolveComponentResources()'?[39m
[90m [2mΓ¥»[22m LandingComponent.get ../darwin_arm64-fastbuild-ST-fdfa778d11
ba/bin/packages/core/src/render3/jit/directive.ts:[2m106:16[22m[39m
[90m [2mΓ¥»[22m ╔╡cmp ../darwin_arm64-fastbuild-ST-fdfa778d11ba/bin/packages
/core/testing/src/test_bed_compiler.ts:[2m1116:24[22m[39m
[90m [2mΓ¥»[22m getComponentDef ../darwin_arm64-fastbuild-ST-fdfa778d11ba/bi
n/packages/core/testing/src/test_bed_compiler.ts:[2m1109:14[22m[39m
[90m [2mΓ¥»[22m isStandaloneComponent ../darwin_arm64-fastbuild-ST-fdfa778d1
1ba/bin/packages/core/testing/src/test_bed_compiler.ts:[2m784:19[22m[39m
[90m [2mΓ¥»[22m queueTypesFromModulesArrayRecur ../darwin_arm64-fastbuild-ST
-fdfa778d11ba/bin/packages/core/testing/src/test_bed_compiler.ts:[2m808:4[22m
[39m
[90m [2mΓ¥»[22m queueTypesFromModulesArray ../darwin_arm64-fastbuild-ST-fdfa
778d11ba/bin/packages/core/testing/src/test_bed_compiler.ts:[2m226:11[22m[39
m
[90m [2mΓ¥»[22m configureTestingModule ../darwin_arm64-fastbuild-ST-fdfa778d
11ba/bin/packages/core/testing/src/test_bed.ts:[2m584:18[22m[39m
[90m [2mΓ¥»[22m configureTestingModule ../darwin_arm64-fastbuild-ST-fdfa778d
11ba/bin/packages/core/testing/src/test_bed.ts:[2m319:32[22m[39m
[36m [2mΓ¥»[22m setup 
src/app/features/landing/landing.component.spec.ts:[2m14:13[22m[39m
    [90m 12|[39m   [35mfunction[39m [34msetup[39m() {
    [90m 13|[39m     mockAuth [33m=[39m { enterGuestMode[33m:[39m 
vi[33m.[39m[34mfn[39m() }[33m;[39m
    [90m 14|[39m     
[33mTestBed[39m[33m.[39m[34mconfigureTestingModule[39m({
    [90m   |[39m             [31m^[39m
    [90m 15|[39m       imports[33m:[39m 
[[33mLandingComponent[39m][33m,[39m
    [90m 16|[39m       providers[33m:[39m [
[90m [2mΓ¥»[22m 
src/app/features/landing/landing.component.spec.ts:[2m37:35[22m[39m

[31m[2mΓÄ»ΓÄ»ΓÄ»ΓÄ»ΓÄ»ΓÄ»ΓÄ»ΓÄ»ΓÄ»ΓÄ»ΓÄ»ΓÄ»ΓÄ»ΓÄ»ΓÄ»ΓÄ»ΓÄ»ΓÄ»ΓÄ»ΓÄ»ΓÄ»[57/140
]ΓÄ»[22m[39m

[41m[1m FAIL [22m[49m 
src/app/features/landing/landing.component.spec.ts[2m > 
[22mLandingComponent[2m > [22menterGuest() calls auth.enterGuestMode()
[31m[1mError[22m: Component 'LandingComponent' is not resolved:
 - templateUrl: ./landing.html
 - styleUrl: ./landing.css
Did you run and wait for 'resolveComponentResources()'?[39m
[90m [2mΓ¥»[22m LandingComponent.get ../darwin_arm64-fastbuild-ST-fdfa778d11
ba/bin/packages/core/src/render3/jit/directive.ts:[2m106:16[22m[39m
[90m [2mΓ¥»[22m ╔╡cmp ../darwin_arm64-fastbuild-ST-fdfa778d11ba/bin/packages
/core/testing/src/test_bed_compiler.ts:[2m1116:24[22m[39m
[90m [2mΓ¥»[22m getComponentDef ../darwin_arm64-fastbuild-ST-fdfa778d11ba/bi
n/packages/core/testing/src/test_bed_compiler.ts:[2m1109:14[22m[39m
[90m [2mΓ¥»[22m isStandaloneComponent ../darwin_arm64-fastbuild-ST-fdfa778d1
1ba/bin/packages/core/testing/src/test_bed_compiler.ts:[2m784:19[22m[39m
[90m [2mΓ¥»[22m queueTypesFromModulesArrayRecur ../darwin_arm64-fastbuild-ST
-fdfa778d11ba/bin/packages/core/testing/src/test_bed_compiler.ts:[2m808:4[22m
[39m
[90m [2mΓ¥»[22m queueTypesFromModulesArray ../darwin_arm64-fastbuild-ST-fdfa
778d11ba/bin/packages/core/testing/src/test_bed_compiler.ts:[2m226:11[22m[39
m
[90m [2mΓ¥»[22m configureTestingModule ../darwin_arm64-fastbuild-ST-fdfa778d
11ba/bin/packages/core/testing/src/test_bed.ts:[2m584:18[22m[39m
[90m [2mΓ¥»[22m configureTestingModule ../darwin_arm64-fastbuild-ST-fdfa778d
11ba/bin/packages/core/testing/src/test_bed.ts:[2m319:32[22m[39m
[36m [2mΓ¥»[22m setup 
src/app/features/landing/landing.component.spec.ts:[2m14:13[22m[39m
    [90m 12|[39m   [35mfunction[39m [34msetup[39m() {
    [90m 13|[39m     mockAuth [33m=[39m { enterGuestMode[33m:[39m 
vi[33m.[39m[34mfn[39m() }[33m;[39m
    [90m 14|[39m     
[33mTestBed[39m[33m.[39m[34mconfigureTestingModule[39m({
    [90m   |[39m             [31m^[39m
    [90m 15|[39m       imports[33m:[39m 
[[33mLandingComponent[39m][33m,[39m
    [90m 16|[39m       providers[33m:[39m [
[90m [2mΓ¥»[22m 
src/app/features/landing/landing.component.spec.ts:[2m42:35[22m[39m

[31m[2mΓÄ»ΓÄ»ΓÄ»ΓÄ»ΓÄ»ΓÄ»ΓÄ»ΓÄ»ΓÄ»ΓÄ»ΓÄ»ΓÄ»ΓÄ»ΓÄ»ΓÄ»ΓÄ»ΓÄ»ΓÄ»ΓÄ»ΓÄ»ΓÄ»[58/140
]ΓÄ»[22m[39m

[41m[1m FAIL [22m[49m 
src/app/features/landing/landing.component.spec.ts[2m > 
[22mLandingComponent[2m > [22mrenders "Sign in" link
[31m[1mError[22m: Component 'LandingComponent' is not resolved:
 - templateUrl: ./landing.html
 - styleUrl: ./landing.css
Did you run and wait for 'resolveComponentResources()'?[39m
[90m [2mΓ¥»[22m LandingComponent.get ../darwin_arm64-fastbuild-ST-fdfa778d11
ba/bin/packages/core/src/render3/jit/directive.ts:[2m106:16[22m[39m
[90m [2mΓ¥»[22m ╔╡cmp ../darwin_arm64-fastbuild-ST-fdfa778d11ba/bin/packages
/core/testing/src/test_bed_compiler.ts:[2m1116:24[22m[39m
[90m [2mΓ¥»[22m getComponentDef ../darwin_arm64-fastbuild-ST-fdfa778d11ba/bi
n/packages/core/testing/src/test_bed_compiler.ts:[2m1109:14[22m[39m
[90m [2mΓ¥»[22m isStandaloneComponent ../darwin_arm64-fastbuild-ST-fdfa778d1
1ba/bin/packages/core/testing/src/test_bed_compiler.ts:[2m784:19[22m[39m
[90m [2mΓ¥»[22m queueTypesFromModulesArrayRecur ../darwin_arm64-fastbuild-ST
-fdfa778d11ba/bin/packages/core/testing/src/test_bed_compiler.ts:[2m808:4[22m
[39m
[90m [2mΓ¥»[22m queueTypesFromModulesArray ../darwin_arm64-fastbuild-ST-fdfa
778d11ba/bin/packages/core/testing/src/test_bed_compiler.ts:[2m226:11[22m[39
m
[90m [2mΓ¥»[22m configureTestingModule ../darwin_arm64-fastbuild-ST-fdfa778d
11ba/bin/packages/core/testing/src/test_bed.ts:[2m584:18[22m[39m
[90m [2mΓ¥»[22m configureTestingModule ../darwin_arm64-fastbuild-ST-fdfa778d
11ba/bin/packages/core/testing/src/test_bed.ts:[2m319:32[22m[39m
[36m [2mΓ¥»[22m setup 
src/app/features/landing/landing.component.spec.ts:[2m14:13[22m[39m
    [90m 12|[39m   [35mfunction[39m [34msetup[39m() {
    [90m 13|[39m     mockAuth [33m=[39m { enterGuestMode[33m:[39m 
vi[33m.[39m[34mfn[39m() }[33m;[39m
    [90m 14|[39m     
[33mTestBed[39m[33m.[39m[34mconfigureTestingModule[39m({
    [90m   |[39m             [31m^[39m
    [90m 15|[39m       imports[33m:[39m 
[[33mLandingComponent[39m][33m,[39m
    [90m 16|[39m       providers[33m:[39m [
[90m [2mΓ¥»[22m 
src/app/features/landing/landing.component.spec.ts:[2m48:31[22m[39m

[31m[2mΓÄ»ΓÄ»ΓÄ»ΓÄ»ΓÄ»ΓÄ»ΓÄ»ΓÄ»ΓÄ»ΓÄ»ΓÄ»ΓÄ»ΓÄ»ΓÄ»ΓÄ»ΓÄ»ΓÄ»ΓÄ»ΓÄ»ΓÄ»ΓÄ»[59/140
]ΓÄ»[22m[39m

[41m[1m FAIL [22m[49m 
src/app/features/library/library.component.spec.ts[2m > 
[22mLibraryComponent[2m > [22mcreates successfully
[31m[1mError[22m: Component 'LibraryComponent' is not resolved:
 - templateUrl: ./library.html
 - styleUrl: ./library.css
Did you run and wait for 'resolveComponentResources()'?[39m
[90m [2mΓ¥»[22m LibraryComponent.get ../darwin_arm64-fastbuild-ST-fdfa778d11
ba/bin/packages/core/src/render3/jit/directive.ts:[2m106:16[22m[39m
[90m [2mΓ¥»[22m ╔╡cmp ../darwin_arm64-fastbuild-ST-fdfa778d11ba/bin/packages
/core/testing/src/test_bed_compiler.ts:[2m1116:24[22m[39m
[90m [2mΓ¥»[22m getComponentDef ../darwin_arm64-fastbuild-ST-fdfa778d11ba/bi
n/packages/core/testing/src/test_bed_compiler.ts:[2m1109:14[22m[39m
[90m [2mΓ¥»[22m isStandaloneComponent ../darwin_arm64-fastbuild-ST-fdfa778d1
1ba/bin/packages/core/testing/src/test_bed_compiler.ts:[2m784:19[22m[39m
[90m [2mΓ¥»[22m queueTypesFromModulesArrayRecur ../darwin_arm64-fastbuild-ST
-fdfa778d11ba/bin/packages/core/testing/src/test_bed_compiler.ts:[2m808:4[22m
[39m
[90m [2mΓ¥»[22m queueTypesFromModulesArray ../darwin_arm64-fastbuild-ST-fdfa
778d11ba/bin/packages/core/testing/src/test_bed_compiler.ts:[2m226:11[22m[39
m
[90m [2mΓ¥»[22m configureTestingModule ../darwin_arm64-fastbuild-ST-fdfa778d
11ba/bin/packages/core/testing/src/test_bed.ts:[2m584:18[22m[39m
[90m [2mΓ¥»[22m configureTestingModule ../darwin_arm64-fastbuild-ST-fdfa778d
11ba/bin/packages/core/testing/src/test_bed.ts:[2m319:32[22m[39m
[36m [2mΓ¥»[22m setup 
src/app/features/library/library.component.spec.ts:[2m27:13[22m[39m
    [90m 25|[39m     }[33m;[39m
    [90m 26|[39m
    [90m 27|[39m     
[33mTestBed[39m[33m.[39m[34mconfigureTestingModule[39m({
    [90m   |[39m             [31m^[39m
    [90m 28|[39m       imports[33m:[39m 
[[33mLibraryComponent[39m][33m,[39m
    [90m 29|[39m       providers[33m:[39m [
[90m [2mΓ¥»[22m 
src/app/features/library/library.component.spec.ts:[2m41:12[22m[39m

[31m[2mΓÄ»ΓÄ»ΓÄ»ΓÄ»ΓÄ»ΓÄ»ΓÄ»ΓÄ»ΓÄ»ΓÄ»ΓÄ»ΓÄ»ΓÄ»ΓÄ»ΓÄ»ΓÄ»ΓÄ»ΓÄ»ΓÄ»ΓÄ»ΓÄ»[60/140
]ΓÄ»[22m[39m

[41m[1m FAIL [22m[49m 
src/app/features/library/library.component.spec.ts[2m > 
[22mLibraryComponent[2m > [22mshows "My Library" heading
[31m[1mError[22m: Component 'LibraryComponent' is not resolved:
 - templateUrl: ./library.html
 - styleUrl: ./library.css
Did you run and wait for 'resolveComponentResources()'?[39m
[90m [2mΓ¥»[22m LibraryComponent.get ../darwin_arm64-fastbuild-ST-fdfa778d11
ba/bin/packages/core/src/render3/jit/directive.ts:[2m106:16[22m[39m
[90m [2mΓ¥»[22m ╔╡cmp ../darwin_arm64-fastbuild-ST-fdfa778d11ba/bin/packages
/core/testing/src/test_bed_compiler.ts:[2m1116:24[22m[39m
[90m [2mΓ¥»[22m getComponentDef ../darwin_arm64-fastbuild-ST-fdfa778d11ba/bi
n/packages/core/testing/src/test_bed_compiler.ts:[2m1109:14[22m[39m
[90m [2mΓ¥»[22m isStandaloneComponent ../darwin_arm64-fastbuild-ST-fdfa778d1
1ba/bin/packages/core/testing/src/test_bed_compiler.ts:[2m784:19[22m[39m
[90m [2mΓ¥»[22m queueTypesFromModulesArrayRecur ../darwin_arm64-fastbuild-ST
-fdfa778d11ba/bin/packages/core/testing/src/test_bed_compiler.ts:[2m808:4[22m
[39m
[90m [2mΓ¥»[22m queueTypesFromModulesArray ../darwin_arm64-fastbuild-ST-fdfa
778d11ba/bin/packages/core/testing/src/test_bed_compiler.ts:[2m226:11[22m[39
m
[90m [2mΓ¥»[22m configureTestingModule ../darwin_arm64-fastbuild-ST-fdfa778d
11ba/bin/packages/core/testing/src/test_bed.ts:[2m584:18[22m[39m
[90m [2mΓ¥»[22m configureTestingModule ../darwin_arm64-fastbuild-ST-fdfa778d
11ba/bin/packages/core/testing/src/test_bed.ts:[2m319:32[22m[39m
[36m [2mΓ¥»[22m setup 
src/app/features/library/library.component.spec.ts:[2m27:13[22m[39m
    [90m 25|[39m     }[33m;[39m
    [90m 26|[39m
    [90m 27|[39m     
[33mTestBed[39m[33m.[39m[34mconfigureTestingModule[39m({
    [90m   |[39m             [31m^[39m
    [90m 28|[39m       imports[33m:[39m 
[[33mLibraryComponent[39m][33m,[39m
    [90m 29|[39m       providers[33m:[39m [
[90m [2mΓ¥»[22m 
src/app/features/library/library.component.spec.ts:[2m45:25[22m[39m

[31m[2mΓÄ»ΓÄ»ΓÄ»ΓÄ»ΓÄ»ΓÄ»ΓÄ»ΓÄ»ΓÄ»ΓÄ»ΓÄ»ΓÄ»ΓÄ»ΓÄ»ΓÄ»ΓÄ»ΓÄ»ΓÄ»ΓÄ»ΓÄ»ΓÄ»[61/140
]ΓÄ»[22m[39m

[41m[1m FAIL [22m[49m 
src/app/features/library/library.component.spec.ts[2m > 
[22mLibraryComponent[2m > [22mshows book count in subtitle
[31m[1mError[22m: Component 'LibraryComponent' is not resolved:
 - templateUrl: ./library.html
 - styleUrl: ./library.css
Did you run and wait for 'resolveComponentResources()'?[39m
[90m [2mΓ¥»[22m LibraryComponent.get ../darwin_arm64-fastbuild-ST-fdfa778d11
ba/bin/packages/core/src/render3/jit/directive.ts:[2m106:16[22m[39m
[90m [2mΓ¥»[22m ╔╡cmp ../darwin_arm64-fastbuild-ST-fdfa778d11ba/bin/packages
/core/testing/src/test_bed_compiler.ts:[2m1116:24[22m[39m
[90m [2mΓ¥»[22m getComponentDef ../darwin_arm64-fastbuild-ST-fdfa778d11ba/bi
n/packages/core/testing/src/test_bed_compiler.ts:[2m1109:14[22m[39m
[90m [2mΓ¥»[22m isStandaloneComponent ../darwin_arm64-fastbuild-ST-fdfa778d1
1ba/bin/packages/core/testing/src/test_bed_compiler.ts:[2m784:19[22m[39m
[90m [2mΓ¥»[22m queueTypesFromModulesArrayRecur ../darwin_arm64-fastbuild-ST
-fdfa778d11ba/bin/packages/core/testing/src/test_bed_compiler.ts:[2m808:4[22m
[39m
[90m [2mΓ¥»[22m queueTypesFromModulesArray ../darwin_arm64-fastbuild-ST-fdfa
778d11ba/bin/packages/core/testing/src/test_bed_compiler.ts:[2m226:11[22m[39
m
[90m [2mΓ¥»[22m configureTestingModule ../darwin_arm64-fastbuild-ST-fdfa778d
11ba/bin/packages/core/testing/src/test_bed.ts:[2m584:18[22m[39m
[90m [2mΓ¥»[22m configureTestingModule ../darwin_arm64-fastbuild-ST-fdfa778d
11ba/bin/packages/core/testing/src/test_bed.ts:[2m319:32[22m[39m
[36m [2mΓ¥»[22m setup 
src/app/features/library/library.component.spec.ts:[2m27:13[22m[39m
    [90m 25|[39m     }[33m;[39m
    [90m 26|[39m
    [90m 27|[39m     
[33mTestBed[39m[33m.[39m[34mconfigureTestingModule[39m({
    [90m   |[39m             [31m^[39m
    [90m 28|[39m       imports[33m:[39m 
[[33mLibraryComponent[39m][33m,[39m
    [90m 29|[39m       providers[33m:[39m [
[90m [2mΓ¥»[22m 
src/app/features/library/library.component.spec.ts:[2m50:25[22m[39m

[31m[2mΓÄ»ΓÄ»ΓÄ»ΓÄ»ΓÄ»ΓÄ»ΓÄ»ΓÄ»ΓÄ»ΓÄ»ΓÄ»ΓÄ»ΓÄ»ΓÄ»ΓÄ»ΓÄ»ΓÄ»ΓÄ»ΓÄ»ΓÄ»ΓÄ»[62/140
]ΓÄ»[22m[39m

[41m[1m FAIL [22m[49m 
src/app/features/library/library.component.spec.ts[2m > 
[22mLibraryComponent[2m > [22mhides currently reading section when empty
[31m[1mError[22m: Component 'LibraryComponent' is not resolved:
 - templateUrl: ./library.html
 - styleUrl: ./library.css
Did you run and wait for 'resolveComponentResources()'?[39m
[90m [2mΓ¥»[22m LibraryComponent.get ../darwin_arm64-fastbuild-ST-fdfa778d11
ba/bin/packages/core/src/render3/jit/directive.ts:[2m106:16[22m[39m
[90m [2mΓ¥»[22m ╔╡cmp ../darwin_arm64-fastbuild-ST-fdfa778d11ba/bin/packages
/core/testing/src/test_bed_compiler.ts:[2m1116:24[22m[39m
[90m [2mΓ¥»[22m getComponentDef ../darwin_arm64-fastbuild-ST-fdfa778d11ba/bi
n/packages/core/testing/src/test_bed_compiler.ts:[2m1109:14[22m[39m
[90m [2mΓ¥»[22m isStandaloneComponent ../darwin_arm64-fastbuild-ST-fdfa778d1
1ba/bin/packages/core/testing/src/test_bed_compiler.ts:[2m784:19[22m[39m
[90m [2mΓ¥»[22m queueTypesFromModulesArrayRecur ../darwin_arm64-fastbuild-ST
-fdfa778d11ba/bin/packages/core/testing/src/test_bed_compiler.ts:[2m808:4[22m
[39m
[90m [2mΓ¥»[22m queueTypesFromModulesArray ../darwin_arm64-fastbuild-ST-fdfa
778d11ba/bin/packages/core/testing/src/test_bed_compiler.ts:[2m226:11[22m[39
m
[90m [2mΓ¥»[22m configureTestingModule ../darwin_arm64-fastbuild-ST-fdfa778d
11ba/bin/packages/core/testing/src/test_bed.ts:[2m584:18[22m[39m
[90m [2mΓ¥»[22m configureTestingModule ../darwin_arm64-fastbuild-ST-fdfa778d
11ba/bin/packages/core/testing/src/test_bed.ts:[2m319:32[22m[39m
[36m [2mΓ¥»[22m setup 
src/app/features/library/library.component.spec.ts:[2m27:13[22m[39m
    [90m 25|[39m     }[33m;[39m
    [90m 26|[39m
    [90m 27|[39m     
[33mTestBed[39m[33m.[39m[34mconfigureTestingModule[39m({
    [90m   |[39m             [31m^[39m
    [90m 28|[39m       imports[33m:[39m 
[[33mLibraryComponent[39m][33m,[39m
    [90m 29|[39m       providers[33m:[39m [
[90m [2mΓ¥»[22m 
src/app/features/library/library.component.spec.ts:[2m55:25[22m[39m

[31m[2mΓÄ»ΓÄ»ΓÄ»ΓÄ»ΓÄ»ΓÄ»ΓÄ»ΓÄ»ΓÄ»ΓÄ»ΓÄ»ΓÄ»ΓÄ»ΓÄ»ΓÄ»ΓÄ»ΓÄ»ΓÄ»ΓÄ»ΓÄ»ΓÄ»[63/140
]ΓÄ»[22m[39m

[41m[1m FAIL [22m[49m 
src/app/features/library/library.component.spec.ts[2m > 
[22mLibraryComponent[2m > [22mshows currently reading section when there 
are books
[31m[1mError[22m: Component 'LibraryComponent' is not resolved:
 - templateUrl: ./library.html
 - styleUrl: ./library.css
Did you run and wait for 'resolveComponentResources()'?[39m
[90m [2mΓ¥»[22m LibraryComponent.get ../darwin_arm64-fastbuild-ST-fdfa778d11
ba/bin/packages/core/src/render3/jit/directive.ts:[2m106:16[22m[39m
[90m [2mΓ¥»[22m ╔╡cmp ../darwin_arm64-fastbuild-ST-fdfa778d11ba/bin/packages
/core/testing/src/test_bed_compiler.ts:[2m1116:24[22m[39m
[90m [2mΓ¥»[22m getComponentDef ../darwin_arm64-fastbuild-ST-fdfa778d11ba/bi
n/packages/core/testing/src/test_bed_compiler.ts:[2m1109:14[22m[39m
[90m [2mΓ¥»[22m isStandaloneComponent ../darwin_arm64-fastbuild-ST-fdfa778d1
1ba/bin/packages/core/testing/src/test_bed_compiler.ts:[2m784:19[22m[39m
[90m [2mΓ¥»[22m queueTypesFromModulesArrayRecur ../darwin_arm64-fastbuild-ST
-fdfa778d11ba/bin/packages/core/testing/src/test_bed_compiler.ts:[2m808:4[22m
[39m
[90m [2mΓ¥»[22m queueTypesFromModulesArray ../darwin_arm64-fastbuild-ST-fdfa
778d11ba/bin/packages/core/testing/src/test_bed_compiler.ts:[2m226:11[22m[39
m
[90m [2mΓ¥»[22m configureTestingModule ../darwin_arm64-fastbuild-ST-fdfa778d
11ba/bin/packages/core/testing/src/test_bed.ts:[2m584:18[22m[39m
[90m [2mΓ¥»[22m configureTestingModule ../darwin_arm64-fastbuild-ST-fdfa778d
11ba/bin/packages/core/testing/src/test_bed.ts:[2m319:32[22m[39m
[36m [2mΓ¥»[22m setup 
src/app/features/library/library.component.spec.ts:[2m27:13[22m[39m
    [90m 25|[39m     }[33m;[39m
    [90m 26|[39m
    [90m 27|[39m     
[33mTestBed[39m[33m.[39m[34mconfigureTestingModule[39m({
    [90m   |[39m             [31m^[39m
    [90m 28|[39m       imports[33m:[39m 
[[33mLibraryComponent[39m][33m,[39m
    [90m 29|[39m       providers[33m:[39m [
[90m [2mΓ¥»[22m 
src/app/features/library/library.component.spec.ts:[2m69:25[22m[39m

[31m[2mΓÄ»ΓÄ»ΓÄ»ΓÄ»ΓÄ»ΓÄ»ΓÄ»ΓÄ»ΓÄ»ΓÄ»ΓÄ»ΓÄ»ΓÄ»ΓÄ»ΓÄ»ΓÄ»ΓÄ»ΓÄ»ΓÄ»ΓÄ»ΓÄ»[64/140
]ΓÄ»[22m[39m

[41m[1m FAIL [22m[49m 
src/app/features/library/library.component.spec.ts[2m > 
[22mLibraryComponent[2m > [22mshows currently reading book title
[31m[1mError[22m: Component 'LibraryComponent' is not resolved:
 - templateUrl: ./library.html
 - styleUrl: ./library.css
Did you run and wait for 'resolveComponentResources()'?[39m
[90m [2mΓ¥»[22m LibraryComponent.get ../darwin_arm64-fastbuild-ST-fdfa778d11
ba/bin/packages/core/src/render3/jit/directive.ts:[2m106:16[22m[39m
[90m [2mΓ¥»[22m ╔╡cmp ../darwin_arm64-fastbuild-ST-fdfa778d11ba/bin/packages
/core/testing/src/test_bed_compiler.ts:[2m1116:24[22m[39m
[90m [2mΓ¥»[22m getComponentDef ../darwin_arm64-fastbuild-ST-fdfa778d11ba/bi
n/packages/core/testing/src/test_bed_compiler.ts:[2m1109:14[22m[39m
[90m [2mΓ¥»[22m isStandaloneComponent ../darwin_arm64-fastbuild-ST-fdfa778d1
1ba/bin/packages/core/testing/src/test_bed_compiler.ts:[2m784:19[22m[39m
[90m [2mΓ¥»[22m queueTypesFromModulesArrayRecur ../darwin_arm64-fastbuild-ST
-fdfa778d11ba/bin/packages/core/testing/src/test_bed_compiler.ts:[2m808:4[22m
[39m
[90m [2mΓ¥»[22m queueTypesFromModulesArray ../darwin_arm64-fastbuild-ST-fdfa
778d11ba/bin/packages/core/testing/src/test_bed_compiler.ts:[2m226:11[22m[39
m
[90m [2mΓ¥»[22m configureTestingModule ../darwin_arm64-fastbuild-ST-fdfa778d
11ba/bin/packages/core/testing/src/test_bed.ts:[2m584:18[22m[39m
[90m [2mΓ¥»[22m configureTestingModule ../darwin_arm64-fastbuild-ST-fdfa778d
11ba/bin/packages/core/testing/src/test_bed.ts:[2m319:32[22m[39m
[36m [2mΓ¥»[22m setup 
src/app/features/library/library.component.spec.ts:[2m27:13[22m[39m
    [90m 25|[39m     }[33m;[39m
    [90m 26|[39m
    [90m 27|[39m     
[33mTestBed[39m[33m.[39m[34mconfigureTestingModule[39m({
    [90m   |[39m             [31m^[39m
    [90m 28|[39m       imports[33m:[39m 
[[33mLibraryComponent[39m][33m,[39m
    [90m 29|[39m       providers[33m:[39m [
[90m [2mΓ¥»[22m 
src/app/features/library/library.component.spec.ts:[2m83:25[22m[39m

[31m[2mΓÄ»ΓÄ»ΓÄ»ΓÄ»ΓÄ»ΓÄ»ΓÄ»ΓÄ»ΓÄ»ΓÄ»ΓÄ»ΓÄ»ΓÄ»ΓÄ»ΓÄ»ΓÄ»ΓÄ»ΓÄ»ΓÄ»ΓÄ»ΓÄ»[65/140
]ΓÄ»[22m[39m

[41m[1m FAIL [22m[49m 
src/app/features/library/library.component.spec.ts[2m > 
[22mLibraryComponent[2m > [22mshows shelf sections
[31m[1mError[22m: Component 'LibraryComponent' is not resolved:
 - templateUrl: ./library.html
 - styleUrl: ./library.css
Did you run and wait for 'resolveComponentResources()'?[39m
[90m [2mΓ¥»[22m LibraryComponent.get ../darwin_arm64-fastbuild-ST-fdfa778d11
ba/bin/packages/core/src/render3/jit/directive.ts:[2m106:16[22m[39m
[90m [2mΓ¥»[22m ╔╡cmp ../darwin_arm64-fastbuild-ST-fdfa778d11ba/bin/packages
/core/testing/src/test_bed_compiler.ts:[2m1116:24[22m[39m
[90m [2mΓ¥»[22m getComponentDef ../darwin_arm64-fastbuild-ST-fdfa778d11ba/bi
n/packages/core/testing/src/test_bed_compiler.ts:[2m1109:14[22m[39m
[90m [2mΓ¥»[22m isStandaloneComponent ../darwin_arm64-fastbuild-ST-fdfa778d1
1ba/bin/packages/core/testing/src/test_bed_compiler.ts:[2m784:19[22m[39m
[90m [2mΓ¥»[22m queueTypesFromModulesArrayRecur ../darwin_arm64-fastbuild-ST
-fdfa778d11ba/bin/packages/core/testing/src/test_bed_compiler.ts:[2m808:4[22m
[39m
[90m [2mΓ¥»[22m queueTypesFromModulesArray ../darwin_arm64-fastbuild-ST-fdfa
778d11ba/bin/packages/core/testing/src/test_bed_compiler.ts:[2m226:11[22m[39
m
[90m [2mΓ¥»[22m configureTestingModule ../darwin_arm64-fastbuild-ST-fdfa778d
11ba/bin/packages/core/testing/src/test_bed.ts:[2m584:18[22m[39m
[90m [2mΓ¥»[22m configureTestingModule ../darwin_arm64-fastbuild-ST-fdfa778d
11ba/bin/packages/core/testing/src/test_bed.ts:[2m319:32[22m[39m
[36m [2mΓ¥»[22m setup 
src/app/features/library/library.component.spec.ts:[2m27:13[22m[39m
    [90m 25|[39m     }[33m;[39m
    [90m 26|[39m
    [90m 27|[39m     
[33mTestBed[39m[33m.[39m[34mconfigureTestingModule[39m({
    [90m   |[39m             [31m^[39m
    [90m 28|[39m       imports[33m:[39m 
[[33mLibraryComponent[39m][33m,[39m
    [90m 29|[39m       providers[33m:[39m [
[90m [2mΓ¥»[22m 
src/app/features/library/library.component.spec.ts:[2m88:25[22m[39m

[31m[2mΓÄ»ΓÄ»ΓÄ»ΓÄ»ΓÄ»ΓÄ»ΓÄ»ΓÄ»ΓÄ»ΓÄ»ΓÄ»ΓÄ»ΓÄ»ΓÄ»ΓÄ»ΓÄ»ΓÄ»ΓÄ»ΓÄ»ΓÄ»ΓÄ»[66/140
]ΓÄ»[22m[39m

[41m[1m FAIL [22m[49m 
src/app/features/library/library.component.spec.ts[2m > 
[22mLibraryComponent[2m > [22mdoes not show goal banner when goalProgress 
is null
[31m[1mError[22m: Component 'LibraryComponent' is not resolved:
 - templateUrl: ./library.html
 - styleUrl: ./library.css
Did you run and wait for 'resolveComponentResources()'?[39m
[90m [2mΓ¥»[22m LibraryComponent.get ../darwin_arm64-fastbuild-ST-fdfa778d11
ba/bin/packages/core/src/render3/jit/directive.ts:[2m106:16[22m[39m
[90m [2mΓ¥»[22m ╔╡cmp ../darwin_arm64-fastbuild-ST-fdfa778d11ba/bin/packages
/core/testing/src/test_bed_compiler.ts:[2m1116:24[22m[39m
[90m [2mΓ¥»[22m getComponentDef ../darwin_arm64-fastbuild-ST-fdfa778d11ba/bi
n/packages/core/testing/src/test_bed_compiler.ts:[2m1109:14[22m[39m
[90m [2mΓ¥»[22m isStandaloneComponent ../darwin_arm64-fastbuild-ST-fdfa778d1
1ba/bin/packages/core/testing/src/test_bed_compiler.ts:[2m784:19[22m[39m
[90m [2mΓ¥»[22m queueTypesFromModulesArrayRecur ../darwin_arm64-fastbuild-ST
-fdfa778d11ba/bin/packages/core/testing/src/test_bed_compiler.ts:[2m808:4[22m
[39m
[90m [2mΓ¥»[22m queueTypesFromModulesArray ../darwin_arm64-fastbuild-ST-fdfa
778d11ba/bin/packages/core/testing/src/test_bed_compiler.ts:[2m226:11[22m[39
m
[90m [2mΓ¥»[22m configureTestingModule ../darwin_arm64-fastbuild-ST-fdfa778d
11ba/bin/packages/core/testing/src/test_bed.ts:[2m584:18[22m[39m
[90m [2mΓ¥»[22m configureTestingModule ../darwin_arm64-fastbuild-ST-fdfa778d
11ba/bin/packages/core/testing/src/test_bed.ts:[2m319:32[22m[39m
[36m [2mΓ¥»[22m setup 
src/app/features/library/library.component.spec.ts:[2m27:13[22m[39m
    [90m 25|[39m     }[33m;[39m
    [90m 26|[39m
    [90m 27|[39m     
[33mTestBed[39m[33m.[39m[34mconfigureTestingModule[39m({
    [90m   |[39m             [31m^[39m
    [90m 28|[39m       imports[33m:[39m 
[[33mLibraryComponent[39m][33m,[39m
    [90m 29|[39m       providers[33m:[39m [
[90m [2mΓ¥»[22m 
src/app/features/library/library.component.spec.ts:[2m95:25[22m[39m

[31m[2mΓÄ»ΓÄ»ΓÄ»ΓÄ»ΓÄ»ΓÄ»ΓÄ»ΓÄ»ΓÄ»ΓÄ»ΓÄ»ΓÄ»ΓÄ»ΓÄ»ΓÄ»ΓÄ»ΓÄ»ΓÄ»ΓÄ»ΓÄ»ΓÄ»[67/140
]ΓÄ»[22m[39m

[41m[1m FAIL [22m[49m 
src/app/features/library/library.component.spec.ts[2m > 
[22mLibraryComponent[2m > [22mshows goal banner when goalProgress is set
[31m[1mError[22m: Component 'LibraryComponent' is not resolved:
 - templateUrl: ./library.html
 - styleUrl: ./library.css
Did you run and wait for 'resolveComponentResources()'?[39m
[90m [2mΓ¥»[22m LibraryComponent.get ../darwin_arm64-fastbuild-ST-fdfa778d11
ba/bin/packages/core/src/render3/jit/directive.ts:[2m106:16[22m[39m
[90m [2mΓ¥»[22m ╔╡cmp ../darwin_arm64-fastbuild-ST-fdfa778d11ba/bin/packages
/core/testing/src/test_bed_compiler.ts:[2m1116:24[22m[39m
[90m [2mΓ¥»[22m getComponentDef ../darwin_arm64-fastbuild-ST-fdfa778d11ba/bi
n/packages/core/testing/src/test_bed_compiler.ts:[2m1109:14[22m[39m
[90m [2mΓ¥»[22m isStandaloneComponent ../darwin_arm64-fastbuild-ST-fdfa778d1
1ba/bin/packages/core/testing/src/test_bed_compiler.ts:[2m784:19[22m[39m
[90m [2mΓ¥»[22m queueTypesFromModulesArrayRecur ../darwin_arm64-fastbuild-ST
-fdfa778d11ba/bin/packages/core/testing/src/test_bed_compiler.ts:[2m808:4[22m
[39m
[90m [2mΓ¥»[22m queueTypesFromModulesArray ../darwin_arm64-fastbuild-ST-fdfa
778d11ba/bin/packages/core/testing/src/test_bed_compiler.ts:[2m226:11[22m[39
m
[90m [2mΓ¥»[22m configureTestingModule ../darwin_arm64-fastbuild-ST-fdfa778d
11ba/bin/packages/core/testing/src/test_bed.ts:[2m584:18[22m[39m
[90m [2mΓ¥»[22m configureTestingModule ../darwin_arm64-fastbuild-ST-fdfa778d
11ba/bin/packages/core/testing/src/test_bed.ts:[2m319:32[22m[39m
[36m [2mΓ¥»[22m setup 
src/app/features/library/library.component.spec.ts:[2m27:13[22m[39m
    [90m 25|[39m     }[33m;[39m
    [90m 26|[39m
    [90m 27|[39m     
[33mTestBed[39m[33m.[39m[34mconfigureTestingModule[39m({
    [90m   |[39m             [31m^[39m
    [90m 28|[39m       imports[33m:[39m 
[[33mLibraryComponent[39m][33m,[39m
    [90m 29|[39m       providers[33m:[39m [
[90m [2mΓ¥»[22m 
src/app/features/library/library.component.spec.ts:[2m107:25[22m[39m

[31m[2mΓÄ»ΓÄ»ΓÄ»ΓÄ»ΓÄ»ΓÄ»ΓÄ»ΓÄ»ΓÄ»ΓÄ»ΓÄ»ΓÄ»ΓÄ»ΓÄ»ΓÄ»ΓÄ»ΓÄ»ΓÄ»ΓÄ»ΓÄ»ΓÄ»[68/140
]ΓÄ»[22m[39m

[41m[1m FAIL [22m[49m src/app/features/search/search.component.spec.ts[2m 
> [22mSearchComponent[2m > [22mcreates successfully
[31m[1mError[22m: Component 'SearchComponent' is not resolved:
 - templateUrl: ./search.html
 - styleUrl: ./search.css
Did you run and wait for 'resolveComponentResources()'?[39m
[90m [2mΓ¥»[22m SearchComponent.get ../darwin_arm64-fastbuild-ST-fdfa778d11b
a/bin/packages/core/src/render3/jit/directive.ts:[2m106:16[22m[39m
[90m [2mΓ¥»[22m ╔╡cmp ../darwin_arm64-fastbuild-ST-fdfa778d11ba/bin/packages
/core/testing/src/test_bed_compiler.ts:[2m1116:24[22m[39m
[90m [2mΓ¥»[22m getComponentDef ../darwin_arm64-fastbuild-ST-fdfa778d11ba/bi
n/packages/core/testing/src/test_bed_compiler.ts:[2m1109:14[22m[39m
[90m [2mΓ¥»[22m isStandaloneComponent ../darwin_arm64-fastbuild-ST-fdfa778d1
1ba/bin/packages/core/testing/src/test_bed_compiler.ts:[2m784:19[22m[39m
[90m [2mΓ¥»[22m queueTypesFromModulesArrayRecur ../darwin_arm64-fastbuild-ST
-fdfa778d11ba/bin/packages/core/testing/src/test_bed_compiler.ts:[2m808:4[22m
[39m
[90m [2mΓ¥»[22m queueTypesFromModulesArray ../darwin_arm64-fastbuild-ST-fdfa
778d11ba/bin/packages/core/testing/src/test_bed_compiler.ts:[2m226:11[22m[39
m
[90m [2mΓ¥»[22m configureTestingModule ../darwin_arm64-fastbuild-ST-fdfa778d
11ba/bin/packages/core/testing/src/test_bed.ts:[2m584:18[22m[39m
[90m [2mΓ¥»[22m configureTestingModule ../darwin_arm64-fastbuild-ST-fdfa778d
11ba/bin/packages/core/testing/src/test_bed.ts:[2m319:32[22m[39m
[36m [2mΓ¥»[22m setup 
src/app/features/search/search.component.spec.ts:[2m22:13[22m[39m
    [90m 20|[39m     }[33m;[39m
    [90m 21|[39m
    [90m 22|[39m     
[33mTestBed[39m[33m.[39m[34mconfigureTestingModule[39m({
    [90m   |[39m             [31m^[39m
    [90m 23|[39m       imports[33m:[39m 
[[33mSearchComponent[39m][33m,[39m
    [90m 24|[39m       providers[33m:[39m [
[90m [2mΓ¥»[22m 
src/app/features/search/search.component.spec.ts:[2m38:12[22m[39m

[31m[2mΓÄ»ΓÄ»ΓÄ»ΓÄ»ΓÄ»ΓÄ»ΓÄ»ΓÄ»ΓÄ»ΓÄ»ΓÄ»ΓÄ»ΓÄ»ΓÄ»ΓÄ»ΓÄ»ΓÄ»ΓÄ»ΓÄ»ΓÄ»ΓÄ»[69/140
]ΓÄ»[22m[39m

[41m[1m FAIL [22m[49m src/app/features/search/search.component.spec.ts[2m 
> [22mSearchComponent[2m > [22mshows initial search prompt when query is 
empty
[31m[1mError[22m: Component 'SearchComponent' is not resolved:
 - templateUrl: ./search.html
 - styleUrl: ./search.css
Did you run and wait for 'resolveComponentResources()'?[39m
[90m [2mΓ¥»[22m SearchComponent.get ../darwin_arm64-fastbuild-ST-fdfa778d11b
a/bin/packages/core/src/render3/jit/directive.ts:[2m106:16[22m[39m
[90m [2mΓ¥»[22m ╔╡cmp ../darwin_arm64-fastbuild-ST-fdfa778d11ba/bin/packages
/core/testing/src/test_bed_compiler.ts:[2m1116:24[22m[39m
[90m [2mΓ¥»[22m getComponentDef ../darwin_arm64-fastbuild-ST-fdfa778d11ba/bi
n/packages/core/testing/src/test_bed_compiler.ts:[2m1109:14[22m[39m
[90m [2mΓ¥»[22m isStandaloneComponent ../darwin_arm64-fastbuild-ST-fdfa778d1
1ba/bin/packages/core/testing/src/test_bed_compiler.ts:[2m784:19[22m[39m
[90m [2mΓ¥»[22m queueTypesFromModulesArrayRecur ../darwin_arm64-fastbuild-ST
-fdfa778d11ba/bin/packages/core/testing/src/test_bed_compiler.ts:[2m808:4[22m
[39m
[90m [2mΓ¥»[22m queueTypesFromModulesArray ../darwin_arm64-fastbuild-ST-fdfa
778d11ba/bin/packages/core/testing/src/test_bed_compiler.ts:[2m226:11[22m[39
m
[90m [2mΓ¥»[22m configureTestingModule ../darwin_arm64-fastbuild-ST-fdfa778d
11ba/bin/packages/core/testing/src/test_bed.ts:[2m584:18[22m[39m
[90m [2mΓ¥»[22m configureTestingModule ../darwin_arm64-fastbuild-ST-fdfa778d
11ba/bin/packages/core/testing/src/test_bed.ts:[2m319:32[22m[39m
[36m [2mΓ¥»[22m setup 
src/app/features/search/search.component.spec.ts:[2m22:13[22m[39m
    [90m 20|[39m     }[33m;[39m
    [90m 21|[39m
    [90m 22|[39m     
[33mTestBed[39m[33m.[39m[34mconfigureTestingModule[39m({
    [90m   |[39m             [31m^[39m
    [90m 23|[39m       imports[33m:[39m 
[[33mSearchComponent[39m][33m,[39m
    [90m 24|[39m       providers[33m:[39m [
[90m [2mΓ¥»[22m 
src/app/features/search/search.component.spec.ts:[2m42:25[22m[39m

[31m[2mΓÄ»ΓÄ»ΓÄ»ΓÄ»ΓÄ»ΓÄ»ΓÄ»ΓÄ»ΓÄ»ΓÄ»ΓÄ»ΓÄ»ΓÄ»ΓÄ»ΓÄ»ΓÄ»ΓÄ»ΓÄ»ΓÄ»ΓÄ»ΓÄ»[70/140
]ΓÄ»[22m[39m

[41m[1m FAIL [22m[49m src/app/features/search/search.component.spec.ts[2m 
> [22mSearchComponent[2m > [22mrenders search input
[31m[1mError[22m: Component 'SearchComponent' is not resolved:
 - templateUrl: ./search.html
 - styleUrl: ./search.css
Did you run and wait for 'resolveComponentResources()'?[39m
[90m [2mΓ¥»[22m SearchComponent.get ../darwin_arm64-fastbuild-ST-fdfa778d11b
a/bin/packages/core/src/render3/jit/directive.ts:[2m106:16[22m[39m
[90m [2mΓ¥»[22m ╔╡cmp ../darwin_arm64-fastbuild-ST-fdfa778d11ba/bin/packages
/core/testing/src/test_bed_compiler.ts:[2m1116:24[22m[39m
[90m [2mΓ¥»[22m getComponentDef ../darwin_arm64-fastbuild-ST-fdfa778d11ba/bi
n/packages/core/testing/src/test_bed_compiler.ts:[2m1109:14[22m[39m
[90m [2mΓ¥»[22m isStandaloneComponent ../darwin_arm64-fastbuild-ST-fdfa778d1
1ba/bin/packages/core/testing/src/test_bed_compiler.ts:[2m784:19[22m[39m
[90m [2mΓ¥»[22m queueTypesFromModulesArrayRecur ../darwin_arm64-fastbuild-ST
-fdfa778d11ba/bin/packages/core/testing/src/test_bed_compiler.ts:[2m808:4[22m
[39m
[90m [2mΓ¥»[22m queueTypesFromModulesArray ../darwin_arm64-fastbuild-ST-fdfa
778d11ba/bin/packages/core/testing/src/test_bed_compiler.ts:[2m226:11[22m[39
m
[90m [2mΓ¥»[22m configureTestingModule ../darwin_arm64-fastbuild-ST-fdfa778d
11ba/bin/packages/core/testing/src/test_bed.ts:[2m584:18[22m[39m
[90m [2mΓ¥»[22m configureTestingModule ../darwin_arm64-fastbuild-ST-fdfa778d
11ba/bin/packages/core/testing/src/test_bed.ts:[2m319:32[22m[39m
[36m [2mΓ¥»[22m setup 
src/app/features/search/search.component.spec.ts:[2m22:13[22m[39m
    [90m 20|[39m     }[33m;[39m
    [90m 21|[39m
    [90m 22|[39m     
[33mTestBed[39m[33m.[39m[34mconfigureTestingModule[39m({
    [90m   |[39m             [31m^[39m
    [90m 23|[39m       imports[33m:[39m 
[[33mSearchComponent[39m][33m,[39m
    [90m 24|[39m       providers[33m:[39m [
[90m [2mΓ¥»[22m 
src/app/features/search/search.component.spec.ts:[2m47:25[22m[39m

[31m[2mΓÄ»ΓÄ»ΓÄ»ΓÄ»ΓÄ»ΓÄ»ΓÄ»ΓÄ»ΓÄ»ΓÄ»ΓÄ»ΓÄ»ΓÄ»ΓÄ»ΓÄ»ΓÄ»ΓÄ»ΓÄ»ΓÄ»ΓÄ»ΓÄ»[71/140
]ΓÄ»[22m[39m

[41m[1m FAIL [22m[49m src/app/features/search/search.component.spec.ts[2m 
> [22mSearchComponent[2m > [22mclear() resets query and results
[31m[1mError[22m: Component 'SearchComponent' is not resolved:
 - templateUrl: ./search.html
 - styleUrl: ./search.css
Did you run and wait for 'resolveComponentResources()'?[39m
[90m [2mΓ¥»[22m SearchComponent.get ../darwin_arm64-fastbuild-ST-fdfa778d11b
a/bin/packages/core/src/render3/jit/directive.ts:[2m106:16[22m[39m
[90m [2mΓ¥»[22m ╔╡cmp ../darwin_arm64-fastbuild-ST-fdfa778d11ba/bin/packages
/core/testing/src/test_bed_compiler.ts:[2m1116:24[22m[39m
[90m [2mΓ¥»[22m getComponentDef ../darwin_arm64-fastbuild-ST-fdfa778d11ba/bi
n/packages/core/testing/src/test_bed_compiler.ts:[2m1109:14[22m[39m
[90m [2mΓ¥»[22m isStandaloneComponent ../darwin_arm64-fastbuild-ST-fdfa778d1
1ba/bin/packages/core/testing/src/test_bed_compiler.ts:[2m784:19[22m[39m
[90m [2mΓ¥»[22m queueTypesFromModulesArrayRecur ../darwin_arm64-fastbuild-ST
-fdfa778d11ba/bin/packages/core/testing/src/test_bed_compiler.ts:[2m808:4[22m
[39m
[90m [2mΓ¥»[22m queueTypesFromModulesArray ../darwin_arm64-fastbuild-ST-fdfa
778d11ba/bin/packages/core/testing/src/test_bed_compiler.ts:[2m226:11[22m[39
m
[90m [2mΓ¥»[22m configureTestingModule ../darwin_arm64-fastbuild-ST-fdfa778d
11ba/bin/packages/core/testing/src/test_bed.ts:[2m584:18[22m[39m
[90m [2mΓ¥»[22m configureTestingModule ../darwin_arm64-fastbuild-ST-fdfa778d
11ba/bin/packages/core/testing/src/test_bed.ts:[2m319:32[22m[39m
[36m [2mΓ¥»[22m setup 
src/app/features/search/search.component.spec.ts:[2m22:13[22m[39m
    [90m 20|[39m     }[33m;[39m
    [90m 21|[39m
    [90m 22|[39m     
[33mTestBed[39m[33m.[39m[34mconfigureTestingModule[39m({
    [90m   |[39m             [31m^[39m
    [90m 23|[39m       imports[33m:[39m 
[[33mSearchComponent[39m][33m,[39m
    [90m 24|[39m       providers[33m:[39m [
[90m [2mΓ¥»[22m 
src/app/features/search/search.component.spec.ts:[2m52:25[22m[39m

[31m[2mΓÄ»ΓÄ»ΓÄ»ΓÄ»ΓÄ»ΓÄ»ΓÄ»ΓÄ»ΓÄ»ΓÄ»ΓÄ»ΓÄ»ΓÄ»ΓÄ»ΓÄ»ΓÄ»ΓÄ»ΓÄ»ΓÄ»ΓÄ»ΓÄ»[72/140
]ΓÄ»[22m[39m

[41m[1m FAIL [22m[49m src/app/features/search/search.component.spec.ts[2m 
> [22mSearchComponent[2m > [22mclear() hides results and shows prompt
[31m[1mError[22m: Component 'SearchComponent' is not resolved:
 - templateUrl: ./search.html
 - styleUrl: ./search.css
Did you run and wait for 'resolveComponentResources()'?[39m
[90m [2mΓ¥»[22m SearchComponent.get ../darwin_arm64-fastbuild-ST-fdfa778d11b
a/bin/packages/core/src/render3/jit/directive.ts:[2m106:16[22m[39m
[90m [2mΓ¥»[22m ╔╡cmp ../darwin_arm64-fastbuild-ST-fdfa778d11ba/bin/packages
/core/testing/src/test_bed_compiler.ts:[2m1116:24[22m[39m
[90m [2mΓ¥»[22m getComponentDef ../darwin_arm64-fastbuild-ST-fdfa778d11ba/bi
n/packages/core/testing/src/test_bed_compiler.ts:[2m1109:14[22m[39m
[90m [2mΓ¥»[22m isStandaloneComponent ../darwin_arm64-fastbuild-ST-fdfa778d1
1ba/bin/packages/core/testing/src/test_bed_compiler.ts:[2m784:19[22m[39m
[90m [2mΓ¥»[22m queueTypesFromModulesArrayRecur ../darwin_arm64-fastbuild-ST
-fdfa778d11ba/bin/packages/core/testing/src/test_bed_compiler.ts:[2m808:4[22m
[39m
[90m [2mΓ¥»[22m queueTypesFromModulesArray ../darwin_arm64-fastbuild-ST-fdfa
778d11ba/bin/packages/core/testing/src/test_bed_compiler.ts:[2m226:11[22m[39
m
[90m [2mΓ¥»[22m configureTestingModule ../darwin_arm64-fastbuild-ST-fdfa778d
11ba/bin/packages/core/testing/src/test_bed.ts:[2m584:18[22m[39m
[90m [2mΓ¥»[22m configureTestingModule ../darwin_arm64-fastbuild-ST-fdfa778d
11ba/bin/packages/core/testing/src/test_bed.ts:[2m319:32[22m[39m
[36m [2mΓ¥»[22m setup 
src/app/features/search/search.component.spec.ts:[2m22:13[22m[39m
    [90m 20|[39m     }[33m;[39m
    [90m 21|[39m
    [90m 22|[39m     
[33mTestBed[39m[33m.[39m[34mconfigureTestingModule[39m({
    [90m   |[39m             [31m^[39m
    [90m 23|[39m       imports[33m:[39m 
[[33mSearchComponent[39m][33m,[39m
    [90m 24|[39m       providers[33m:[39m [
[90m [2mΓ¥»[22m 
src/app/features/search/search.component.spec.ts:[2m63:25[22m[39m

[31m[2mΓÄ»ΓÄ»ΓÄ»ΓÄ»ΓÄ»ΓÄ»ΓÄ»ΓÄ»ΓÄ»ΓÄ»ΓÄ»ΓÄ»ΓÄ»ΓÄ»ΓÄ»ΓÄ»ΓÄ»ΓÄ»ΓÄ»ΓÄ»ΓÄ»[73/140
]ΓÄ»[22m[39m

[41m[1m FAIL [22m[49m src/app/features/search/search.component.spec.ts[2m 
> [22mSearchComponent[2m > [22misInLibrary delegates to 
store.isBookInLibrary
[31m[1mError[22m: Component 'SearchComponent' is not resolved:
 - templateUrl: ./search.html
 - styleUrl: ./search.css
Did you run and wait for 'resolveComponentResources()'?[39m
[90m [2mΓ¥»[22m SearchComponent.get ../darwin_arm64-fastbuild-ST-fdfa778d11b
a/bin/packages/core/src/render3/jit/directive.ts:[2m106:16[22m[39m
[90m [2mΓ¥»[22m ╔╡cmp ../darwin_arm64-fastbuild-ST-fdfa778d11ba/bin/packages
/core/testing/src/test_bed_compiler.ts:[2m1116:24[22m[39m
[90m [2mΓ¥»[22m getComponentDef ../darwin_arm64-fastbuild-ST-fdfa778d11ba/bi
n/packages/core/testing/src/test_bed_compiler.ts:[2m1109:14[22m[39m
[90m [2mΓ¥»[22m isStandaloneComponent ../darwin_arm64-fastbuild-ST-fdfa778d1
1ba/bin/packages/core/testing/src/test_bed_compiler.ts:[2m784:19[22m[39m
[90m [2mΓ¥»[22m queueTypesFromModulesArrayRecur ../darwin_arm64-fastbuild-ST
-fdfa778d11ba/bin/packages/core/testing/src/test_bed_compiler.ts:[2m808:4[22m
[39m
[90m [2mΓ¥»[22m queueTypesFromModulesArray ../darwin_arm64-fastbuild-ST-fdfa
778d11ba/bin/packages/core/testing/src/test_bed_compiler.ts:[2m226:11[22m[39
m
[90m [2mΓ¥»[22m configureTestingModule ../darwin_arm64-fastbuild-ST-fdfa778d
11ba/bin/packages/core/testing/src/test_bed.ts:[2m584:18[22m[39m
[90m [2mΓ¥»[22m configureTestingModule ../darwin_arm64-fastbuild-ST-fdfa778d
11ba/bin/packages/core/testing/src/test_bed.ts:[2m319:32[22m[39m
[36m [2mΓ¥»[22m setup 
src/app/features/search/search.component.spec.ts:[2m22:13[22m[39m
    [90m 20|[39m     }[33m;[39m
    [90m 21|[39m
    [90m 22|[39m     
[33mTestBed[39m[33m.[39m[34mconfigureTestingModule[39m({
    [90m   |[39m             [31m^[39m
    [90m 23|[39m       imports[33m:[39m 
[[33mSearchComponent[39m][33m,[39m
    [90m 24|[39m       providers[33m:[39m [
[90m [2mΓ¥»[22m 
src/app/features/search/search.component.spec.ts:[2m74:36[22m[39m

[31m[2mΓÄ»ΓÄ»ΓÄ»ΓÄ»ΓÄ»ΓÄ»ΓÄ»ΓÄ»ΓÄ»ΓÄ»ΓÄ»ΓÄ»ΓÄ»ΓÄ»ΓÄ»ΓÄ»ΓÄ»ΓÄ»ΓÄ»ΓÄ»ΓÄ»[74/140
]ΓÄ»[22m[39m

[41m[1m FAIL [22m[49m src/app/features/search/search.component.spec.ts[2m 
> [22mSearchComponent[2m > [22maddToShelf delegates to store.addBook
[31m[1mError[22m: Component 'SearchComponent' is not resolved:
 - templateUrl: ./search.html
 - styleUrl: ./search.css
Did you run and wait for 'resolveComponentResources()'?[39m
[90m [2mΓ¥»[22m SearchComponent.get ../darwin_arm64-fastbuild-ST-fdfa778d11b
a/bin/packages/core/src/render3/jit/directive.ts:[2m106:16[22m[39m
[90m [2mΓ¥»[22m ╔╡cmp ../darwin_arm64-fastbuild-ST-fdfa778d11ba/bin/packages
/core/testing/src/test_bed_compiler.ts:[2m1116:24[22m[39m
[90m [2mΓ¥»[22m getComponentDef ../darwin_arm64-fastbuild-ST-fdfa778d11ba/bi
n/packages/core/testing/src/test_bed_compiler.ts:[2m1109:14[22m[39m
[90m [2mΓ¥»[22m isStandaloneComponent ../darwin_arm64-fastbuild-ST-fdfa778d1
1ba/bin/packages/core/testing/src/test_bed_compiler.ts:[2m784:19[22m[39m
[90m [2mΓ¥»[22m queueTypesFromModulesArrayRecur ../darwin_arm64-fastbuild-ST
-fdfa778d11ba/bin/packages/core/testing/src/test_bed_compiler.ts:[2m808:4[22m
[39m
[90m [2mΓ¥»[22m queueTypesFromModulesArray ../darwin_arm64-fastbuild-ST-fdfa
778d11ba/bin/packages/core/testing/src/test_bed_compiler.ts:[2m226:11[22m[39
m
[90m [2mΓ¥»[22m configureTestingModule ../darwin_arm64-fastbuild-ST-fdfa778d
11ba/bin/packages/core/testing/src/test_bed.ts:[2m584:18[22m[39m
[90m [2mΓ¥»[22m configureTestingModule ../darwin_arm64-fastbuild-ST-fdfa778d
11ba/bin/packages/core/testing/src/test_bed.ts:[2m319:32[22m[39m
[36m [2mΓ¥»[22m setup 
src/app/features/search/search.component.spec.ts:[2m22:13[22m[39m
    [90m 20|[39m     }[33m;[39m
    [90m 21|[39m
    [90m 22|[39m     
[33mTestBed[39m[33m.[39m[34mconfigureTestingModule[39m({
    [90m   |[39m             [31m^[39m
    [90m 23|[39m       imports[33m:[39m 
[[33mSearchComponent[39m][33m,[39m
    [90m 24|[39m       providers[33m:[39m [
[90m [2mΓ¥»[22m 
src/app/features/search/search.component.spec.ts:[2m81:36[22m[39m

[31m[2mΓÄ»ΓÄ»ΓÄ»ΓÄ»ΓÄ»ΓÄ»ΓÄ»ΓÄ»ΓÄ»ΓÄ»ΓÄ»ΓÄ»ΓÄ»ΓÄ»ΓÄ»ΓÄ»ΓÄ»ΓÄ»ΓÄ»ΓÄ»ΓÄ»[75/140
]ΓÄ»[22m[39m

[41m[1m FAIL [22m[49m src/app/features/search/search.component.spec.ts[2m 
> [22mSearchComponent[2m > [22mshows results count when there are results
[31m[1mError[22m: Component 'SearchComponent' is not resolved:
 - templateUrl: ./search.html
 - styleUrl: ./search.css
Did you run and wait for 'resolveComponentResources()'?[39m
[90m [2mΓ¥»[22m SearchComponent.get ../darwin_arm64-fastbuild-ST-fdfa778d11b
a/bin/packages/core/src/render3/jit/directive.ts:[2m106:16[22m[39m
[90m [2mΓ¥»[22m ╔╡cmp ../darwin_arm64-fastbuild-ST-fdfa778d11ba/bin/packages
/core/testing/src/test_bed_compiler.ts:[2m1116:24[22m[39m
[90m [2mΓ¥»[22m getComponentDef ../darwin_arm64-fastbuild-ST-fdfa778d11ba/bi
n/packages/core/testing/src/test_bed_compiler.ts:[2m1109:14[22m[39m
[90m [2mΓ¥»[22m isStandaloneComponent ../darwin_arm64-fastbuild-ST-fdfa778d1
1ba/bin/packages/core/testing/src/test_bed_compiler.ts:[2m784:19[22m[39m
[90m [2mΓ¥»[22m queueTypesFromModulesArrayRecur ../darwin_arm64-fastbuild-ST
-fdfa778d11ba/bin/packages/core/testing/src/test_bed_compiler.ts:[2m808:4[22m
[39m
[90m [2mΓ¥»[22m queueTypesFromModulesArray ../darwin_arm64-fastbuild-ST-fdfa
778d11ba/bin/packages/core/testing/src/test_bed_compiler.ts:[2m226:11[22m[39
m
[90m [2mΓ¥»[22m configureTestingModule ../darwin_arm64-fastbuild-ST-fdfa778d
11ba/bin/packages/core/testing/src/test_bed.ts:[2m584:18[22m[39m
[90m [2mΓ¥»[22m configureTestingModule ../darwin_arm64-fastbuild-ST-fdfa778d
11ba/bin/packages/core/testing/src/test_bed.ts:[2m319:32[22m[39m
[36m [2mΓ¥»[22m setup 
src/app/features/search/search.component.spec.ts:[2m22:13[22m[39m
    [90m 20|[39m     }[33m;[39m
    [90m 21|[39m
    [90m 22|[39m     
[33mTestBed[39m[33m.[39m[34mconfigureTestingModule[39m({
    [90m   |[39m             [31m^[39m
    [90m 23|[39m       imports[33m:[39m 
[[33mSearchComponent[39m][33m,[39m
    [90m 24|[39m       providers[33m:[39m [
[90m [2mΓ¥»[22m 
src/app/features/search/search.component.spec.ts:[2m88:25[22m[39m

[31m[2mΓÄ»ΓÄ»ΓÄ»ΓÄ»ΓÄ»ΓÄ»ΓÄ»ΓÄ»ΓÄ»ΓÄ»ΓÄ»ΓÄ»ΓÄ»ΓÄ»ΓÄ»ΓÄ»ΓÄ»ΓÄ»ΓÄ»ΓÄ»ΓÄ»[76/140
]ΓÄ»[22m[39m

[41m[1m FAIL [22m[49m src/app/features/search/search.component.spec.ts[2m 
> [22mSearchComponent[2m > [22mshows no-results state when query is set but 
results are empty
[31m[1mError[22m: Component 'SearchComponent' is not resolved:
 - templateUrl: ./search.html
 - styleUrl: ./search.css
Did you run and wait for 'resolveComponentResources()'?[39m
[90m [2mΓ¥»[22m SearchComponent.get ../darwin_arm64-fastbuild-ST-fdfa778d11b
a/bin/packages/core/src/render3/jit/directive.ts:[2m106:16[22m[39m
[90m [2mΓ¥»[22m ╔╡cmp ../darwin_arm64-fastbuild-ST-fdfa778d11ba/bin/packages
/core/testing/src/test_bed_compiler.ts:[2m1116:24[22m[39m
[90m [2mΓ¥»[22m getComponentDef ../darwin_arm64-fastbuild-ST-fdfa778d11ba/bi
n/packages/core/testing/src/test_bed_compiler.ts:[2m1109:14[22m[39m
[90m [2mΓ¥»[22m isStandaloneComponent ../darwin_arm64-fastbuild-ST-fdfa778d1
1ba/bin/packages/core/testing/src/test_bed_compiler.ts:[2m784:19[22m[39m
[90m [2mΓ¥»[22m queueTypesFromModulesArrayRecur ../darwin_arm64-fastbuild-ST
-fdfa778d11ba/bin/packages/core/testing/src/test_bed_compiler.ts:[2m808:4[22m
[39m
[90m [2mΓ¥»[22m queueTypesFromModulesArray ../darwin_arm64-fastbuild-ST-fdfa
778d11ba/bin/packages/core/testing/src/test_bed_compiler.ts:[2m226:11[22m[39
m
[90m [2mΓ¥»[22m configureTestingModule ../darwin_arm64-fastbuild-ST-fdfa778d
11ba/bin/packages/core/testing/src/test_bed.ts:[2m584:18[22m[39m
[90m [2mΓ¥»[22m configureTestingModule ../darwin_arm64-fastbuild-ST-fdfa778d
11ba/bin/packages/core/testing/src/test_bed.ts:[2m319:32[22m[39m
[36m [2mΓ¥»[22m setup 
src/app/features/search/search.component.spec.ts:[2m22:13[22m[39m
    [90m 20|[39m     }[33m;[39m
    [90m 21|[39m
    [90m 22|[39m     
[33mTestBed[39m[33m.[39m[34mconfigureTestingModule[39m({
    [90m   |[39m             [31m^[39m
    [90m 23|[39m       imports[33m:[39m 
[[33mSearchComponent[39m][33m,[39m
    [90m 24|[39m       providers[33m:[39m [
[90m [2mΓ¥»[22m 
src/app/features/search/search.component.spec.ts:[2m100:25[22m[39m

[31m[2mΓÄ»ΓÄ»ΓÄ»ΓÄ»ΓÄ»ΓÄ»ΓÄ»ΓÄ»ΓÄ»ΓÄ»ΓÄ»ΓÄ»ΓÄ»ΓÄ»ΓÄ»ΓÄ»ΓÄ»ΓÄ»ΓÄ»ΓÄ»ΓÄ»[77/140
]ΓÄ»[22m[39m

[41m[1m FAIL [22m[49m src/app/features/shelf/shelf.component.spec.ts[2m > 
[22mShelfComponent[2m > [22mcreates successfully
[31m[1mError[22m: Component 'ShelfComponent' is not resolved:
 - templateUrl: ./shelf.html
 - styleUrl: ./shelf.css
Did you run and wait for 'resolveComponentResources()'?[39m
[90m [2mΓ¥»[22m ShelfComponent.get ../darwin_arm64-fastbuild-ST-fdfa778d11ba
/bin/packages/core/src/render3/jit/directive.ts:[2m106:16[22m[39m
[90m [2mΓ¥»[22m ╔╡cmp ../darwin_arm64-fastbuild-ST-fdfa778d11ba/bin/packages
/core/testing/src/test_bed_compiler.ts:[2m1116:24[22m[39m
[90m [2mΓ¥»[22m getComponentDef ../darwin_arm64-fastbuild-ST-fdfa778d11ba/bi
n/packages/core/testing/src/test_bed_compiler.ts:[2m1109:14[22m[39m
[90m [2mΓ¥»[22m isStandaloneComponent ../darwin_arm64-fastbuild-ST-fdfa778d1
1ba/bin/packages/core/testing/src/test_bed_compiler.ts:[2m784:19[22m[39m
[90m [2mΓ¥»[22m queueTypesFromModulesArrayRecur ../darwin_arm64-fastbuild-ST
-fdfa778d11ba/bin/packages/core/testing/src/test_bed_compiler.ts:[2m808:4[22m
[39m
[90m [2mΓ¥»[22m queueTypesFromModulesArray ../darwin_arm64-fastbuild-ST-fdfa
778d11ba/bin/packages/core/testing/src/test_bed_compiler.ts:[2m226:11[22m[39
m
[90m [2mΓ¥»[22m configureTestingModule ../darwin_arm64-fastbuild-ST-fdfa778d
11ba/bin/packages/core/testing/src/test_bed.ts:[2m584:18[22m[39m
[90m [2mΓ¥»[22m configureTestingModule ../darwin_arm64-fastbuild-ST-fdfa778d
11ba/bin/packages/core/testing/src/test_bed.ts:[2m319:32[22m[39m
[36m [2mΓ¥»[22m setup 
src/app/features/shelf/shelf.component.spec.ts:[2m23:13[22m[39m
    [90m 21|[39m     }[33m;[39m
    [90m 22|[39m
    [90m 23|[39m     
[33mTestBed[39m[33m.[39m[34mconfigureTestingModule[39m({
    [90m   |[39m             [31m^[39m
    [90m 24|[39m       imports[33m:[39m 
[[33mShelfComponent[39m][33m,[39m
    [90m 25|[39m       providers[33m:[39m [
[90m [2mΓ¥»[22m 
src/app/features/shelf/shelf.component.spec.ts:[2m41:12[22m[39m

[31m[2mΓÄ»ΓÄ»ΓÄ»ΓÄ»ΓÄ»ΓÄ»ΓÄ»ΓÄ»ΓÄ»ΓÄ»ΓÄ»ΓÄ»ΓÄ»ΓÄ»ΓÄ»ΓÄ»ΓÄ»ΓÄ»ΓÄ»ΓÄ»ΓÄ»[78/140
]ΓÄ»[22m[39m

[41m[1m FAIL [22m[49m src/app/features/shelf/shelf.component.spec.ts[2m > 
[22mShelfComponent[2m > [22mcomputed shelf() returns the correct shelf by id
[31m[1mError[22m: Component 'ShelfComponent' is not resolved:
 - templateUrl: ./shelf.html
 - styleUrl: ./shelf.css
Did you run and wait for 'resolveComponentResources()'?[39m
[90m [2mΓ¥»[22m ShelfComponent.get ../darwin_arm64-fastbuild-ST-fdfa778d11ba
/bin/packages/core/src/render3/jit/directive.ts:[2m106:16[22m[39m
[90m [2mΓ¥»[22m ╔╡cmp ../darwin_arm64-fastbuild-ST-fdfa778d11ba/bin/packages
/core/testing/src/test_bed_compiler.ts:[2m1116:24[22m[39m
[90m [2mΓ¥»[22m getComponentDef ../darwin_arm64-fastbuild-ST-fdfa778d11ba/bi
n/packages/core/testing/src/test_bed_compiler.ts:[2m1109:14[22m[39m
[90m [2mΓ¥»[22m isStandaloneComponent ../darwin_arm64-fastbuild-ST-fdfa778d1
1ba/bin/packages/core/testing/src/test_bed_compiler.ts:[2m784:19[22m[39m
[90m [2mΓ¥»[22m queueTypesFromModulesArrayRecur ../darwin_arm64-fastbuild-ST
-fdfa778d11ba/bin/packages/core/testing/src/test_bed_compiler.ts:[2m808:4[22m
[39m
[90m [2mΓ¥»[22m queueTypesFromModulesArray ../darwin_arm64-fastbuild-ST-fdfa
778d11ba/bin/packages/core/testing/src/test_bed_compiler.ts:[2m226:11[22m[39
m
[90m [2mΓ¥»[22m configureTestingModule ../darwin_arm64-fastbuild-ST-fdfa778d
11ba/bin/packages/core/testing/src/test_bed.ts:[2m584:18[22m[39m
[90m [2mΓ¥»[22m configureTestingModule ../darwin_arm64-fastbuild-ST-fdfa778d
11ba/bin/packages/core/testing/src/test_bed.ts:[2m319:32[22m[39m
[36m [2mΓ¥»[22m setup 
src/app/features/shelf/shelf.component.spec.ts:[2m23:13[22m[39m
    [90m 21|[39m     }[33m;[39m
    [90m 22|[39m
    [90m 23|[39m     
[33mTestBed[39m[33m.[39m[34mconfigureTestingModule[39m({
    [90m   |[39m             [31m^[39m
    [90m 24|[39m       imports[33m:[39m 
[[33mShelfComponent[39m][33m,[39m
    [90m 25|[39m       providers[33m:[39m [
[90m [2mΓ¥»[22m 
src/app/features/shelf/shelf.component.spec.ts:[2m45:25[22m[39m

[31m[2mΓÄ»ΓÄ»ΓÄ»ΓÄ»ΓÄ»ΓÄ»ΓÄ»ΓÄ»ΓÄ»ΓÄ»ΓÄ»ΓÄ»ΓÄ»ΓÄ»ΓÄ»ΓÄ»ΓÄ»ΓÄ»ΓÄ»ΓÄ»ΓÄ»[79/140
]ΓÄ»[22m[39m

[41m[1m FAIL [22m[49m src/app/features/shelf/shelf.component.spec.ts[2m > 
[22mShelfComponent[2m > [22mcomputed shelf() returns undefined for an 
unknown id
[31m[1mError[22m: Component 'ShelfComponent' is not resolved:
 - templateUrl: ./shelf.html
 - styleUrl: ./shelf.css
Did you run and wait for 'resolveComponentResources()'?[39m
[90m [2mΓ¥»[22m ShelfComponent.get ../darwin_arm64-fastbuild-ST-fdfa778d11ba
/bin/packages/core/src/render3/jit/directive.ts:[2m106:16[22m[39m
[90m [2mΓ¥»[22m ╔╡cmp ../darwin_arm64-fastbuild-ST-fdfa778d11ba/bin/packages
/core/testing/src/test_bed_compiler.ts:[2m1116:24[22m[39m
[90m [2mΓ¥»[22m getComponentDef ../darwin_arm64-fastbuild-ST-fdfa778d11ba/bi
n/packages/core/testing/src/test_bed_compiler.ts:[2m1109:14[22m[39m
[90m [2mΓ¥»[22m isStandaloneComponent ../darwin_arm64-fastbuild-ST-fdfa778d1
1ba/bin/packages/core/testing/src/test_bed_compiler.ts:[2m784:19[22m[39m
[90m [2mΓ¥»[22m queueTypesFromModulesArrayRecur ../darwin_arm64-fastbuild-ST
-fdfa778d11ba/bin/packages/core/testing/src/test_bed_compiler.ts:[2m808:4[22m
[39m
[90m [2mΓ¥»[22m queueTypesFromModulesArray ../darwin_arm64-fastbuild-ST-fdfa
778d11ba/bin/packages/core/testing/src/test_bed_compiler.ts:[2m226:11[22m[39
m
[90m [2mΓ¥»[22m configureTestingModule ../darwin_arm64-fastbuild-ST-fdfa778d
11ba/bin/packages/core/testing/src/test_bed.ts:[2m584:18[22m[39m
[90m [2mΓ¥»[22m configureTestingModule ../darwin_arm64-fastbuild-ST-fdfa778d
11ba/bin/packages/core/testing/src/test_bed.ts:[2m319:32[22m[39m
[36m [2mΓ¥»[22m setup 
src/app/features/shelf/shelf.component.spec.ts:[2m23:13[22m[39m
    [90m 21|[39m     }[33m;[39m
    [90m 22|[39m
    [90m 23|[39m     
[33mTestBed[39m[33m.[39m[34mconfigureTestingModule[39m({
    [90m   |[39m             [31m^[39m
    [90m 24|[39m       imports[33m:[39m 
[[33mShelfComponent[39m][33m,[39m
    [90m 25|[39m       providers[33m:[39m [
[90m [2mΓ¥»[22m 
src/app/features/shelf/shelf.component.spec.ts:[2m51:25[22m[39m

[31m[2mΓÄ»ΓÄ»ΓÄ»ΓÄ»ΓÄ»ΓÄ»ΓÄ»ΓÄ»ΓÄ»ΓÄ»ΓÄ»ΓÄ»ΓÄ»ΓÄ»ΓÄ»ΓÄ»ΓÄ»ΓÄ»ΓÄ»ΓÄ»ΓÄ»[80/140
]ΓÄ»[22m[39m

[41m[1m FAIL [22m[49m src/app/features/shelf/shelf.component.spec.ts[2m > 
[22mShelfComponent[2m > [22mcomputed shelfId() returns value from route
[31m[1mError[22m: Component 'ShelfComponent' is not resolved:
 - templateUrl: ./shelf.html
 - styleUrl: ./shelf.css
Did you run and wait for 'resolveComponentResources()'?[39m
[90m [2mΓ¥»[22m ShelfComponent.get ../darwin_arm64-fastbuild-ST-fdfa778d11ba
/bin/packages/core/src/render3/jit/directive.ts:[2m106:16[22m[39m
[90m [2mΓ¥»[22m ╔╡cmp ../darwin_arm64-fastbuild-ST-fdfa778d11ba/bin/packages
/core/testing/src/test_bed_compiler.ts:[2m1116:24[22m[39m
[90m [2mΓ¥»[22m getComponentDef ../darwin_arm64-fastbuild-ST-fdfa778d11ba/bi
n/packages/core/testing/src/test_bed_compiler.ts:[2m1109:14[22m[39m
[90m [2mΓ¥»[22m isStandaloneComponent ../darwin_arm64-fastbuild-ST-fdfa778d1
1ba/bin/packages/core/testing/src/test_bed_compiler.ts:[2m784:19[22m[39m
[90m [2mΓ¥»[22m queueTypesFromModulesArrayRecur ../darwin_arm64-fastbuild-ST
-fdfa778d11ba/bin/packages/core/testing/src/test_bed_compiler.ts:[2m808:4[22m
[39m
[90m [2mΓ¥»[22m queueTypesFromModulesArray ../darwin_arm64-fastbuild-ST-fdfa
778d11ba/bin/packages/core/testing/src/test_bed_compiler.ts:[2m226:11[22m[39
m
[90m [2mΓ¥»[22m configureTestingModule ../darwin_arm64-fastbuild-ST-fdfa778d
11ba/bin/packages/core/testing/src/test_bed.ts:[2m584:18[22m[39m
[90m [2mΓ¥»[22m configureTestingModule ../darwin_arm64-fastbuild-ST-fdfa778d
11ba/bin/packages/core/testing/src/test_bed.ts:[2m319:32[22m[39m
[36m [2mΓ¥»[22m setup 
src/app/features/shelf/shelf.component.spec.ts:[2m23:13[22m[39m
    [90m 21|[39m     }[33m;[39m
    [90m 22|[39m
    [90m 23|[39m     
[33mTestBed[39m[33m.[39m[34mconfigureTestingModule[39m({
    [90m   |[39m             [31m^[39m
    [90m 24|[39m       imports[33m:[39m 
[[33mShelfComponent[39m][33m,[39m
    [90m 25|[39m       providers[33m:[39m [
[90m [2mΓ¥»[22m 
src/app/features/shelf/shelf.component.spec.ts:[2m57:25[22m[39m

[31m[2mΓÄ»ΓÄ»ΓÄ»ΓÄ»ΓÄ»ΓÄ»ΓÄ»ΓÄ»ΓÄ»ΓÄ»ΓÄ»ΓÄ»ΓÄ»ΓÄ»ΓÄ»ΓÄ»ΓÄ»ΓÄ»ΓÄ»ΓÄ»ΓÄ»[81/140
]ΓÄ»[22m[39m

[41m[1m FAIL [22m[49m src/app/features/shelf/shelf.component.spec.ts[2m > 
[22mShelfComponent[2m > [22mcomputed books() returns books for the shelf
[31m[1mError[22m: Component 'ShelfComponent' is not resolved:
 - templateUrl: ./shelf.html
 - styleUrl: ./shelf.css
Did you run and wait for 'resolveComponentResources()'?[39m
[90m [2mΓ¥»[22m ShelfComponent.get ../darwin_arm64-fastbuild-ST-fdfa778d11ba
/bin/packages/core/src/render3/jit/directive.ts:[2m106:16[22m[39m
[90m [2mΓ¥»[22m ╔╡cmp ../darwin_arm64-fastbuild-ST-fdfa778d11ba/bin/packages
/core/testing/src/test_bed_compiler.ts:[2m1116:24[22m[39m
[90m [2mΓ¥»[22m getComponentDef ../darwin_arm64-fastbuild-ST-fdfa778d11ba/bi
n/packages/core/testing/src/test_bed_compiler.ts:[2m1109:14[22m[39m
[90m [2mΓ¥»[22m isStandaloneComponent ../darwin_arm64-fastbuild-ST-fdfa778d1
1ba/bin/packages/core/testing/src/test_bed_compiler.ts:[2m784:19[22m[39m
[90m [2mΓ¥»[22m queueTypesFromModulesArrayRecur ../darwin_arm64-fastbuild-ST
-fdfa778d11ba/bin/packages/core/testing/src/test_bed_compiler.ts:[2m808:4[22m
[39m
[90m [2mΓ¥»[22m queueTypesFromModulesArray ../darwin_arm64-fastbuild-ST-fdfa
778d11ba/bin/packages/core/testing/src/test_bed_compiler.ts:[2m226:11[22m[39
m
[90m [2mΓ¥»[22m configureTestingModule ../darwin_arm64-fastbuild-ST-fdfa778d
11ba/bin/packages/core/testing/src/test_bed.ts:[2m584:18[22m[39m
[90m [2mΓ¥»[22m configureTestingModule ../darwin_arm64-fastbuild-ST-fdfa778d
11ba/bin/packages/core/testing/src/test_bed.ts:[2m319:32[22m[39m
[36m [2mΓ¥»[22m setup 
src/app/features/shelf/shelf.component.spec.ts:[2m23:13[22m[39m
    [90m 21|[39m     }[33m;[39m
    [90m 22|[39m
    [90m 23|[39m     
[33mTestBed[39m[33m.[39m[34mconfigureTestingModule[39m({
    [90m   |[39m             [31m^[39m
    [90m 24|[39m       imports[33m:[39m 
[[33mShelfComponent[39m][33m,[39m
    [90m 25|[39m       providers[33m:[39m [
[90m [2mΓ¥»[22m 
src/app/features/shelf/shelf.component.spec.ts:[2m64:25[22m[39m

[31m[2mΓÄ»ΓÄ»ΓÄ»ΓÄ»ΓÄ»ΓÄ»ΓÄ»ΓÄ»ΓÄ»ΓÄ»ΓÄ»ΓÄ»ΓÄ»ΓÄ»ΓÄ»ΓÄ»ΓÄ»ΓÄ»ΓÄ»ΓÄ»ΓÄ»[82/140
]ΓÄ»[22m[39m

[41m[1m FAIL [22m[49m src/app/features/shelf/shelf.component.spec.ts[2m > 
[22mShelfComponent[2m > [22mdisplays shelf heading when shelf exists
[31m[1mError[22m: Component 'ShelfComponent' is not resolved:
 - templateUrl: ./shelf.html
 - styleUrl: ./shelf.css
Did you run and wait for 'resolveComponentResources()'?[39m
[90m [2mΓ¥»[22m ShelfComponent.get ../darwin_arm64-fastbuild-ST-fdfa778d11ba
/bin/packages/core/src/render3/jit/directive.ts:[2m106:16[22m[39m
[90m [2mΓ¥»[22m ╔╡cmp ../darwin_arm64-fastbuild-ST-fdfa778d11ba/bin/packages
/core/testing/src/test_bed_compiler.ts:[2m1116:24[22m[39m
[90m [2mΓ¥»[22m getComponentDef ../darwin_arm64-fastbuild-ST-fdfa778d11ba/bi
n/packages/core/testing/src/test_bed_compiler.ts:[2m1109:14[22m[39m
[90m [2mΓ¥»[22m isStandaloneComponent ../darwin_arm64-fastbuild-ST-fdfa778d1
1ba/bin/packages/core/testing/src/test_bed_compiler.ts:[2m784:19[22m[39m
[90m [2mΓ¥»[22m queueTypesFromModulesArrayRecur ../darwin_arm64-fastbuild-ST
-fdfa778d11ba/bin/packages/core/testing/src/test_bed_compiler.ts:[2m808:4[22m
[39m
[90m [2mΓ¥»[22m queueTypesFromModulesArray ../darwin_arm64-fastbuild-ST-fdfa
778d11ba/bin/packages/core/testing/src/test_bed_compiler.ts:[2m226:11[22m[39
m
[90m [2mΓ¥»[22m configureTestingModule ../darwin_arm64-fastbuild-ST-fdfa778d
11ba/bin/packages/core/testing/src/test_bed.ts:[2m584:18[22m[39m
[90m [2mΓ¥»[22m configureTestingModule ../darwin_arm64-fastbuild-ST-fdfa778d
11ba/bin/packages/core/testing/src/test_bed.ts:[2m319:32[22m[39m
[36m [2mΓ¥»[22m setup 
src/app/features/shelf/shelf.component.spec.ts:[2m23:13[22m[39m
    [90m 21|[39m     }[33m;[39m
    [90m 22|[39m
    [90m 23|[39m     
[33mTestBed[39m[33m.[39m[34mconfigureTestingModule[39m({
    [90m   |[39m             [31m^[39m
    [90m 24|[39m       imports[33m:[39m 
[[33mShelfComponent[39m][33m,[39m
    [90m 25|[39m       providers[33m:[39m [
[90m [2mΓ¥»[22m 
src/app/features/shelf/shelf.component.spec.ts:[2m70:25[22m[39m

[31m[2mΓÄ»ΓÄ»ΓÄ»ΓÄ»ΓÄ»ΓÄ»ΓÄ»ΓÄ»ΓÄ»ΓÄ»ΓÄ»ΓÄ»ΓÄ»ΓÄ»ΓÄ»ΓÄ»ΓÄ»ΓÄ»ΓÄ»ΓÄ»ΓÄ»[83/140
]ΓÄ»[22m[39m

[41m[1m FAIL [22m[49m src/app/features/shelf/shelf.component.spec.ts[2m > 
[22mShelfComponent[2m > [22mshows sort options
[31m[1mError[22m: Component 'ShelfComponent' is not resolved:
 - templateUrl: ./shelf.html
 - styleUrl: ./shelf.css
Did you run and wait for 'resolveComponentResources()'?[39m
[90m [2mΓ¥»[22m ShelfComponent.get ../darwin_arm64-fastbuild-ST-fdfa778d11ba
/bin/packages/core/src/render3/jit/directive.ts:[2m106:16[22m[39m
[90m [2mΓ¥»[22m ╔╡cmp ../darwin_arm64-fastbuild-ST-fdfa778d11ba/bin/packages
/core/testing/src/test_bed_compiler.ts:[2m1116:24[22m[39m
[90m [2mΓ¥»[22m getComponentDef ../darwin_arm64-fastbuild-ST-fdfa778d11ba/bi
n/packages/core/testing/src/test_bed_compiler.ts:[2m1109:14[22m[39m
[90m [2mΓ¥»[22m isStandaloneComponent ../darwin_arm64-fastbuild-ST-fdfa778d1
1ba/bin/packages/core/testing/src/test_bed_compiler.ts:[2m784:19[22m[39m
[90m [2mΓ¥»[22m queueTypesFromModulesArrayRecur ../darwin_arm64-fastbuild-ST
-fdfa778d11ba/bin/packages/core/testing/src/test_bed_compiler.ts:[2m808:4[22m
[39m
[90m [2mΓ¥»[22m queueTypesFromModulesArray ../darwin_arm64-fastbuild-ST-fdfa
778d11ba/bin/packages/core/testing/src/test_bed_compiler.ts:[2m226:11[22m[39
m
[90m [2mΓ¥»[22m configureTestingModule ../darwin_arm64-fastbuild-ST-fdfa778d
11ba/bin/packages/core/testing/src/test_bed.ts:[2m584:18[22m[39m
[90m [2mΓ¥»[22m configureTestingModule ../darwin_arm64-fastbuild-ST-fdfa778d
11ba/bin/packages/core/testing/src/test_bed.ts:[2m319:32[22m[39m
[36m [2mΓ¥»[22m setup 
src/app/features/shelf/shelf.component.spec.ts:[2m23:13[22m[39m
    [90m 21|[39m     }[33m;[39m
    [90m 22|[39m
    [90m 23|[39m     
[33mTestBed[39m[33m.[39m[34mconfigureTestingModule[39m({
    [90m   |[39m             [31m^[39m
    [90m 24|[39m       imports[33m:[39m 
[[33mShelfComponent[39m][33m,[39m
    [90m 25|[39m       providers[33m:[39m [
[90m [2mΓ¥»[22m 
src/app/features/shelf/shelf.component.spec.ts:[2m75:25[22m[39m

[31m[2mΓÄ»ΓÄ»ΓÄ»ΓÄ»ΓÄ»ΓÄ»ΓÄ»ΓÄ»ΓÄ»ΓÄ»ΓÄ»ΓÄ»ΓÄ»ΓÄ»ΓÄ»ΓÄ»ΓÄ»ΓÄ»ΓÄ»ΓÄ»ΓÄ»[84/140
]ΓÄ»[22m[39m

[41m[1m FAIL [22m[49m src/app/features/shelf/shelf.component.spec.ts[2m > 
[22mShelfComponent[2m > [22mupdateSort() calls store.setSortOptions with 
desc direction
[31m[1mError[22m: Component 'ShelfComponent' is not resolved:
 - templateUrl: ./shelf.html
 - styleUrl: ./shelf.css
Did you run and wait for 'resolveComponentResources()'?[39m
[90m [2mΓ¥»[22m ShelfComponent.get ../darwin_arm64-fastbuild-ST-fdfa778d11ba
/bin/packages/core/src/render3/jit/directive.ts:[2m106:16[22m[39m
[90m [2mΓ¥»[22m ╔╡cmp ../darwin_arm64-fastbuild-ST-fdfa778d11ba/bin/packages
/core/testing/src/test_bed_compiler.ts:[2m1116:24[22m[39m
[90m [2mΓ¥»[22m getComponentDef ../darwin_arm64-fastbuild-ST-fdfa778d11ba/bi
n/packages/core/testing/src/test_bed_compiler.ts:[2m1109:14[22m[39m
[90m [2mΓ¥»[22m isStandaloneComponent ../darwin_arm64-fastbuild-ST-fdfa778d1
1ba/bin/packages/core/testing/src/test_bed_compiler.ts:[2m784:19[22m[39m
[90m [2mΓ¥»[22m queueTypesFromModulesArrayRecur ../darwin_arm64-fastbuild-ST
-fdfa778d11ba/bin/packages/core/testing/src/test_bed_compiler.ts:[2m808:4[22m
[39m
[90m [2mΓ¥»[22m queueTypesFromModulesArray ../darwin_arm64-fastbuild-ST-fdfa
778d11ba/bin/packages/core/testing/src/test_bed_compiler.ts:[2m226:11[22m[39
m
[90m [2mΓ¥»[22m configureTestingModule ../darwin_arm64-fastbuild-ST-fdfa778d
11ba/bin/packages/core/testing/src/test_bed.ts:[2m584:18[22m[39m
[90m [2mΓ¥»[22m configureTestingModule ../darwin_arm64-fastbuild-ST-fdfa778d
11ba/bin/packages/core/testing/src/test_bed.ts:[2m319:32[22m[39m
[36m [2mΓ¥»[22m setup 
src/app/features/shelf/shelf.component.spec.ts:[2m23:13[22m[39m
    [90m 21|[39m     }[33m;[39m
    [90m 22|[39m
    [90m 23|[39m     
[33mTestBed[39m[33m.[39m[34mconfigureTestingModule[39m({
    [90m   |[39m             [31m^[39m
    [90m 24|[39m       imports[33m:[39m 
[[33mShelfComponent[39m][33m,[39m
    [90m 25|[39m       providers[33m:[39m [
[90m [2mΓ¥»[22m 
src/app/features/shelf/shelf.component.spec.ts:[2m81:36[22m[39m

[31m[2mΓÄ»ΓÄ»ΓÄ»ΓÄ»ΓÄ»ΓÄ»ΓÄ»ΓÄ»ΓÄ»ΓÄ»ΓÄ»ΓÄ»ΓÄ»ΓÄ»ΓÄ»ΓÄ»ΓÄ»ΓÄ»ΓÄ»ΓÄ»ΓÄ»[85/140
]ΓÄ»[22m[39m

[41m[1m FAIL [22m[49m src/app/features/shelf/shelf.component.spec.ts[2m > 
[22mShelfComponent[2m > [22mshows empty state when no books on shelf
[31m[1mError[22m: Component 'ShelfComponent' is not resolved:
 - templateUrl: ./shelf.html
 - styleUrl: ./shelf.css
Did you run and wait for 'resolveComponentResources()'?[39m
[90m [2mΓ¥»[22m ShelfComponent.get ../darwin_arm64-fastbuild-ST-fdfa778d11ba
/bin/packages/core/src/render3/jit/directive.ts:[2m106:16[22m[39m
[90m [2mΓ¥»[22m ╔╡cmp ../darwin_arm64-fastbuild-ST-fdfa778d11ba/bin/packages
/core/testing/src/test_bed_compiler.ts:[2m1116:24[22m[39m
[90m [2mΓ¥»[22m getComponentDef ../darwin_arm64-fastbuild-ST-fdfa778d11ba/bi
n/packages/core/testing/src/test_bed_compiler.ts:[2m1109:14[22m[39m
[90m [2mΓ¥»[22m isStandaloneComponent ../darwin_arm64-fastbuild-ST-fdfa778d1
1ba/bin/packages/core/testing/src/test_bed_compiler.ts:[2m784:19[22m[39m
[90m [2mΓ¥»[22m queueTypesFromModulesArrayRecur ../darwin_arm64-fastbuild-ST
-fdfa778d11ba/bin/packages/core/testing/src/test_bed_compiler.ts:[2m808:4[22m
[39m
[90m [2mΓ¥»[22m queueTypesFromModulesArray ../darwin_arm64-fastbuild-ST-fdfa
778d11ba/bin/packages/core/testing/src/test_bed_compiler.ts:[2m226:11[22m[39
m
[90m [2mΓ¥»[22m configureTestingModule ../darwin_arm64-fastbuild-ST-fdfa778d
11ba/bin/packages/core/testing/src/test_bed.ts:[2m584:18[22m[39m
[90m [2mΓ¥»[22m configureTestingModule ../darwin_arm64-fastbuild-ST-fdfa778d
11ba/bin/packages/core/testing/src/test_bed.ts:[2m319:32[22m[39m
[36m [2mΓ¥»[22m setup 
src/app/features/shelf/shelf.component.spec.ts:[2m23:13[22m[39m
    [90m 21|[39m     }[33m;[39m
    [90m 22|[39m
    [90m 23|[39m     
[33mTestBed[39m[33m.[39m[34mconfigureTestingModule[39m({
    [90m   |[39m             [31m^[39m
    [90m 24|[39m       imports[33m:[39m 
[[33mShelfComponent[39m][33m,[39m
    [90m 25|[39m       providers[33m:[39m [
[90m [2mΓ¥»[22m 
src/app/features/shelf/shelf.component.spec.ts:[2m87:25[22m[39m

[31m[2mΓÄ»ΓÄ»ΓÄ»ΓÄ»ΓÄ»ΓÄ»ΓÄ»ΓÄ»ΓÄ»ΓÄ»ΓÄ»ΓÄ»ΓÄ»ΓÄ»ΓÄ»ΓÄ»ΓÄ»ΓÄ»ΓÄ»ΓÄ»ΓÄ»[86/140
]ΓÄ»[22m[39m

[41m[1m FAIL [22m[49m 
src/app/features/year-in-review/year-in-review.component.spec.ts[2m > 
[22mYearInReviewComponent[2m > [22mcreates successfully
[31m[1mError[22m: Component 'YearInReviewComponent' is not resolved:
 - templateUrl: ./year-in-review.html
 - styleUrl: ./year-in-review.css
Did you run and wait for 'resolveComponentResources()'?[39m
[90m [2mΓ¥»[22m YearInReviewComponent.get ../darwin_arm64-fastbuild-ST-fdfa7
78d11ba/bin/packages/core/src/render3/jit/directive.ts:[2m106:16[22m[39m
[90m [2mΓ¥»[22m ╔╡cmp ../darwin_arm64-fastbuild-ST-fdfa778d11ba/bin/packages
/core/testing/src/test_bed_compiler.ts:[2m1116:24[22m[39m
[90m [2mΓ¥»[22m getComponentDef ../darwin_arm64-fastbuild-ST-fdfa778d11ba/bi
n/packages/core/testing/src/test_bed_compiler.ts:[2m1109:14[22m[39m
[90m [2mΓ¥»[22m isStandaloneComponent ../darwin_arm64-fastbuild-ST-fdfa778d1
1ba/bin/packages/core/testing/src/test_bed_compiler.ts:[2m784:19[22m[39m
[90m [2mΓ¥»[22m queueTypesFromModulesArrayRecur ../darwin_arm64-fastbuild-ST
-fdfa778d11ba/bin/packages/core/testing/src/test_bed_compiler.ts:[2m808:4[22m
[39m
[90m [2mΓ¥»[22m queueTypesFromModulesArray ../darwin_arm64-fastbuild-ST-fdfa
778d11ba/bin/packages/core/testing/src/test_bed_compiler.ts:[2m226:11[22m[39
m
[90m [2mΓ¥»[22m configureTestingModule ../darwin_arm64-fastbuild-ST-fdfa778d
11ba/bin/packages/core/testing/src/test_bed.ts:[2m584:18[22m[39m
[90m [2mΓ¥»[22m configureTestingModule ../darwin_arm64-fastbuild-ST-fdfa778d
11ba/bin/packages/core/testing/src/test_bed.ts:[2m319:32[22m[39m
[36m [2mΓ¥»[22m setup src/app/features/year-in-review/year-in-review.compone
nt.spec.ts:[2m29:13[22m[39m
    [90m 27|[39m     }[33m;[39m
    [90m 28|[39m
    [90m 29|[39m     
[33mTestBed[39m[33m.[39m[34mconfigureTestingModule[39m({
    [90m   |[39m             [31m^[39m
    [90m 30|[39m       imports[33m:[39m 
[[33mYearInReviewComponent[39m][33m,[39m
    [90m 31|[39m       providers[33m:[39m [
[90m [2mΓ¥»[22m src/app/features/year-in-review/year-in-review.component.spe
c.ts:[2m42:12[22m[39m

[31m[2mΓÄ»ΓÄ»ΓÄ»ΓÄ»ΓÄ»ΓÄ»ΓÄ»ΓÄ»ΓÄ»ΓÄ»ΓÄ»ΓÄ»ΓÄ»ΓÄ»ΓÄ»ΓÄ»ΓÄ»ΓÄ»ΓÄ»ΓÄ»ΓÄ»[87/140
]ΓÄ»[22m[39m

[41m[1m FAIL [22m[49m 
src/app/features/year-in-review/year-in-review.component.spec.ts[2m > 
[22mYearInReviewComponent[2m > [22mshows year in heading
[31m[1mError[22m: Component 'YearInReviewComponent' is not resolved:
 - templateUrl: ./year-in-review.html
 - styleUrl: ./year-in-review.css
Did you run and wait for 'resolveComponentResources()'?[39m
[90m [2mΓ¥»[22m YearInReviewComponent.get ../darwin_arm64-fastbuild-ST-fdfa7
78d11ba/bin/packages/core/src/render3/jit/directive.ts:[2m106:16[22m[39m
[90m [2mΓ¥»[22m ╔╡cmp ../darwin_arm64-fastbuild-ST-fdfa778d11ba/bin/packages
/core/testing/src/test_bed_compiler.ts:[2m1116:24[22m[39m
[90m [2mΓ¥»[22m getComponentDef ../darwin_arm64-fastbuild-ST-fdfa778d11ba/bi
n/packages/core/testing/src/test_bed_compiler.ts:[2m1109:14[22m[39m
[90m [2mΓ¥»[22m isStandaloneComponent ../darwin_arm64-fastbuild-ST-fdfa778d1
1ba/bin/packages/core/testing/src/test_bed_compiler.ts:[2m784:19[22m[39m
[90m [2mΓ¥»[22m queueTypesFromModulesArrayRecur ../darwin_arm64-fastbuild-ST
-fdfa778d11ba/bin/packages/core/testing/src/test_bed_compiler.ts:[2m808:4[22m
[39m
[90m [2mΓ¥»[22m queueTypesFromModulesArray ../darwin_arm64-fastbuild-ST-fdfa
778d11ba/bin/packages/core/testing/src/test_bed_compiler.ts:[2m226:11[22m[39
m
[90m [2mΓ¥»[22m configureTestingModule ../darwin_arm64-fastbuild-ST-fdfa778d
11ba/bin/packages/core/testing/src/test_bed.ts:[2m584:18[22m[39m
[90m [2mΓ¥»[22m configureTestingModule ../darwin_arm64-fastbuild-ST-fdfa778d
11ba/bin/packages/core/testing/src/test_bed.ts:[2m319:32[22m[39m
[36m [2mΓ¥»[22m setup src/app/features/year-in-review/year-in-review.compone
nt.spec.ts:[2m29:13[22m[39m
    [90m 27|[39m     }[33m;[39m
    [90m 28|[39m
    [90m 29|[39m     
[33mTestBed[39m[33m.[39m[34mconfigureTestingModule[39m({
    [90m   |[39m             [31m^[39m
    [90m 30|[39m       imports[33m:[39m 
[[33mYearInReviewComponent[39m][33m,[39m
    [90m 31|[39m       providers[33m:[39m [
[90m [2mΓ¥»[22m src/app/features/year-in-review/year-in-review.component.spe
c.ts:[2m46:25[22m[39m

[31m[2mΓÄ»ΓÄ»ΓÄ»ΓÄ»ΓÄ»ΓÄ»ΓÄ»ΓÄ»ΓÄ»ΓÄ»ΓÄ»ΓÄ»ΓÄ»ΓÄ»ΓÄ»ΓÄ»ΓÄ»ΓÄ»ΓÄ»ΓÄ»ΓÄ»[88/140
]ΓÄ»[22m[39m

[41m[1m FAIL [22m[49m 
src/app/features/year-in-review/year-in-review.component.spec.ts[2m > 
[22mYearInReviewComponent[2m > [22mhides goal card when goalProgress is null
[31m[1mError[22m: Component 'YearInReviewComponent' is not resolved:
 - templateUrl: ./year-in-review.html
 - styleUrl: ./year-in-review.css
Did you run and wait for 'resolveComponentResources()'?[39m
[90m [2mΓ¥»[22m YearInReviewComponent.get ../darwin_arm64-fastbuild-ST-fdfa7
78d11ba/bin/packages/core/src/render3/jit/directive.ts:[2m106:16[22m[39m
[90m [2mΓ¥»[22m ╔╡cmp ../darwin_arm64-fastbuild-ST-fdfa778d11ba/bin/packages
/core/testing/src/test_bed_compiler.ts:[2m1116:24[22m[39m
[90m [2mΓ¥»[22m getComponentDef ../darwin_arm64-fastbuild-ST-fdfa778d11ba/bi
n/packages/core/testing/src/test_bed_compiler.ts:[2m1109:14[22m[39m
[90m [2mΓ¥»[22m isStandaloneComponent ../darwin_arm64-fastbuild-ST-fdfa778d1
1ba/bin/packages/core/testing/src/test_bed_compiler.ts:[2m784:19[22m[39m
[90m [2mΓ¥»[22m queueTypesFromModulesArrayRecur ../darwin_arm64-fastbuild-ST
-fdfa778d11ba/bin/packages/core/testing/src/test_bed_compiler.ts:[2m808:4[22m
[39m
[90m [2mΓ¥»[22m queueTypesFromModulesArray ../darwin_arm64-fastbuild-ST-fdfa
778d11ba/bin/packages/core/testing/src/test_bed_compiler.ts:[2m226:11[22m[39
m
[90m [2mΓ¥»[22m configureTestingModule ../darwin_arm64-fastbuild-ST-fdfa778d
11ba/bin/packages/core/testing/src/test_bed.ts:[2m584:18[22m[39m
[90m [2mΓ¥»[22m configureTestingModule ../darwin_arm64-fastbuild-ST-fdfa778d
11ba/bin/packages/core/testing/src/test_bed.ts:[2m319:32[22m[39m
[36m [2mΓ¥»[22m setup src/app/features/year-in-review/year-in-review.compone
nt.spec.ts:[2m29:13[22m[39m
    [90m 27|[39m     }[33m;[39m
    [90m 28|[39m
    [90m 29|[39m     
[33mTestBed[39m[33m.[39m[34mconfigureTestingModule[39m({
    [90m   |[39m             [31m^[39m
    [90m 30|[39m       imports[33m:[39m 
[[33mYearInReviewComponent[39m][33m,[39m
    [90m 31|[39m       providers[33m:[39m [
[90m [2mΓ¥»[22m src/app/features/year-in-review/year-in-review.component.spe
c.ts:[2m52:25[22m[39m

[31m[2mΓÄ»ΓÄ»ΓÄ»ΓÄ»ΓÄ»ΓÄ»ΓÄ»ΓÄ»ΓÄ»ΓÄ»ΓÄ»ΓÄ»ΓÄ»ΓÄ»ΓÄ»ΓÄ»ΓÄ»ΓÄ»ΓÄ»ΓÄ»ΓÄ»[89/140
]ΓÄ»[22m[39m

[41m[1m FAIL [22m[49m 
src/app/features/year-in-review/year-in-review.component.spec.ts[2m > 
[22mYearInReviewComponent[2m > [22mshows goal card when goalProgress is set
[31m[1mError[22m: Component 'YearInReviewComponent' is not resolved:
 - templateUrl: ./year-in-review.html
 - styleUrl: ./year-in-review.css
Did you run and wait for 'resolveComponentResources()'?[39m
[90m [2mΓ¥»[22m YearInReviewComponent.get ../darwin_arm64-fastbuild-ST-fdfa7
78d11ba/bin/packages/core/src/render3/jit/directive.ts:[2m106:16[22m[39m
[90m [2mΓ¥»[22m ╔╡cmp ../darwin_arm64-fastbuild-ST-fdfa778d11ba/bin/packages
/core/testing/src/test_bed_compiler.ts:[2m1116:24[22m[39m
[90m [2mΓ¥»[22m getComponentDef ../darwin_arm64-fastbuild-ST-fdfa778d11ba/bi
n/packages/core/testing/src/test_bed_compiler.ts:[2m1109:14[22m[39m
[90m [2mΓ¥»[22m isStandaloneComponent ../darwin_arm64-fastbuild-ST-fdfa778d1
1ba/bin/packages/core/testing/src/test_bed_compiler.ts:[2m784:19[22m[39m
[90m [2mΓ¥»[22m queueTypesFromModulesArrayRecur ../darwin_arm64-fastbuild-ST
-fdfa778d11ba/bin/packages/core/testing/src/test_bed_compiler.ts:[2m808:4[22m
[39m
[90m [2mΓ¥»[22m queueTypesFromModulesArray ../darwin_arm64-fastbuild-ST-fdfa
778d11ba/bin/packages/core/testing/src/test_bed_compiler.ts:[2m226:11[22m[39
m
[90m [2mΓ¥»[22m configureTestingModule ../darwin_arm64-fastbuild-ST-fdfa778d
11ba/bin/packages/core/testing/src/test_bed.ts:[2m584:18[22m[39m
[90m [2mΓ¥»[22m configureTestingModule ../darwin_arm64-fastbuild-ST-fdfa778d
11ba/bin/packages/core/testing/src/test_bed.ts:[2m319:32[22m[39m
[36m [2mΓ¥»[22m setup src/app/features/year-in-review/year-in-review.compone
nt.spec.ts:[2m29:13[22m[39m
    [90m 27|[39m     }[33m;[39m
    [90m 28|[39m
    [90m 29|[39m     
[33mTestBed[39m[33m.[39m[34mconfigureTestingModule[39m({
    [90m   |[39m             [31m^[39m
    [90m 30|[39m       imports[33m:[39m 
[[33mYearInReviewComponent[39m][33m,[39m
    [90m 31|[39m       providers[33m:[39m [
[90m [2mΓ¥»[22m src/app/features/year-in-review/year-in-review.component.spe
c.ts:[2m64:25[22m[39m

[31m[2mΓÄ»ΓÄ»ΓÄ»ΓÄ»ΓÄ»ΓÄ»ΓÄ»ΓÄ»ΓÄ»ΓÄ»ΓÄ»ΓÄ»ΓÄ»ΓÄ»ΓÄ»ΓÄ»ΓÄ»ΓÄ»ΓÄ»ΓÄ»ΓÄ»[90/140
]ΓÄ»[22m[39m

[41m[1m FAIL [22m[49m 
src/app/features/year-in-review/year-in-review.component.spec.ts[2m > 
[22mYearInReviewComponent[2m > [22mshows year stats when yearStats is set
[31m[1mError[22m: Component 'YearInReviewComponent' is not resolved:
 - templateUrl: ./year-in-review.html
 - styleUrl: ./year-in-review.css
Did you run and wait for 'resolveComponentResources()'?[39m
[90m [2mΓ¥»[22m YearInReviewComponent.get ../darwin_arm64-fastbuild-ST-fdfa7
78d11ba/bin/packages/core/src/render3/jit/directive.ts:[2m106:16[22m[39m
[90m [2mΓ¥»[22m ╔╡cmp ../darwin_arm64-fastbuild-ST-fdfa778d11ba/bin/packages
/core/testing/src/test_bed_compiler.ts:[2m1116:24[22m[39m
[90m [2mΓ¥»[22m getComponentDef ../darwin_arm64-fastbuild-ST-fdfa778d11ba/bi
n/packages/core/testing/src/test_bed_compiler.ts:[2m1109:14[22m[39m
[90m [2mΓ¥»[22m isStandaloneComponent ../darwin_arm64-fastbuild-ST-fdfa778d1
1ba/bin/packages/core/testing/src/test_bed_compiler.ts:[2m784:19[22m[39m
[90m [2mΓ¥»[22m queueTypesFromModulesArrayRecur ../darwin_arm64-fastbuild-ST
-fdfa778d11ba/bin/packages/core/testing/src/test_bed_compiler.ts:[2m808:4[22m
[39m
[90m [2mΓ¥»[22m queueTypesFromModulesArray ../darwin_arm64-fastbuild-ST-fdfa
778d11ba/bin/packages/core/testing/src/test_bed_compiler.ts:[2m226:11[22m[39
m
[90m [2mΓ¥»[22m configureTestingModule ../darwin_arm64-fastbuild-ST-fdfa778d
11ba/bin/packages/core/testing/src/test_bed.ts:[2m584:18[22m[39m
[90m [2mΓ¥»[22m configureTestingModule ../darwin_arm64-fastbuild-ST-fdfa778d
11ba/bin/packages/core/testing/src/test_bed.ts:[2m319:32[22m[39m
[36m [2mΓ¥»[22m setup src/app/features/year-in-review/year-in-review.compone
nt.spec.ts:[2m29:13[22m[39m
    [90m 27|[39m     }[33m;[39m
    [90m 28|[39m
    [90m 29|[39m     
[33mTestBed[39m[33m.[39m[34mconfigureTestingModule[39m({
    [90m   |[39m             [31m^[39m
    [90m 30|[39m       imports[33m:[39m 
[[33mYearInReviewComponent[39m][33m,[39m
    [90m 31|[39m       providers[33m:[39m [
[90m [2mΓ¥»[22m src/app/features/year-in-review/year-in-review.component.spe
c.ts:[2m69:25[22m[39m

[31m[2mΓÄ»ΓÄ»ΓÄ»ΓÄ»ΓÄ»ΓÄ»ΓÄ»ΓÄ»ΓÄ»ΓÄ»ΓÄ»ΓÄ»ΓÄ»ΓÄ»ΓÄ»ΓÄ»ΓÄ»ΓÄ»ΓÄ»ΓÄ»ΓÄ»[91/140
]ΓÄ»[22m[39m

[41m[1m FAIL [22m[49m 
src/app/features/year-in-review/year-in-review.component.spec.ts[2m > 
[22mYearInReviewComponent[2m > [22mhides stat cards when yearStats is null
[31m[1mError[22m: Component 'YearInReviewComponent' is not resolved:
 - templateUrl: ./year-in-review.html
 - styleUrl: ./year-in-review.css
Did you run and wait for 'resolveComponentResources()'?[39m
[90m [2mΓ¥»[22m YearInReviewComponent.get ../darwin_arm64-fastbuild-ST-fdfa7
78d11ba/bin/packages/core/src/render3/jit/directive.ts:[2m106:16[22m[39m
[90m [2mΓ¥»[22m ╔╡cmp ../darwin_arm64-fastbuild-ST-fdfa778d11ba/bin/packages
/core/testing/src/test_bed_compiler.ts:[2m1116:24[22m[39m
[90m [2mΓ¥»[22m getComponentDef ../darwin_arm64-fastbuild-ST-fdfa778d11ba/bi
n/packages/core/testing/src/test_bed_compiler.ts:[2m1109:14[22m[39m
[90m [2mΓ¥»[22m isStandaloneComponent ../darwin_arm64-fastbuild-ST-fdfa778d1
1ba/bin/packages/core/testing/src/test_bed_compiler.ts:[2m784:19[22m[39m
[90m [2mΓ¥»[22m queueTypesFromModulesArrayRecur ../darwin_arm64-fastbuild-ST
-fdfa778d11ba/bin/packages/core/testing/src/test_bed_compiler.ts:[2m808:4[22m
[39m
[90m [2mΓ¥»[22m queueTypesFromModulesArray ../darwin_arm64-fastbuild-ST-fdfa
778d11ba/bin/packages/core/testing/src/test_bed_compiler.ts:[2m226:11[22m[39
m
[90m [2mΓ¥»[22m configureTestingModule ../darwin_arm64-fastbuild-ST-fdfa778d
11ba/bin/packages/core/testing/src/test_bed.ts:[2m584:18[22m[39m
[90m [2mΓ¥»[22m configureTestingModule ../darwin_arm64-fastbuild-ST-fdfa778d
11ba/bin/packages/core/testing/src/test_bed.ts:[2m319:32[22m[39m
[36m [2mΓ¥»[22m setup src/app/features/year-in-review/year-in-review.compone
nt.spec.ts:[2m29:13[22m[39m
    [90m 27|[39m     }[33m;[39m
    [90m 28|[39m
    [90m 29|[39m     
[33mTestBed[39m[33m.[39m[34mconfigureTestingModule[39m({
    [90m   |[39m             [31m^[39m
    [90m 30|[39m       imports[33m:[39m 
[[33mYearInReviewComponent[39m][33m,[39m
    [90m 31|[39m       providers[33m:[39m [
[90m [2mΓ¥»[22m src/app/features/year-in-review/year-in-review.component.spe
c.ts:[2m74:25[22m[39m

[31m[2mΓÄ»ΓÄ»ΓÄ»ΓÄ»ΓÄ»ΓÄ»ΓÄ»ΓÄ»ΓÄ»ΓÄ»ΓÄ»ΓÄ»ΓÄ»ΓÄ»ΓÄ»ΓÄ»ΓÄ»ΓÄ»ΓÄ»ΓÄ»ΓÄ»[92/140
]ΓÄ»[22m[39m

[41m[1m FAIL [22m[49m 
src/app/features/year-in-review/year-in-review.component.spec.ts[2m > 
[22mYearInReviewComponent[2m > [22msaveGoal() calls store.setGoal with 
goalInput value
[31m[1mError[22m: Component 'YearInReviewComponent' is not resolved:
 - templateUrl: ./year-in-review.html
 - styleUrl: ./year-in-review.css
Did you run and wait for 'resolveComponentResources()'?[39m
[90m [2mΓ¥»[22m YearInReviewComponent.get ../darwin_arm64-fastbuild-ST-fdfa7
78d11ba/bin/packages/core/src/render3/jit/directive.ts:[2m106:16[22m[39m
[90m [2mΓ¥»[22m ╔╡cmp ../darwin_arm64-fastbuild-ST-fdfa778d11ba/bin/packages
/core/testing/src/test_bed_compiler.ts:[2m1116:24[22m[39m
[90m [2mΓ¥»[22m getComponentDef ../darwin_arm64-fastbuild-ST-fdfa778d11ba/bi
n/packages/core/testing/src/test_bed_compiler.ts:[2m1109:14[22m[39m
[90m [2mΓ¥»[22m isStandaloneComponent ../darwin_arm64-fastbuild-ST-fdfa778d1
1ba/bin/packages/core/testing/src/test_bed_compiler.ts:[2m784:19[22m[39m
[90m [2mΓ¥»[22m queueTypesFromModulesArrayRecur ../darwin_arm64-fastbuild-ST
-fdfa778d11ba/bin/packages/core/testing/src/test_bed_compiler.ts:[2m808:4[22m
[39m
[90m [2mΓ¥»[22m queueTypesFromModulesArray ../darwin_arm64-fastbuild-ST-fdfa
778d11ba/bin/packages/core/testing/src/test_bed_compiler.ts:[2m226:11[22m[39
m
[90m [2mΓ¥»[22m configureTestingModule ../darwin_arm64-fastbuild-ST-fdfa778d
11ba/bin/packages/core/testing/src/test_bed.ts:[2m584:18[22m[39m
[90m [2mΓ¥»[22m configureTestingModule ../darwin_arm64-fastbuild-ST-fdfa778d
11ba/bin/packages/core/testing/src/test_bed.ts:[2m319:32[22m[39m
[36m [2mΓ¥»[22m setup src/app/features/year-in-review/year-in-review.compone
nt.spec.ts:[2m29:13[22m[39m
    [90m 27|[39m     }[33m;[39m
    [90m 28|[39m
    [90m 29|[39m     
[33mTestBed[39m[33m.[39m[34mconfigureTestingModule[39m({
    [90m   |[39m             [31m^[39m
    [90m 30|[39m       imports[33m:[39m 
[[33mYearInReviewComponent[39m][33m,[39m
    [90m 31|[39m       providers[33m:[39m [
[90m [2mΓ¥»[22m src/app/features/year-in-review/year-in-review.component.spe
c.ts:[2m80:36[22m[39m

[31m[2mΓÄ»ΓÄ»ΓÄ»ΓÄ»ΓÄ»ΓÄ»ΓÄ»ΓÄ»ΓÄ»ΓÄ»ΓÄ»ΓÄ»ΓÄ»ΓÄ»ΓÄ»ΓÄ»ΓÄ»ΓÄ»ΓÄ»ΓÄ»ΓÄ»[93/140
]ΓÄ»[22m[39m

[41m[1m FAIL [22m[49m 
src/app/features/year-in-review/year-in-review.component.spec.ts[2m > 
[22mYearInReviewComponent[2m > [22msaveGoal() resets editingGoal to false
[31m[1mError[22m: Component 'YearInReviewComponent' is not resolved:
 - templateUrl: ./year-in-review.html
 - styleUrl: ./year-in-review.css
Did you run and wait for 'resolveComponentResources()'?[39m
[90m [2mΓ¥»[22m YearInReviewComponent.get ../darwin_arm64-fastbuild-ST-fdfa7
78d11ba/bin/packages/core/src/render3/jit/directive.ts:[2m106:16[22m[39m
[90m [2mΓ¥»[22m ╔╡cmp ../darwin_arm64-fastbuild-ST-fdfa778d11ba/bin/packages
/core/testing/src/test_bed_compiler.ts:[2m1116:24[22m[39m
[90m [2mΓ¥»[22m getComponentDef ../darwin_arm64-fastbuild-ST-fdfa778d11ba/bi
n/packages/core/testing/src/test_bed_compiler.ts:[2m1109:14[22m[39m
[90m [2mΓ¥»[22m isStandaloneComponent ../darwin_arm64-fastbuild-ST-fdfa778d1
1ba/bin/packages/core/testing/src/test_bed_compiler.ts:[2m784:19[22m[39m
[90m [2mΓ¥»[22m queueTypesFromModulesArrayRecur ../darwin_arm64-fastbuild-ST
-fdfa778d11ba/bin/packages/core/testing/src/test_bed_compiler.ts:[2m808:4[22m
[39m
[90m [2mΓ¥»[22m queueTypesFromModulesArray ../darwin_arm64-fastbuild-ST-fdfa
778d11ba/bin/packages/core/testing/src/test_bed_compiler.ts:[2m226:11[22m[39
m
[90m [2mΓ¥»[22m configureTestingModule ../darwin_arm64-fastbuild-ST-fdfa778d
11ba/bin/packages/core/testing/src/test_bed.ts:[2m584:18[22m[39m
[90m [2mΓ¥»[22m configureTestingModule ../darwin_arm64-fastbuild-ST-fdfa778d
11ba/bin/packages/core/testing/src/test_bed.ts:[2m319:32[22m[39m
[36m [2mΓ¥»[22m setup src/app/features/year-in-review/year-in-review.compone
nt.spec.ts:[2m29:13[22m[39m
    [90m 27|[39m     }[33m;[39m
    [90m 28|[39m
    [90m 29|[39m     
[33mTestBed[39m[33m.[39m[34mconfigureTestingModule[39m({
    [90m   |[39m             [31m^[39m
    [90m 30|[39m       imports[33m:[39m 
[[33mYearInReviewComponent[39m][33m,[39m
    [90m 31|[39m       providers[33m:[39m [
[90m [2mΓ¥»[22m src/app/features/year-in-review/year-in-review.component.spe
c.ts:[2m90:25[22m[39m

[31m[2mΓÄ»ΓÄ»ΓÄ»ΓÄ»ΓÄ»ΓÄ»ΓÄ»ΓÄ»ΓÄ»ΓÄ»ΓÄ»ΓÄ»ΓÄ»ΓÄ»ΓÄ»ΓÄ»ΓÄ»ΓÄ»ΓÄ»ΓÄ»ΓÄ»[94/140
]ΓÄ»[22m[39m

[41m[1m FAIL [22m[49m 
src/app/features/year-in-review/year-in-review.component.spec.ts[2m > 
[22mYearInReviewComponent[2m > [22mmonthAbbr()[2m > [22mreturns "Jan" for 
"1"
[41m[1m FAIL [22m[49m 
src/app/features/year-in-review/year-in-review.component.spec.ts[2m > 
[22mYearInReviewComponent[2m > [22mmonthAbbr()[2m > [22mreturns "Feb" for 
"2"
[41m[1m FAIL [22m[49m 
src/app/features/year-in-review/year-in-review.component.spec.ts[2m > 
[22mYearInReviewComponent[2m > [22mmonthAbbr()[2m > [22mreturns "Jun" for 
"6"
[41m[1m FAIL [22m[49m 
src/app/features/year-in-review/year-in-review.component.spec.ts[2m > 
[22mYearInReviewComponent[2m > [22mmonthAbbr()[2m > [22mreturns "Dec" for 
"12"
[41m[1m FAIL [22m[49m 
src/app/features/year-in-review/year-in-review.component.spec.ts[2m > 
[22mYearInReviewComponent[2m > [22mmonthAbbr()[2m > [22mslices first 3 
chars for non-numeric keys
[31m[1mError[22m: Component 'YearInReviewComponent' is not resolved:
 - templateUrl: ./year-in-review.html
 - styleUrl: ./year-in-review.css
Did you run and wait for 'resolveComponentResources()'?[39m
[90m [2mΓ¥»[22m YearInReviewComponent.get ../darwin_arm64-fastbuild-ST-fdfa7
78d11ba/bin/packages/core/src/render3/jit/directive.ts:[2m106:16[22m[39m
[90m [2mΓ¥»[22m ╔╡cmp ../darwin_arm64-fastbuild-ST-fdfa778d11ba/bin/packages
/core/testing/src/test_bed_compiler.ts:[2m1116:24[22m[39m
[90m [2mΓ¥»[22m getComponentDef ../darwin_arm64-fastbuild-ST-fdfa778d11ba/bi
n/packages/core/testing/src/test_bed_compiler.ts:[2m1109:14[22m[39m
[90m [2mΓ¥»[22m isStandaloneComponent ../darwin_arm64-fastbuild-ST-fdfa778d1
1ba/bin/packages/core/testing/src/test_bed_compiler.ts:[2m784:19[22m[39m
[90m [2mΓ¥»[22m queueTypesFromModulesArrayRecur ../darwin_arm64-fastbuild-ST
-fdfa778d11ba/bin/packages/core/testing/src/test_bed_compiler.ts:[2m808:4[22m
[39m
[90m [2mΓ¥»[22m queueTypesFromModulesArray ../darwin_arm64-fastbuild-ST-fdfa
778d11ba/bin/packages/core/testing/src/test_bed_compiler.ts:[2m226:11[22m[39
m
[90m [2mΓ¥»[22m configureTestingModule ../darwin_arm64-fastbuild-ST-fdfa778d
11ba/bin/packages/core/testing/src/test_bed.ts:[2m584:18[22m[39m
[90m [2mΓ¥»[22m configureTestingModule ../darwin_arm64-fastbuild-ST-fdfa778d
11ba/bin/packages/core/testing/src/test_bed.ts:[2m319:32[22m[39m
[36m [2mΓ¥»[22m setup src/app/features/year-in-review/year-in-review.compone
nt.spec.ts:[2m29:13[22m[39m
    [90m 27|[39m     }[33m;[39m
    [90m 28|[39m
    [90m 29|[39m     
[33mTestBed[39m[33m.[39m[34mconfigureTestingModule[39m({
    [90m   |[39m             [31m^[39m
    [90m 30|[39m       imports[33m:[39m 
[[33mYearInReviewComponent[39m][33m,[39m
    [90m 31|[39m       providers[33m:[39m [
[90m [2mΓ¥»[22m src/app/features/year-in-review/year-in-review.component.spe
c.ts:[2m100:14[22m[39m

[31m[2mΓÄ»ΓÄ»ΓÄ»ΓÄ»ΓÄ»ΓÄ»ΓÄ»ΓÄ»ΓÄ»ΓÄ»ΓÄ»ΓÄ»ΓÄ»ΓÄ»ΓÄ»ΓÄ»ΓÄ»ΓÄ»ΓÄ»ΓÄ»ΓÄ»[95/140
]ΓÄ»[22m[39m

[41m[1m FAIL [22m[49m 
src/app/features/year-in-review/year-in-review.component.spec.ts[2m > 
[22mYearInReviewComponent[2m > [22mmaxMonthlyCount()[2m > [22mreturns the 
maximum value from the record
[41m[1m FAIL [22m[49m 
src/app/features/year-in-review/year-in-review.component.spec.ts[2m > 
[22mYearInReviewComponent[2m > [22mmaxMonthlyCount()[2m > [22mreturns 1 
when all values are below 1
[41m[1m FAIL [22m[49m 
src/app/features/year-in-review/year-in-review.component.spec.ts[2m > 
[22mYearInReviewComponent[2m > [22mmaxMonthlyCount()[2m > [22mreturns 1 
for empty record
[41m[1m FAIL [22m[49m 
src/app/features/year-in-review/year-in-review.component.spec.ts[2m > 
[22mYearInReviewComponent[2m > [22mmaxMonthlyCount()[2m > [22mreturns the 
single value when record has one entry
[31m[1mError[22m: Component 'YearInReviewComponent' is not resolved:
 - templateUrl: ./year-in-review.html
 - styleUrl: ./year-in-review.css
Did you run and wait for 'resolveComponentResources()'?[39m
[90m [2mΓ¥»[22m YearInReviewComponent.get ../darwin_arm64-fastbuild-ST-fdfa7
78d11ba/bin/packages/core/src/render3/jit/directive.ts:[2m106:16[22m[39m
[90m [2mΓ¥»[22m ╔╡cmp ../darwin_arm64-fastbuild-ST-fdfa778d11ba/bin/packages
/core/testing/src/test_bed_compiler.ts:[2m1116:24[22m[39m
[90m [2mΓ¥»[22m getComponentDef ../darwin_arm64-fastbuild-ST-fdfa778d11ba/bi
n/packages/core/testing/src/test_bed_compiler.ts:[2m1109:14[22m[39m
[90m [2mΓ¥»[22m isStandaloneComponent ../darwin_arm64-fastbuild-ST-fdfa778d1
1ba/bin/packages/core/testing/src/test_bed_compiler.ts:[2m784:19[22m[39m
[90m [2mΓ¥»[22m queueTypesFromModulesArrayRecur ../darwin_arm64-fastbuild-ST
-fdfa778d11ba/bin/packages/core/testing/src/test_bed_compiler.ts:[2m808:4[22m
[39m
[90m [2mΓ¥»[22m queueTypesFromModulesArray ../darwin_arm64-fastbuild-ST-fdfa
778d11ba/bin/packages/core/testing/src/test_bed_compiler.ts:[2m226:11[22m[39
m
[90m [2mΓ¥»[22m configureTestingModule ../darwin_arm64-fastbuild-ST-fdfa778d
11ba/bin/packages/core/testing/src/test_bed.ts:[2m584:18[22m[39m
[90m [2mΓ¥»[22m configureTestingModule ../darwin_arm64-fastbuild-ST-fdfa778d
11ba/bin/packages/core/testing/src/test_bed.ts:[2m319:32[22m[39m
[36m [2mΓ¥»[22m setup src/app/features/year-in-review/year-in-review.compone
nt.spec.ts:[2m29:13[22m[39m
    [90m 27|[39m     }[33m;[39m
    [90m 28|[39m
    [90m 29|[39m     
[33mTestBed[39m[33m.[39m[34mconfigureTestingModule[39m({
    [90m   |[39m             [31m^[39m
    [90m 30|[39m       imports[33m:[39m 
[[33mYearInReviewComponent[39m][33m,[39m
    [90m 31|[39m       providers[33m:[39m [
[90m [2mΓ¥»[22m src/app/features/year-in-review/year-in-review.component.spe
c.ts:[2m113:14[22m[39m

[31m[2mΓÄ»ΓÄ»ΓÄ»ΓÄ»ΓÄ»ΓÄ»ΓÄ»ΓÄ»ΓÄ»ΓÄ»ΓÄ»ΓÄ»ΓÄ»ΓÄ»ΓÄ»ΓÄ»ΓÄ»ΓÄ»ΓÄ»ΓÄ»ΓÄ»[96/140
]ΓÄ»[22m[39m

[41m[1m FAIL [22m[49m 
src/app/shared/components/book-cover/book-cover.component.spec.ts[2m > 
[22mBookCoverComponent[2m > [22mshows placeholder when coverUrl is null
[31m[1mError[22m: NG0303: Can't set value of the 'coverUrl' input on the 
'BookCoverComponent' component. Make sure that the 'coverUrl' property is 
declared as an input using the input() or model() function or the @Input() 
decorator.[39m
[90m [2mΓ¥»[22m reportUnknownPropertyError ../darwin_arm64-fastbuild-ST-fdfa
778d11ba/bin/packages/core/src/render3/instructions/element_validation.ts:[2m2
28:10[22m[39m
[90m [2mΓ¥»[22m reportUnknownPropertyError ../darwin_arm64-fastbuild-ST-fdfa
778d11ba/bin/packages/core/src/render3/component_ref.ts:[2m575:6[22m[39m
[36m [2mΓ¥»[22m setup src/app/shared/components/book-cover/book-cover.compon
ent.spec.ts:[2m14:61[22m[39m
    [90m 12|[39m     })[33m;[39m
    [90m 13|[39m     [35mconst[39m fixture [33m=[39m [33mTestBed[39m[3
3m.[39m[34mcreateComponent[39m([33mBookCoverComponent[39m)[33m;[39m
    [90m 14|[39m     if (inputs.coverUrl !== undefined) 
fixture.componentRef.setInput('ΓÇª
    [90m   |[39m                                                             
[31m^[39m
    [90m 15|[39m     if (inputs.title !== undefined) 
fixture.componentRef.setInput('titΓÇª
    [90m 16|[39m     if (inputs.author !== undefined) 
fixture.componentRef.setInput('auΓÇª
[90m [2mΓ¥»[22m src/app/shared/components/book-cover/book-cover.component.sp
ec.ts:[2m27:31[22m[39m

[31m[2mΓÄ»ΓÄ»ΓÄ»ΓÄ»ΓÄ»ΓÄ»ΓÄ»ΓÄ»ΓÄ»ΓÄ»ΓÄ»ΓÄ»ΓÄ»ΓÄ»ΓÄ»ΓÄ»ΓÄ»ΓÄ»ΓÄ»ΓÄ»ΓÄ»ΓÄ»ΓÄ»Γ
Ä»ΓÄ»ΓÄ»ΓÄ»ΓÄ»ΓÄ»ΓÄ»[22m[39m
[31m[1mSerialized Error:[22m[39m [90m{ code: 303 }[39m
[31m[2mΓÄ»ΓÄ»ΓÄ»ΓÄ»ΓÄ»ΓÄ»ΓÄ»ΓÄ»ΓÄ»ΓÄ»ΓÄ»ΓÄ»ΓÄ»ΓÄ»ΓÄ»ΓÄ»ΓÄ»ΓÄ»ΓÄ»ΓÄ»ΓÄ»[97/140
]ΓÄ»[22m[39m

[41m[1m FAIL [22m[49m 
src/app/shared/components/book-cover/book-cover.component.spec.ts[2m > 
[22mBookCoverComponent[2m > [22mshows placeholder when coverUrl is empty 
string
[31m[1mError[22m: NG0303: Can't set value of the 'coverUrl' input on the 
'BookCoverComponent' component. Make sure that the 'coverUrl' property is 
declared as an input using the input() or model() function or the @Input() 
decorator.[39m
[90m [2mΓ¥»[22m reportUnknownPropertyError ../darwin_arm64-fastbuild-ST-fdfa
778d11ba/bin/packages/core/src/render3/instructions/element_validation.ts:[2m2
28:10[22m[39m
[90m [2mΓ¥»[22m reportUnknownPropertyError ../darwin_arm64-fastbuild-ST-fdfa
778d11ba/bin/packages/core/src/render3/component_ref.ts:[2m575:6[22m[39m
[36m [2mΓ¥»[22m setup src/app/shared/components/book-cover/book-cover.compon
ent.spec.ts:[2m14:61[22m[39m
    [90m 12|[39m     })[33m;[39m
    [90m 13|[39m     [35mconst[39m fixture [33m=[39m [33mTestBed[39m[3
3m.[39m[34mcreateComponent[39m([33mBookCoverComponent[39m)[33m;[39m
    [90m 14|[39m     if (inputs.coverUrl !== undefined) 
fixture.componentRef.setInput('ΓÇª
    [90m   |[39m                                                             
[31m^[39m
    [90m 15|[39m     if (inputs.title !== undefined) 
fixture.componentRef.setInput('titΓÇª
    [90m 16|[39m     if (inputs.author !== undefined) 
fixture.componentRef.setInput('auΓÇª
[90m [2mΓ¥»[22m src/app/shared/components/book-cover/book-cover.component.sp
ec.ts:[2m32:31[22m[39m

[31m[2mΓÄ»ΓÄ»ΓÄ»ΓÄ»ΓÄ»ΓÄ»ΓÄ»ΓÄ»ΓÄ»ΓÄ»ΓÄ»ΓÄ»ΓÄ»ΓÄ»ΓÄ»ΓÄ»ΓÄ»ΓÄ»ΓÄ»ΓÄ»ΓÄ»ΓÄ»ΓÄ»Γ
Ä»ΓÄ»ΓÄ»ΓÄ»ΓÄ»ΓÄ»ΓÄ»[22m[39m
[31m[1mSerialized Error:[22m[39m [90m{ code: 303 }[39m
[31m[2mΓÄ»ΓÄ»ΓÄ»ΓÄ»ΓÄ»ΓÄ»ΓÄ»ΓÄ»ΓÄ»ΓÄ»ΓÄ»ΓÄ»ΓÄ»ΓÄ»ΓÄ»ΓÄ»ΓÄ»ΓÄ»ΓÄ»ΓÄ»ΓÄ»[98/140
]ΓÄ»[22m[39m

[41m[1m FAIL [22m[49m 
src/app/shared/components/book-cover/book-cover.component.spec.ts[2m > 
[22mBookCoverComponent[2m > [22mshows skeleton while image is loading
[31m[1mError[22m: NG0303: Can't set value of the 'coverUrl' input on the 
'BookCoverComponent' component. Make sure that the 'coverUrl' property is 
declared as an input using the input() or model() function or the @Input() 
decorator.[39m
[90m [2mΓ¥»[22m reportUnknownPropertyError ../darwin_arm64-fastbuild-ST-fdfa
778d11ba/bin/packages/core/src/render3/instructions/element_validation.ts:[2m2
28:10[22m[39m
[90m [2mΓ¥»[22m reportUnknownPropertyError ../darwin_arm64-fastbuild-ST-fdfa
778d11ba/bin/packages/core/src/render3/component_ref.ts:[2m575:6[22m[39m
[36m [2mΓ¥»[22m setup src/app/shared/components/book-cover/book-cover.compon
ent.spec.ts:[2m14:61[22m[39m
    [90m 12|[39m     })[33m;[39m
    [90m 13|[39m     [35mconst[39m fixture [33m=[39m [33mTestBed[39m[3
3m.[39m[34mcreateComponent[39m([33mBookCoverComponent[39m)[33m;[39m
    [90m 14|[39m     if (inputs.coverUrl !== undefined) 
fixture.componentRef.setInput('ΓÇª
    [90m   |[39m                                                             
[31m^[39m
    [90m 15|[39m     if (inputs.title !== undefined) 
fixture.componentRef.setInput('titΓÇª
    [90m 16|[39m     if (inputs.author !== undefined) 
fixture.componentRef.setInput('auΓÇª
[90m [2mΓ¥»[22m src/app/shared/components/book-cover/book-cover.component.sp
ec.ts:[2m37:31[22m[39m

[31m[2mΓÄ»ΓÄ»ΓÄ»ΓÄ»ΓÄ»ΓÄ»ΓÄ»ΓÄ»ΓÄ»ΓÄ»ΓÄ»ΓÄ»ΓÄ»ΓÄ»ΓÄ»ΓÄ»ΓÄ»ΓÄ»ΓÄ»ΓÄ»ΓÄ»ΓÄ»ΓÄ»Γ
Ä»ΓÄ»ΓÄ»ΓÄ»ΓÄ»ΓÄ»ΓÄ»[22m[39m
[31m[1mSerialized Error:[22m[39m [90m{ code: 303 }[39m
[31m[2mΓÄ»ΓÄ»ΓÄ»ΓÄ»ΓÄ»ΓÄ»ΓÄ»ΓÄ»ΓÄ»ΓÄ»ΓÄ»ΓÄ»ΓÄ»ΓÄ»ΓÄ»ΓÄ»ΓÄ»ΓÄ»ΓÄ»ΓÄ»ΓÄ»[99/140
]ΓÄ»[22m[39m

[41m[1m FAIL [22m[49m 
src/app/shared/components/book-cover/book-cover.component.spec.ts[2m > 
[22mBookCoverComponent[2m > [22mshows loaded image after load event fires
[31m[1mError[22m: NG0303: Can't set value of the 'coverUrl' input on the 
'BookCoverComponent' component. Make sure that the 'coverUrl' property is 
declared as an input using the input() or model() function or the @Input() 
decorator.[39m
[90m [2mΓ¥»[22m reportUnknownPropertyError ../darwin_arm64-fastbuild-ST-fdfa
778d11ba/bin/packages/core/src/render3/instructions/element_validation.ts:[2m2
28:10[22m[39m
[90m [2mΓ¥»[22m reportUnknownPropertyError ../darwin_arm64-fastbuild-ST-fdfa
778d11ba/bin/packages/core/src/render3/component_ref.ts:[2m575:6[22m[39m
[36m [2mΓ¥»[22m setup src/app/shared/components/book-cover/book-cover.compon
ent.spec.ts:[2m14:61[22m[39m
    [90m 12|[39m     })[33m;[39m
    [90m 13|[39m     [35mconst[39m fixture [33m=[39m [33mTestBed[39m[3
3m.[39m[34mcreateComponent[39m([33mBookCoverComponent[39m)[33m;[39m
    [90m 14|[39m     if (inputs.coverUrl !== undefined) 
fixture.componentRef.setInput('ΓÇª
    [90m   |[39m                                                             
[31m^[39m
    [90m 15|[39m     if (inputs.title !== undefined) 
fixture.componentRef.setInput('titΓÇª
    [90m 16|[39m     if (inputs.author !== undefined) 
fixture.componentRef.setInput('auΓÇª
[90m [2mΓ¥»[22m src/app/shared/components/book-cover/book-cover.component.sp
ec.ts:[2m42:21[22m[39m

[31m[2mΓÄ»ΓÄ»ΓÄ»ΓÄ»ΓÄ»ΓÄ»ΓÄ»ΓÄ»ΓÄ»ΓÄ»ΓÄ»ΓÄ»ΓÄ»ΓÄ»ΓÄ»ΓÄ»ΓÄ»ΓÄ»ΓÄ»ΓÄ»ΓÄ»ΓÄ»ΓÄ»Γ
Ä»ΓÄ»ΓÄ»ΓÄ»ΓÄ»ΓÄ»ΓÄ»[22m[39m
[31m[1mSerialized Error:[22m[39m [90m{ code: 303 }[39m
[31m[2mΓÄ»ΓÄ»ΓÄ»ΓÄ»ΓÄ»ΓÄ»ΓÄ»ΓÄ»ΓÄ»ΓÄ»ΓÄ»ΓÄ»ΓÄ»ΓÄ»ΓÄ»ΓÄ»ΓÄ»ΓÄ»ΓÄ»ΓÄ»[100/140]Γ
Ä»[22m[39m

[41m[1m FAIL [22m[49m 
src/app/shared/components/book-cover/book-cover.component.spec.ts[2m > 
[22mBookCoverComponent[2m > [22mshows placeholder after image error event
[31m[1mError[22m: NG0303: Can't set value of the 'coverUrl' input on the 
'BookCoverComponent' component. Make sure that the 'coverUrl' property is 
declared as an input using the input() or model() function or the @Input() 
decorator.[39m
[90m [2mΓ¥»[22m reportUnknownPropertyError ../darwin_arm64-fastbuild-ST-fdfa
778d11ba/bin/packages/core/src/render3/instructions/element_validation.ts:[2m2
28:10[22m[39m
[90m [2mΓ¥»[22m reportUnknownPropertyError ../darwin_arm64-fastbuild-ST-fdfa
778d11ba/bin/packages/core/src/render3/component_ref.ts:[2m575:6[22m[39m
[36m [2mΓ¥»[22m setup src/app/shared/components/book-cover/book-cover.compon
ent.spec.ts:[2m14:61[22m[39m
    [90m 12|[39m     })[33m;[39m
    [90m 13|[39m     [35mconst[39m fixture [33m=[39m [33mTestBed[39m[3
3m.[39m[34mcreateComponent[39m([33mBookCoverComponent[39m)[33m;[39m
    [90m 14|[39m     if (inputs.coverUrl !== undefined) 
fixture.componentRef.setInput('ΓÇª
    [90m   |[39m                                                             
[31m^[39m
    [90m 15|[39m     if (inputs.title !== undefined) 
fixture.componentRef.setInput('titΓÇª
    [90m 16|[39m     if (inputs.author !== undefined) 
fixture.componentRef.setInput('auΓÇª
[90m [2mΓ¥»[22m src/app/shared/components/book-cover/book-cover.component.sp
ec.ts:[2m51:21[22m[39m

[31m[2mΓÄ»ΓÄ»ΓÄ»ΓÄ»ΓÄ»ΓÄ»ΓÄ»ΓÄ»ΓÄ»ΓÄ»ΓÄ»ΓÄ»ΓÄ»ΓÄ»ΓÄ»ΓÄ»ΓÄ»ΓÄ»ΓÄ»ΓÄ»ΓÄ»ΓÄ»ΓÄ»Γ
Ä»ΓÄ»ΓÄ»ΓÄ»ΓÄ»ΓÄ»ΓÄ»[22m[39m
[31m[1mSerialized Error:[22m[39m [90m{ code: 303 }[39m
[31m[2mΓÄ»ΓÄ»ΓÄ»ΓÄ»ΓÄ»ΓÄ»ΓÄ»ΓÄ»ΓÄ»ΓÄ»ΓÄ»ΓÄ»ΓÄ»ΓÄ»ΓÄ»ΓÄ»ΓÄ»ΓÄ»ΓÄ»ΓÄ»[101/140]Γ
Ä»[22m[39m

[41m[1m FAIL [22m[49m 
src/app/shared/components/book-cover/book-cover.component.spec.ts[2m > 
[22mBookCoverComponent[2m > [22msets data-title on placeholder element
[31m[1mError[22m: NG0303: Can't set value of the 'coverUrl' input on the 
'BookCoverComponent' component. Make sure that the 'coverUrl' property is 
declared as an input using the input() or model() function or the @Input() 
decorator.[39m
[90m [2mΓ¥»[22m reportUnknownPropertyError ../darwin_arm64-fastbuild-ST-fdfa
778d11ba/bin/packages/core/src/render3/instructions/element_validation.ts:[2m2
28:10[22m[39m
[90m [2mΓ¥»[22m reportUnknownPropertyError ../darwin_arm64-fastbuild-ST-fdfa
778d11ba/bin/packages/core/src/render3/component_ref.ts:[2m575:6[22m[39m
[36m [2mΓ¥»[22m setup src/app/shared/components/book-cover/book-cover.compon
ent.spec.ts:[2m14:61[22m[39m
    [90m 12|[39m     })[33m;[39m
    [90m 13|[39m     [35mconst[39m fixture [33m=[39m [33mTestBed[39m[3
3m.[39m[34mcreateComponent[39m([33mBookCoverComponent[39m)[33m;[39m
    [90m 14|[39m     if (inputs.coverUrl !== undefined) 
fixture.componentRef.setInput('ΓÇª
    [90m   |[39m                                                             
[31m^[39m
    [90m 15|[39m     if (inputs.title !== undefined) 
fixture.componentRef.setInput('titΓÇª
    [90m 16|[39m     if (inputs.author !== undefined) 
fixture.componentRef.setInput('auΓÇª
[90m [2mΓ¥»[22m src/app/shared/components/book-cover/book-cover.component.sp
ec.ts:[2m59:31[22m[39m

[31m[2mΓÄ»ΓÄ»ΓÄ»ΓÄ»ΓÄ»ΓÄ»ΓÄ»ΓÄ»ΓÄ»ΓÄ»ΓÄ»ΓÄ»ΓÄ»ΓÄ»ΓÄ»ΓÄ»ΓÄ»ΓÄ»ΓÄ»ΓÄ»ΓÄ»ΓÄ»ΓÄ»Γ
Ä»ΓÄ»ΓÄ»ΓÄ»ΓÄ»ΓÄ»ΓÄ»[22m[39m
[31m[1mSerialized Error:[22m[39m [90m{ code: 303 }[39m
[31m[2mΓÄ»ΓÄ»ΓÄ»ΓÄ»ΓÄ»ΓÄ»ΓÄ»ΓÄ»ΓÄ»ΓÄ»ΓÄ»ΓÄ»ΓÄ»ΓÄ»ΓÄ»ΓÄ»ΓÄ»ΓÄ»ΓÄ»ΓÄ»[102/140]Γ
Ä»[22m[39m

[41m[1m FAIL [22m[49m 
src/app/shared/components/book-cover/book-cover.component.spec.ts[2m > 
[22mBookCoverComponent[2m > [22msets data-author on placeholder element
[31m[1mError[22m: NG0303: Can't set value of the 'coverUrl' input on the 
'BookCoverComponent' component. Make sure that the 'coverUrl' property is 
declared as an input using the input() or model() function or the @Input() 
decorator.[39m
[90m [2mΓ¥»[22m reportUnknownPropertyError ../darwin_arm64-fastbuild-ST-fdfa
778d11ba/bin/packages/core/src/render3/instructions/element_validation.ts:[2m2
28:10[22m[39m
[90m [2mΓ¥»[22m reportUnknownPropertyError ../darwin_arm64-fastbuild-ST-fdfa
778d11ba/bin/packages/core/src/render3/component_ref.ts:[2m575:6[22m[39m
[36m [2mΓ¥»[22m setup src/app/shared/components/book-cover/book-cover.compon
ent.spec.ts:[2m14:61[22m[39m
    [90m 12|[39m     })[33m;[39m
    [90m 13|[39m     [35mconst[39m fixture [33m=[39m [33mTestBed[39m[3
3m.[39m[34mcreateComponent[39m([33mBookCoverComponent[39m)[33m;[39m
    [90m 14|[39m     if (inputs.coverUrl !== undefined) 
fixture.componentRef.setInput('ΓÇª
    [90m   |[39m                                                             
[31m^[39m
    [90m 15|[39m     if (inputs.title !== undefined) 
fixture.componentRef.setInput('titΓÇª
    [90m 16|[39m     if (inputs.author !== undefined) 
fixture.componentRef.setInput('auΓÇª
[90m [2mΓ¥»[22m src/app/shared/components/book-cover/book-cover.component.sp
ec.ts:[2m65:31[22m[39m

[31m[2mΓÄ»ΓÄ»ΓÄ»ΓÄ»ΓÄ»ΓÄ»ΓÄ»ΓÄ»ΓÄ»ΓÄ»ΓÄ»ΓÄ»ΓÄ»ΓÄ»ΓÄ»ΓÄ»ΓÄ»ΓÄ»ΓÄ»ΓÄ»ΓÄ»ΓÄ»ΓÄ»Γ
Ä»ΓÄ»ΓÄ»ΓÄ»ΓÄ»ΓÄ»ΓÄ»[22m[39m
[31m[1mSerialized Error:[22m[39m [90m{ code: 303 }[39m
[31m[2mΓÄ»ΓÄ»ΓÄ»ΓÄ»ΓÄ»ΓÄ»ΓÄ»ΓÄ»ΓÄ»ΓÄ»ΓÄ»ΓÄ»ΓÄ»ΓÄ»ΓÄ»ΓÄ»ΓÄ»ΓÄ»ΓÄ»ΓÄ»[103/140]Γ
Ä»[22m[39m

[41m[1m FAIL [22m[49m 
src/app/shared/components/book-cover/book-cover.component.spec.ts[2m > 
[22mBookCoverComponent[2m > [22mtruncates title longer than 40 characters 
in data-title
[31m[1mError[22m: NG0303: Can't set value of the 'coverUrl' input on the 
'BookCoverComponent' component. Make sure that the 'coverUrl' property is 
declared as an input using the input() or model() function or the @Input() 
decorator.[39m
[90m [2mΓ¥»[22m reportUnknownPropertyError ../darwin_arm64-fastbuild-ST-fdfa
778d11ba/bin/packages/core/src/render3/instructions/element_validation.ts:[2m2
28:10[22m[39m
[90m [2mΓ¥»[22m reportUnknownPropertyError ../darwin_arm64-fastbuild-ST-fdfa
778d11ba/bin/packages/core/src/render3/component_ref.ts:[2m575:6[22m[39m
[36m [2mΓ¥»[22m setup src/app/shared/components/book-cover/book-cover.compon
ent.spec.ts:[2m14:61[22m[39m
    [90m 12|[39m     })[33m;[39m
    [90m 13|[39m     [35mconst[39m fixture [33m=[39m [33mTestBed[39m[3
3m.[39m[34mcreateComponent[39m([33mBookCoverComponent[39m)[33m;[39m
    [90m 14|[39m     if (inputs.coverUrl !== undefined) 
fixture.componentRef.setInput('ΓÇª
    [90m   |[39m                                                             
[31m^[39m
    [90m 15|[39m     if (inputs.title !== undefined) 
fixture.componentRef.setInput('titΓÇª
    [90m 16|[39m     if (inputs.author !== undefined) 
fixture.componentRef.setInput('auΓÇª
[90m [2mΓ¥»[22m src/app/shared/components/book-cover/book-cover.component.sp
ec.ts:[2m72:31[22m[39m

[31m[2mΓÄ»ΓÄ»ΓÄ»ΓÄ»ΓÄ»ΓÄ»ΓÄ»ΓÄ»ΓÄ»ΓÄ»ΓÄ»ΓÄ»ΓÄ»ΓÄ»ΓÄ»ΓÄ»ΓÄ»ΓÄ»ΓÄ»ΓÄ»ΓÄ»ΓÄ»ΓÄ»Γ
Ä»ΓÄ»ΓÄ»ΓÄ»ΓÄ»ΓÄ»ΓÄ»[22m[39m
[31m[1mSerialized Error:[22m[39m [90m{ code: 303 }[39m
[31m[2mΓÄ»ΓÄ»ΓÄ»ΓÄ»ΓÄ»ΓÄ»ΓÄ»ΓÄ»ΓÄ»ΓÄ»ΓÄ»ΓÄ»ΓÄ»ΓÄ»ΓÄ»ΓÄ»ΓÄ»ΓÄ»ΓÄ»ΓÄ»[104/140]Γ
Ä»[22m[39m

[41m[1m FAIL [22m[49m 
src/app/shared/components/book-cover/book-cover.component.spec.ts[2m > 
[22mBookCoverComponent[2m > [22mapplies size as width to book-cover-wrap
[31m[1mError[22m: NG0303: Can't set value of the 'coverUrl' input on the 
'BookCoverComponent' component. Make sure that the 'coverUrl' property is 
declared as an input using the input() or model() function or the @Input() 
decorator.[39m
[90m [2mΓ¥»[22m reportUnknownPropertyError ../darwin_arm64-fastbuild-ST-fdfa
778d11ba/bin/packages/core/src/render3/instructions/element_validation.ts:[2m2
28:10[22m[39m
[90m [2mΓ¥»[22m reportUnknownPropertyError ../darwin_arm64-fastbuild-ST-fdfa
778d11ba/bin/packages/core/src/render3/component_ref.ts:[2m575:6[22m[39m
[36m [2mΓ¥»[22m setup src/app/shared/components/book-cover/book-cover.compon
ent.spec.ts:[2m14:61[22m[39m
    [90m 12|[39m     })[33m;[39m
    [90m 13|[39m     [35mconst[39m fixture [33m=[39m [33mTestBed[39m[3
3m.[39m[34mcreateComponent[39m([33mBookCoverComponent[39m)[33m;[39m
    [90m 14|[39m     if (inputs.coverUrl !== undefined) 
fixture.componentRef.setInput('ΓÇª
    [90m   |[39m                                                             
[31m^[39m
    [90m 15|[39m     if (inputs.title !== undefined) 
fixture.componentRef.setInput('titΓÇª
    [90m 16|[39m     if (inputs.author !== undefined) 
fixture.componentRef.setInput('auΓÇª
[90m [2mΓ¥»[22m src/app/shared/components/book-cover/book-cover.component.sp
ec.ts:[2m78:31[22m[39m

[31m[2mΓÄ»ΓÄ»ΓÄ»ΓÄ»ΓÄ»ΓÄ»ΓÄ»ΓÄ»ΓÄ»ΓÄ»ΓÄ»ΓÄ»ΓÄ»ΓÄ»ΓÄ»ΓÄ»ΓÄ»ΓÄ»ΓÄ»ΓÄ»ΓÄ»ΓÄ»ΓÄ»Γ
Ä»ΓÄ»ΓÄ»ΓÄ»ΓÄ»ΓÄ»ΓÄ»[22m[39m
[31m[1mSerialized Error:[22m[39m [90m{ code: 303 }[39m
[31m[2mΓÄ»ΓÄ»ΓÄ»ΓÄ»ΓÄ»ΓÄ»ΓÄ»ΓÄ»ΓÄ»ΓÄ»ΓÄ»ΓÄ»ΓÄ»ΓÄ»ΓÄ»ΓÄ»ΓÄ»ΓÄ»ΓÄ»ΓÄ»[105/140]Γ
Ä»[22m[39m

[41m[1m FAIL [22m[49m 
src/app/shared/components/book-cover/book-cover.component.spec.ts[2m > 
[22mBookCoverComponent[2m > [22mplaceholder title and author elements are 
aria-hidden
[31m[1mError[22m: NG0303: Can't set value of the 'coverUrl' input on the 
'BookCoverComponent' component. Make sure that the 'coverUrl' property is 
declared as an input using the input() or model() function or the @Input() 
decorator.[39m
[90m [2mΓ¥»[22m reportUnknownPropertyError ../darwin_arm64-fastbuild-ST-fdfa
778d11ba/bin/packages/core/src/render3/instructions/element_validation.ts:[2m2
28:10[22m[39m
[90m [2mΓ¥»[22m reportUnknownPropertyError ../darwin_arm64-fastbuild-ST-fdfa
778d11ba/bin/packages/core/src/render3/component_ref.ts:[2m575:6[22m[39m
[36m [2mΓ¥»[22m setup src/app/shared/components/book-cover/book-cover.compon
ent.spec.ts:[2m14:61[22m[39m
    [90m 12|[39m     })[33m;[39m
    [90m 13|[39m     [35mconst[39m fixture [33m=[39m [33mTestBed[39m[3
3m.[39m[34mcreateComponent[39m([33mBookCoverComponent[39m)[33m;[39m
    [90m 14|[39m     if (inputs.coverUrl !== undefined) 
fixture.componentRef.setInput('ΓÇª
    [90m   |[39m                                                             
[31m^[39m
    [90m 15|[39m     if (inputs.title !== undefined) 
fixture.componentRef.setInput('titΓÇª
    [90m 16|[39m     if (inputs.author !== undefined) 
fixture.componentRef.setInput('auΓÇª
[90m [2mΓ¥»[22m src/app/shared/components/book-cover/book-cover.component.sp
ec.ts:[2m84:31[22m[39m

[31m[2mΓÄ»ΓÄ»ΓÄ»ΓÄ»ΓÄ»ΓÄ»ΓÄ»ΓÄ»ΓÄ»ΓÄ»ΓÄ»ΓÄ»ΓÄ»ΓÄ»ΓÄ»ΓÄ»ΓÄ»ΓÄ»ΓÄ»ΓÄ»ΓÄ»ΓÄ»ΓÄ»Γ
Ä»ΓÄ»ΓÄ»ΓÄ»ΓÄ»ΓÄ»ΓÄ»[22m[39m
[31m[1mSerialized Error:[22m[39m [90m{ code: 303 }[39m
[31m[2mΓÄ»ΓÄ»ΓÄ»ΓÄ»ΓÄ»ΓÄ»ΓÄ»ΓÄ»ΓÄ»ΓÄ»ΓÄ»ΓÄ»ΓÄ»ΓÄ»ΓÄ»ΓÄ»ΓÄ»ΓÄ»ΓÄ»ΓÄ»[106/140]Γ
Ä»[22m[39m

[41m[1m FAIL [22m[49m 
src/app/shared/components/empty-state/empty-state.component.spec.ts[2m > 
[22mEmptyStateComponent[2m > [22mrenders the icon
[31m[1mError[22m: NG0303: Can't set value of the 'icon' input on the 
'EmptyStateComponent' component. Make sure that the 'icon' property is 
declared as an input using the input() or model() function or the @Input() 
decorator.[39m
[90m [2mΓ¥»[22m reportUnknownPropertyError ../darwin_arm64-fastbuild-ST-fdfa
778d11ba/bin/packages/core/src/render3/instructions/element_validation.ts:[2m2
28:10[22m[39m
[90m [2mΓ¥»[22m reportUnknownPropertyError ../darwin_arm64-fastbuild-ST-fdfa
778d11ba/bin/packages/core/src/render3/component_ref.ts:[2m575:6[22m[39m
[36m [2mΓ¥»[22m setup src/app/shared/components/empty-state/empty-state.comp
onent.spec.ts:[2m21:57[22m[39m
    [90m 19|[39m     })[33m;[39m
    [90m 20|[39m     [35mconst[39m fixture [33m=[39m [33mTestBed[39m[3
3m.[39m[34mcreateComponent[39m([33mEmptyStateComponent[39m)[33m;[39m
    [90m 21|[39m     if (inputs.icon !== undefined) 
fixture.componentRef.setInput('iconΓÇª
    [90m   |[39m                                                         
[31m^[39m
    [90m 22|[39m     if (inputs.title !== undefined) 
fixture.componentRef.setInput('titΓÇª
    [90m 23|[39m     if (inputs.message !== undefined) 
fixture.componentRef.setInput('mΓÇª
[90m [2mΓ¥»[22m src/app/shared/components/empty-state/empty-state.component.
spec.ts:[2m35:31[22m[39m

[31m[2mΓÄ»ΓÄ»ΓÄ»ΓÄ»ΓÄ»ΓÄ»ΓÄ»ΓÄ»ΓÄ»ΓÄ»ΓÄ»ΓÄ»ΓÄ»ΓÄ»ΓÄ»ΓÄ»ΓÄ»ΓÄ»ΓÄ»ΓÄ»ΓÄ»ΓÄ»ΓÄ»Γ
Ä»ΓÄ»ΓÄ»ΓÄ»ΓÄ»ΓÄ»ΓÄ»[22m[39m
[31m[1mSerialized Error:[22m[39m [90m{ code: 303 }[39m
[31m[2mΓÄ»ΓÄ»ΓÄ»ΓÄ»ΓÄ»ΓÄ»ΓÄ»ΓÄ»ΓÄ»ΓÄ»ΓÄ»ΓÄ»ΓÄ»ΓÄ»ΓÄ»ΓÄ»ΓÄ»ΓÄ»ΓÄ»ΓÄ»[107/140]Γ
Ä»[22m[39m

[41m[1m FAIL [22m[49m 
src/app/shared/components/empty-state/empty-state.component.spec.ts[2m > 
[22mEmptyStateComponent[2m > [22mrenders the title
[31m[1mError[22m: NG0303: Can't set value of the 'icon' input on the 
'EmptyStateComponent' component. Make sure that the 'icon' property is 
declared as an input using the input() or model() function or the @Input() 
decorator.[39m
[90m [2mΓ¥»[22m reportUnknownPropertyError ../darwin_arm64-fastbuild-ST-fdfa
778d11ba/bin/packages/core/src/render3/instructions/element_validation.ts:[2m2
28:10[22m[39m
[90m [2mΓ¥»[22m reportUnknownPropertyError ../darwin_arm64-fastbuild-ST-fdfa
778d11ba/bin/packages/core/src/render3/component_ref.ts:[2m575:6[22m[39m
[36m [2mΓ¥»[22m setup src/app/shared/components/empty-state/empty-state.comp
onent.spec.ts:[2m21:57[22m[39m
    [90m 19|[39m     })[33m;[39m
    [90m 20|[39m     [35mconst[39m fixture [33m=[39m [33mTestBed[39m[3
3m.[39m[34mcreateComponent[39m([33mEmptyStateComponent[39m)[33m;[39m
    [90m 21|[39m     if (inputs.icon !== undefined) 
fixture.componentRef.setInput('iconΓÇª
    [90m   |[39m                                                         
[31m^[39m
    [90m 22|[39m     if (inputs.title !== undefined) 
fixture.componentRef.setInput('titΓÇª
    [90m 23|[39m     if (inputs.message !== undefined) 
fixture.componentRef.setInput('mΓÇª
[90m [2mΓ¥»[22m src/app/shared/components/empty-state/empty-state.component.
spec.ts:[2m40:31[22m[39m

[31m[2mΓÄ»ΓÄ»ΓÄ»ΓÄ»ΓÄ»ΓÄ»ΓÄ»ΓÄ»ΓÄ»ΓÄ»ΓÄ»ΓÄ»ΓÄ»ΓÄ»ΓÄ»ΓÄ»ΓÄ»ΓÄ»ΓÄ»ΓÄ»ΓÄ»ΓÄ»ΓÄ»Γ
Ä»ΓÄ»ΓÄ»ΓÄ»ΓÄ»ΓÄ»ΓÄ»[22m[39m
[31m[1mSerialized Error:[22m[39m [90m{ code: 303 }[39m
[31m[2mΓÄ»ΓÄ»ΓÄ»ΓÄ»ΓÄ»ΓÄ»ΓÄ»ΓÄ»ΓÄ»ΓÄ»ΓÄ»ΓÄ»ΓÄ»ΓÄ»ΓÄ»ΓÄ»ΓÄ»ΓÄ»ΓÄ»ΓÄ»[108/140]Γ
Ä»[22m[39m

[41m[1m FAIL [22m[49m 
src/app/shared/components/empty-state/empty-state.component.spec.ts[2m > 
[22mEmptyStateComponent[2m > [22mrenders the message
[31m[1mError[22m: NG0303: Can't set value of the 'icon' input on the 
'EmptyStateComponent' component. Make sure that the 'icon' property is 
declared as an input using the input() or model() function or the @Input() 
decorator.[39m
[90m [2mΓ¥»[22m reportUnknownPropertyError ../darwin_arm64-fastbuild-ST-fdfa
778d11ba/bin/packages/core/src/render3/instructions/element_validation.ts:[2m2
28:10[22m[39m
[90m [2mΓ¥»[22m reportUnknownPropertyError ../darwin_arm64-fastbuild-ST-fdfa
778d11ba/bin/packages/core/src/render3/component_ref.ts:[2m575:6[22m[39m
[36m [2mΓ¥»[22m setup src/app/shared/components/empty-state/empty-state.comp
onent.spec.ts:[2m21:57[22m[39m
    [90m 19|[39m     })[33m;[39m
    [90m 20|[39m     [35mconst[39m fixture [33m=[39m [33mTestBed[39m[3
3m.[39m[34mcreateComponent[39m([33mEmptyStateComponent[39m)[33m;[39m
    [90m 21|[39m     if (inputs.icon !== undefined) 
fixture.componentRef.setInput('iconΓÇª
    [90m   |[39m                                                         
[31m^[39m
    [90m 22|[39m     if (inputs.title !== undefined) 
fixture.componentRef.setInput('titΓÇª
    [90m 23|[39m     if (inputs.message !== undefined) 
fixture.componentRef.setInput('mΓÇª
[90m [2mΓ¥»[22m src/app/shared/components/empty-state/empty-state.component.
spec.ts:[2m45:31[22m[39m

[31m[2mΓÄ»ΓÄ»ΓÄ»ΓÄ»ΓÄ»ΓÄ»ΓÄ»ΓÄ»ΓÄ»ΓÄ»ΓÄ»ΓÄ»ΓÄ»ΓÄ»ΓÄ»ΓÄ»ΓÄ»ΓÄ»ΓÄ»ΓÄ»ΓÄ»ΓÄ»ΓÄ»Γ
Ä»ΓÄ»ΓÄ»ΓÄ»ΓÄ»ΓÄ»ΓÄ»[22m[39m
[31m[1mSerialized Error:[22m[39m [90m{ code: 303 }[39m
[31m[2mΓÄ»ΓÄ»ΓÄ»ΓÄ»ΓÄ»ΓÄ»ΓÄ»ΓÄ»ΓÄ»ΓÄ»ΓÄ»ΓÄ»ΓÄ»ΓÄ»ΓÄ»ΓÄ»ΓÄ»ΓÄ»ΓÄ»ΓÄ»[109/140]Γ
Ä»[22m[39m

[41m[1m FAIL [22m[49m 
src/app/shared/components/empty-state/empty-state.component.spec.ts[2m > 
[22mEmptyStateComponent[2m > [22mhides action button when actionLabel is 
missing
[31m[1mError[22m: NG0303: Can't set value of the 'icon' input on the 
'EmptyStateComponent' component. Make sure that the 'icon' property is 
declared as an input using the input() or model() function or the @Input() 
decorator.[39m
[90m [2mΓ¥»[22m reportUnknownPropertyError ../darwin_arm64-fastbuild-ST-fdfa
778d11ba/bin/packages/core/src/render3/instructions/element_validation.ts:[2m2
28:10[22m[39m
[90m [2mΓ¥»[22m reportUnknownPropertyError ../darwin_arm64-fastbuild-ST-fdfa
778d11ba/bin/packages/core/src/render3/component_ref.ts:[2m575:6[22m[39m
[36m [2mΓ¥»[22m setup src/app/shared/components/empty-state/empty-state.comp
onent.spec.ts:[2m21:57[22m[39m
    [90m 19|[39m     })[33m;[39m
    [90m 20|[39m     [35mconst[39m fixture [33m=[39m [33mTestBed[39m[3
3m.[39m[34mcreateComponent[39m([33mEmptyStateComponent[39m)[33m;[39m
    [90m 21|[39m     if (inputs.icon !== undefined) 
fixture.componentRef.setInput('iconΓÇª
    [90m   |[39m                                                         
[31m^[39m
    [90m 22|[39m     if (inputs.title !== undefined) 
fixture.componentRef.setInput('titΓÇª
    [90m 23|[39m     if (inputs.message !== undefined) 
fixture.componentRef.setInput('mΓÇª
[90m [2mΓ¥»[22m src/app/shared/components/empty-state/empty-state.component.
spec.ts:[2m50:31[22m[39m

[31m[2mΓÄ»ΓÄ»ΓÄ»ΓÄ»ΓÄ»ΓÄ»ΓÄ»ΓÄ»ΓÄ»ΓÄ»ΓÄ»ΓÄ»ΓÄ»ΓÄ»ΓÄ»ΓÄ»ΓÄ»ΓÄ»ΓÄ»ΓÄ»ΓÄ»ΓÄ»ΓÄ»Γ
Ä»ΓÄ»ΓÄ»ΓÄ»ΓÄ»ΓÄ»ΓÄ»[22m[39m
[31m[1mSerialized Error:[22m[39m [90m{ code: 303 }[39m
[31m[2mΓÄ»ΓÄ»ΓÄ»ΓÄ»ΓÄ»ΓÄ»ΓÄ»ΓÄ»ΓÄ»ΓÄ»ΓÄ»ΓÄ»ΓÄ»ΓÄ»ΓÄ»ΓÄ»ΓÄ»ΓÄ»ΓÄ»ΓÄ»[110/140]Γ
Ä»[22m[39m

[41m[1m FAIL [22m[49m 
src/app/shared/components/empty-state/empty-state.component.spec.ts[2m > 
[22mEmptyStateComponent[2m > [22mhides action button when actionRoute is 
missing
[31m[1mError[22m: NG0303: Can't set value of the 'icon' input on the 
'EmptyStateComponent' component. Make sure that the 'icon' property is 
declared as an input using the input() or model() function or the @Input() 
decorator.[39m
[90m [2mΓ¥»[22m reportUnknownPropertyError ../darwin_arm64-fastbuild-ST-fdfa
778d11ba/bin/packages/core/src/render3/instructions/element_validation.ts:[2m2
28:10[22m[39m
[90m [2mΓ¥»[22m reportUnknownPropertyError ../darwin_arm64-fastbuild-ST-fdfa
778d11ba/bin/packages/core/src/render3/component_ref.ts:[2m575:6[22m[39m
[36m [2mΓ¥»[22m setup src/app/shared/components/empty-state/empty-state.comp
onent.spec.ts:[2m21:57[22m[39m
    [90m 19|[39m     })[33m;[39m
    [90m 20|[39m     [35mconst[39m fixture [33m=[39m [33mTestBed[39m[3
3m.[39m[34mcreateComponent[39m([33mEmptyStateComponent[39m)[33m;[39m
    [90m 21|[39m     if (inputs.icon !== undefined) 
fixture.componentRef.setInput('iconΓÇª
    [90m   |[39m                                                         
[31m^[39m
    [90m 22|[39m     if (inputs.title !== undefined) 
fixture.componentRef.setInput('titΓÇª
    [90m 23|[39m     if (inputs.message !== undefined) 
fixture.componentRef.setInput('mΓÇª
[90m [2mΓ¥»[22m src/app/shared/components/empty-state/empty-state.component.
spec.ts:[2m55:31[22m[39m

[31m[2mΓÄ»ΓÄ»ΓÄ»ΓÄ»ΓÄ»ΓÄ»ΓÄ»ΓÄ»ΓÄ»ΓÄ»ΓÄ»ΓÄ»ΓÄ»ΓÄ»ΓÄ»ΓÄ»ΓÄ»ΓÄ»ΓÄ»ΓÄ»ΓÄ»ΓÄ»ΓÄ»Γ
Ä»ΓÄ»ΓÄ»ΓÄ»ΓÄ»ΓÄ»ΓÄ»[22m[39m
[31m[1mSerialized Error:[22m[39m [90m{ code: 303 }[39m
[31m[2mΓÄ»ΓÄ»ΓÄ»ΓÄ»ΓÄ»ΓÄ»ΓÄ»ΓÄ»ΓÄ»ΓÄ»ΓÄ»ΓÄ»ΓÄ»ΓÄ»ΓÄ»ΓÄ»ΓÄ»ΓÄ»ΓÄ»ΓÄ»[111/140]Γ
Ä»[22m[39m

[41m[1m FAIL [22m[49m 
src/app/shared/components/empty-state/empty-state.component.spec.ts[2m > 
[22mEmptyStateComponent[2m > [22mshows action button when both actionLabel 
and actionRoute are provided
[31m[1mError[22m: NG0303: Can't set value of the 'icon' input on the 
'EmptyStateComponent' component. Make sure that the 'icon' property is 
declared as an input using the input() or model() function or the @Input() 
decorator.[39m
[90m [2mΓ¥»[22m reportUnknownPropertyError ../darwin_arm64-fastbuild-ST-fdfa
778d11ba/bin/packages/core/src/render3/instructions/element_validation.ts:[2m2
28:10[22m[39m
[90m [2mΓ¥»[22m reportUnknownPropertyError ../darwin_arm64-fastbuild-ST-fdfa
778d11ba/bin/packages/core/src/render3/component_ref.ts:[2m575:6[22m[39m
[36m [2mΓ¥»[22m setup src/app/shared/components/empty-state/empty-state.comp
onent.spec.ts:[2m21:57[22m[39m
    [90m 19|[39m     })[33m;[39m
    [90m 20|[39m     [35mconst[39m fixture [33m=[39m [33mTestBed[39m[3
3m.[39m[34mcreateComponent[39m([33mEmptyStateComponent[39m)[33m;[39m
    [90m 21|[39m     if (inputs.icon !== undefined) 
fixture.componentRef.setInput('iconΓÇª
    [90m   |[39m                                                         
[31m^[39m
    [90m 22|[39m     if (inputs.title !== undefined) 
fixture.componentRef.setInput('titΓÇª
    [90m 23|[39m     if (inputs.message !== undefined) 
fixture.componentRef.setInput('mΓÇª
[90m [2mΓ¥»[22m src/app/shared/components/empty-state/empty-state.component.
spec.ts:[2m60:31[22m[39m

[31m[2mΓÄ»ΓÄ»ΓÄ»ΓÄ»ΓÄ»ΓÄ»ΓÄ»ΓÄ»ΓÄ»ΓÄ»ΓÄ»ΓÄ»ΓÄ»ΓÄ»ΓÄ»ΓÄ»ΓÄ»ΓÄ»ΓÄ»ΓÄ»ΓÄ»ΓÄ»ΓÄ»Γ
Ä»ΓÄ»ΓÄ»ΓÄ»ΓÄ»ΓÄ»ΓÄ»[22m[39m
[31m[1mSerialized Error:[22m[39m [90m{ code: 303 }[39m
[31m[2mΓÄ»ΓÄ»ΓÄ»ΓÄ»ΓÄ»ΓÄ»ΓÄ»ΓÄ»ΓÄ»ΓÄ»ΓÄ»ΓÄ»ΓÄ»ΓÄ»ΓÄ»ΓÄ»ΓÄ»ΓÄ»ΓÄ»ΓÄ»[112/140]Γ
Ä»[22m[39m

[41m[1m FAIL [22m[49m 
src/app/shared/components/empty-state/empty-state.component.spec.ts[2m > 
[22mEmptyStateComponent[2m > [22maction link points to the provided route
[31m[1mError[22m: NG0303: Can't set value of the 'icon' input on the 
'EmptyStateComponent' component. Make sure that the 'icon' property is 
declared as an input using the input() or model() function or the @Input() 
decorator.[39m
[90m [2mΓ¥»[22m reportUnknownPropertyError ../darwin_arm64-fastbuild-ST-fdfa
778d11ba/bin/packages/core/src/render3/instructions/element_validation.ts:[2m2
28:10[22m[39m
[90m [2mΓ¥»[22m reportUnknownPropertyError ../darwin_arm64-fastbuild-ST-fdfa
778d11ba/bin/packages/core/src/render3/component_ref.ts:[2m575:6[22m[39m
[36m [2mΓ¥»[22m setup src/app/shared/components/empty-state/empty-state.comp
onent.spec.ts:[2m21:57[22m[39m
    [90m 19|[39m     })[33m;[39m
    [90m 20|[39m     [35mconst[39m fixture [33m=[39m [33mTestBed[39m[3
3m.[39m[34mcreateComponent[39m([33mEmptyStateComponent[39m)[33m;[39m
    [90m 21|[39m     if (inputs.icon !== undefined) 
fixture.componentRef.setInput('iconΓÇª
    [90m   |[39m                                                         
[31m^[39m
    [90m 22|[39m     if (inputs.title !== undefined) 
fixture.componentRef.setInput('titΓÇª
    [90m 23|[39m     if (inputs.message !== undefined) 
fixture.componentRef.setInput('mΓÇª
[90m [2mΓ¥»[22m src/app/shared/components/empty-state/empty-state.component.
spec.ts:[2m73:31[22m[39m

[31m[2mΓÄ»ΓÄ»ΓÄ»ΓÄ»ΓÄ»ΓÄ»ΓÄ»ΓÄ»ΓÄ»ΓÄ»ΓÄ»ΓÄ»ΓÄ»ΓÄ»ΓÄ»ΓÄ»ΓÄ»ΓÄ»ΓÄ»ΓÄ»ΓÄ»ΓÄ»ΓÄ»Γ
Ä»ΓÄ»ΓÄ»ΓÄ»ΓÄ»ΓÄ»ΓÄ»[22m[39m
[31m[1mSerialized Error:[22m[39m [90m{ code: 303 }[39m
[31m[2mΓÄ»ΓÄ»ΓÄ»ΓÄ»ΓÄ»ΓÄ»ΓÄ»ΓÄ»ΓÄ»ΓÄ»ΓÄ»ΓÄ»ΓÄ»ΓÄ»ΓÄ»ΓÄ»ΓÄ»ΓÄ»ΓÄ»ΓÄ»[113/140]Γ
Ä»[22m[39m

[41m[1m FAIL [22m[49m src/app/shared/components/reading-progress-bar/readin
g-progress-bar.component.spec.ts[2m > [22mReadingProgressBarComponent[2m > 
[22mprogress track has role="progressbar"
[31m[1mError[22m: NG0303: Can't set value of the 'percentage' input on the 
'ReadingProgressBarComponent' component. Make sure that the 'percentage' 
property is declared as an input using the input() or model() function or the 
@Input() decorator.[39m
[90m [2mΓ¥»[22m reportUnknownPropertyError ../darwin_arm64-fastbuild-ST-fdfa
778d11ba/bin/packages/core/src/render3/instructions/element_validation.ts:[2m2
28:10[22m[39m
[90m [2mΓ¥»[22m reportUnknownPropertyError ../darwin_arm64-fastbuild-ST-fdfa
778d11ba/bin/packages/core/src/render3/component_ref.ts:[2m575:6[22m[39m
[36m [2mΓ¥»[22m setup src/app/shared/components/reading-progress-bar/reading
-progress-bar.component.spec.ts:[2m19:63[22m[39m
    [90m 17|[39m     })[33m;[39m
    [90m 18|[39m     const fixture = 
TestBed.createComponent(ReadingProgressBarComponenΓÇª
    [90m 19|[39m     if (inputs.percentage !== undefined) 
fixture.componentRef.setInputΓÇª
    [90m   |[39m                                                             
  [31m^[39m
    [90m 20|[39m     if (inputs.currentPage !== undefined) 
fixture.componentRef.setInpuΓÇª
    [90m 21|[39m     if (inputs.totalPages !== undefined) 
fixture.componentRef.setInputΓÇª
[90m [2mΓ¥»[22m src/app/shared/components/reading-progress-bar/reading-progr
ess-bar.component.spec.ts:[2m32:31[22m[39m

[31m[2mΓÄ»ΓÄ»ΓÄ»ΓÄ»ΓÄ»ΓÄ»ΓÄ»ΓÄ»ΓÄ»ΓÄ»ΓÄ»ΓÄ»ΓÄ»ΓÄ»ΓÄ»ΓÄ»ΓÄ»ΓÄ»ΓÄ»ΓÄ»ΓÄ»ΓÄ»ΓÄ»Γ
Ä»ΓÄ»ΓÄ»ΓÄ»ΓÄ»ΓÄ»ΓÄ»[22m[39m
[31m[1mSerialized Error:[22m[39m [90m{ code: 303 }[39m
[31m[2mΓÄ»ΓÄ»ΓÄ»ΓÄ»ΓÄ»ΓÄ»ΓÄ»ΓÄ»ΓÄ»ΓÄ»ΓÄ»ΓÄ»ΓÄ»ΓÄ»ΓÄ»ΓÄ»ΓÄ»ΓÄ»ΓÄ»ΓÄ»[114/140]Γ
Ä»[22m[39m

[41m[1m FAIL [22m[49m src/app/shared/components/reading-progress-bar/readin
g-progress-bar.component.spec.ts[2m > [22mReadingProgressBarComponent[2m > 
[22msets aria-valuenow to the percentage
[31m[1mError[22m: NG0303: Can't set value of the 'percentage' input on the 
'ReadingProgressBarComponent' component. Make sure that the 'percentage' 
property is declared as an input using the input() or model() function or the 
@Input() decorator.[39m
[90m [2mΓ¥»[22m reportUnknownPropertyError ../darwin_arm64-fastbuild-ST-fdfa
778d11ba/bin/packages/core/src/render3/instructions/element_validation.ts:[2m2
28:10[22m[39m
[90m [2mΓ¥»[22m reportUnknownPropertyError ../darwin_arm64-fastbuild-ST-fdfa
778d11ba/bin/packages/core/src/render3/component_ref.ts:[2m575:6[22m[39m
[36m [2mΓ¥»[22m setup src/app/shared/components/reading-progress-bar/reading
-progress-bar.component.spec.ts:[2m19:63[22m[39m
    [90m 17|[39m     })[33m;[39m
    [90m 18|[39m     const fixture = 
TestBed.createComponent(ReadingProgressBarComponenΓÇª
    [90m 19|[39m     if (inputs.percentage !== undefined) 
fixture.componentRef.setInputΓÇª
    [90m   |[39m                                                             
  [31m^[39m
    [90m 20|[39m     if (inputs.currentPage !== undefined) 
fixture.componentRef.setInpuΓÇª
    [90m 21|[39m     if (inputs.totalPages !== undefined) 
fixture.componentRef.setInputΓÇª
[90m [2mΓ¥»[22m src/app/shared/components/reading-progress-bar/reading-progr
ess-bar.component.spec.ts:[2m38:31[22m[39m

[31m[2mΓÄ»ΓÄ»ΓÄ»ΓÄ»ΓÄ»ΓÄ»ΓÄ»ΓÄ»ΓÄ»ΓÄ»ΓÄ»ΓÄ»ΓÄ»ΓÄ»ΓÄ»ΓÄ»ΓÄ»ΓÄ»ΓÄ»ΓÄ»ΓÄ»ΓÄ»ΓÄ»Γ
Ä»ΓÄ»ΓÄ»ΓÄ»ΓÄ»ΓÄ»ΓÄ»[22m[39m
[31m[1mSerialized Error:[22m[39m [90m{ code: 303 }[39m
[31m[2mΓÄ»ΓÄ»ΓÄ»ΓÄ»ΓÄ»ΓÄ»ΓÄ»ΓÄ»ΓÄ»ΓÄ»ΓÄ»ΓÄ»ΓÄ»ΓÄ»ΓÄ»ΓÄ»ΓÄ»ΓÄ»ΓÄ»ΓÄ»[115/140]Γ
Ä»[22m[39m

[41m[1m FAIL [22m[49m src/app/shared/components/reading-progress-bar/readin
g-progress-bar.component.spec.ts[2m > [22mReadingProgressBarComponent[2m > 
[22msets aria-valuemin to 0 and aria-valuemax to 100
[31m[1mError[22m: NG0303: Can't set value of the 'percentage' input on the 
'ReadingProgressBarComponent' component. Make sure that the 'percentage' 
property is declared as an input using the input() or model() function or the 
@Input() decorator.[39m
[90m [2mΓ¥»[22m reportUnknownPropertyError ../darwin_arm64-fastbuild-ST-fdfa
778d11ba/bin/packages/core/src/render3/instructions/element_validation.ts:[2m2
28:10[22m[39m
[90m [2mΓ¥»[22m reportUnknownPropertyError ../darwin_arm64-fastbuild-ST-fdfa
778d11ba/bin/packages/core/src/render3/component_ref.ts:[2m575:6[22m[39m
[36m [2mΓ¥»[22m setup src/app/shared/components/reading-progress-bar/reading
-progress-bar.component.spec.ts:[2m19:63[22m[39m
    [90m 17|[39m     })[33m;[39m
    [90m 18|[39m     const fixture = 
TestBed.createComponent(ReadingProgressBarComponenΓÇª
    [90m 19|[39m     if (inputs.percentage !== undefined) 
fixture.componentRef.setInputΓÇª
    [90m   |[39m                                                             
  [31m^[39m
    [90m 20|[39m     if (inputs.currentPage !== undefined) 
fixture.componentRef.setInpuΓÇª
    [90m 21|[39m     if (inputs.totalPages !== undefined) 
fixture.componentRef.setInputΓÇª
[90m [2mΓ¥»[22m src/app/shared/components/reading-progress-bar/reading-progr
ess-bar.component.spec.ts:[2m44:31[22m[39m

[31m[2mΓÄ»ΓÄ»ΓÄ»ΓÄ»ΓÄ»ΓÄ»ΓÄ»ΓÄ»ΓÄ»ΓÄ»ΓÄ»ΓÄ»ΓÄ»ΓÄ»ΓÄ»ΓÄ»ΓÄ»ΓÄ»ΓÄ»ΓÄ»ΓÄ»ΓÄ»ΓÄ»Γ
Ä»ΓÄ»ΓÄ»ΓÄ»ΓÄ»ΓÄ»ΓÄ»[22m[39m
[31m[1mSerialized Error:[22m[39m [90m{ code: 303 }[39m
[31m[2mΓÄ»ΓÄ»ΓÄ»ΓÄ»ΓÄ»ΓÄ»ΓÄ»ΓÄ»ΓÄ»ΓÄ»ΓÄ»ΓÄ»ΓÄ»ΓÄ»ΓÄ»ΓÄ»ΓÄ»ΓÄ»ΓÄ»ΓÄ»[116/140]Γ
Ä»[22m[39m

[41m[1m FAIL [22m[49m src/app/shared/components/reading-progress-bar/readin
g-progress-bar.component.spec.ts[2m > [22mReadingProgressBarComponent[2m > 
[22mfills progress bar to the given percentage
[31m[1mError[22m: NG0303: Can't set value of the 'percentage' input on the 
'ReadingProgressBarComponent' component. Make sure that the 'percentage' 
property is declared as an input using the input() or model() function or the 
@Input() decorator.[39m
[90m [2mΓ¥»[22m reportUnknownPropertyError ../darwin_arm64-fastbuild-ST-fdfa
778d11ba/bin/packages/core/src/render3/instructions/element_validation.ts:[2m2
28:10[22m[39m
[90m [2mΓ¥»[22m reportUnknownPropertyError ../darwin_arm64-fastbuild-ST-fdfa
778d11ba/bin/packages/core/src/render3/component_ref.ts:[2m575:6[22m[39m
[36m [2mΓ¥»[22m setup src/app/shared/components/reading-progress-bar/reading
-progress-bar.component.spec.ts:[2m19:63[22m[39m
    [90m 17|[39m     })[33m;[39m
    [90m 18|[39m     const fixture = 
TestBed.createComponent(ReadingProgressBarComponenΓÇª
    [90m 19|[39m     if (inputs.percentage !== undefined) 
fixture.componentRef.setInputΓÇª
    [90m   |[39m                                                             
  [31m^[39m
    [90m 20|[39m     if (inputs.currentPage !== undefined) 
fixture.componentRef.setInpuΓÇª
    [90m 21|[39m     if (inputs.totalPages !== undefined) 
fixture.componentRef.setInputΓÇª
[90m [2mΓ¥»[22m src/app/shared/components/reading-progress-bar/reading-progr
ess-bar.component.spec.ts:[2m51:31[22m[39m

[31m[2mΓÄ»ΓÄ»ΓÄ»ΓÄ»ΓÄ»ΓÄ»ΓÄ»ΓÄ»ΓÄ»ΓÄ»ΓÄ»ΓÄ»ΓÄ»ΓÄ»ΓÄ»ΓÄ»ΓÄ»ΓÄ»ΓÄ»ΓÄ»ΓÄ»ΓÄ»ΓÄ»Γ
Ä»ΓÄ»ΓÄ»ΓÄ»ΓÄ»ΓÄ»ΓÄ»[22m[39m
[31m[1mSerialized Error:[22m[39m [90m{ code: 303 }[39m
[31m[2mΓÄ»ΓÄ»ΓÄ»ΓÄ»ΓÄ»ΓÄ»ΓÄ»ΓÄ»ΓÄ»ΓÄ»ΓÄ»ΓÄ»ΓÄ»ΓÄ»ΓÄ»ΓÄ»ΓÄ»ΓÄ»ΓÄ»ΓÄ»[117/140]Γ
Ä»[22m[39m

[41m[1m FAIL [22m[49m src/app/shared/components/reading-progress-bar/readin
g-progress-bar.component.spec.ts[2m > [22mReadingProgressBarComponent[2m > 
[22mshows label by default
[31m[1mError[22m: NG0303: Can't set value of the 'percentage' input on the 
'ReadingProgressBarComponent' component. Make sure that the 'percentage' 
property is declared as an input using the input() or model() function or the 
@Input() decorator.[39m
[90m [2mΓ¥»[22m reportUnknownPropertyError ../darwin_arm64-fastbuild-ST-fdfa
778d11ba/bin/packages/core/src/render3/instructions/element_validation.ts:[2m2
28:10[22m[39m
[90m [2mΓ¥»[22m reportUnknownPropertyError ../darwin_arm64-fastbuild-ST-fdfa
778d11ba/bin/packages/core/src/render3/component_ref.ts:[2m575:6[22m[39m
[36m [2mΓ¥»[22m setup src/app/shared/components/reading-progress-bar/reading
-progress-bar.component.spec.ts:[2m19:63[22m[39m
    [90m 17|[39m     })[33m;[39m
    [90m 18|[39m     const fixture = 
TestBed.createComponent(ReadingProgressBarComponenΓÇª
    [90m 19|[39m     if (inputs.percentage !== undefined) 
fixture.componentRef.setInputΓÇª
    [90m   |[39m                                                             
  [31m^[39m
    [90m 20|[39m     if (inputs.currentPage !== undefined) 
fixture.componentRef.setInpuΓÇª
    [90m 21|[39m     if (inputs.totalPages !== undefined) 
fixture.componentRef.setInputΓÇª
[90m [2mΓ¥»[22m src/app/shared/components/reading-progress-bar/reading-progr
ess-bar.component.spec.ts:[2m57:31[22m[39m

[31m[2mΓÄ»ΓÄ»ΓÄ»ΓÄ»ΓÄ»ΓÄ»ΓÄ»ΓÄ»ΓÄ»ΓÄ»ΓÄ»ΓÄ»ΓÄ»ΓÄ»ΓÄ»ΓÄ»ΓÄ»ΓÄ»ΓÄ»ΓÄ»ΓÄ»ΓÄ»ΓÄ»Γ
Ä»ΓÄ»ΓÄ»ΓÄ»ΓÄ»ΓÄ»ΓÄ»[22m[39m
[31m[1mSerialized Error:[22m[39m [90m{ code: 303 }[39m
[31m[2mΓÄ»ΓÄ»ΓÄ»ΓÄ»ΓÄ»ΓÄ»ΓÄ»ΓÄ»ΓÄ»ΓÄ»ΓÄ»ΓÄ»ΓÄ»ΓÄ»ΓÄ»ΓÄ»ΓÄ»ΓÄ»ΓÄ»ΓÄ»[118/140]Γ
Ä»[22m[39m

[41m[1m FAIL [22m[49m src/app/shared/components/reading-progress-bar/readin
g-progress-bar.component.spec.ts[2m > [22mReadingProgressBarComponent[2m > 
[22mhides label when showLabel is false
[31m[1mError[22m: NG0303: Can't set value of the 'percentage' input on the 
'ReadingProgressBarComponent' component. Make sure that the 'percentage' 
property is declared as an input using the input() or model() function or the 
@Input() decorator.[39m
[90m [2mΓ¥»[22m reportUnknownPropertyError ../darwin_arm64-fastbuild-ST-fdfa
778d11ba/bin/packages/core/src/render3/instructions/element_validation.ts:[2m2
28:10[22m[39m
[90m [2mΓ¥»[22m reportUnknownPropertyError ../darwin_arm64-fastbuild-ST-fdfa
778d11ba/bin/packages/core/src/render3/component_ref.ts:[2m575:6[22m[39m
[36m [2mΓ¥»[22m setup src/app/shared/components/reading-progress-bar/reading
-progress-bar.component.spec.ts:[2m19:63[22m[39m
    [90m 17|[39m     })[33m;[39m
    [90m 18|[39m     const fixture = 
TestBed.createComponent(ReadingProgressBarComponenΓÇª
    [90m 19|[39m     if (inputs.percentage !== undefined) 
fixture.componentRef.setInputΓÇª
    [90m   |[39m                                                             
  [31m^[39m
    [90m 20|[39m     if (inputs.currentPage !== undefined) 
fixture.componentRef.setInpuΓÇª
    [90m 21|[39m     if (inputs.totalPages !== undefined) 
fixture.componentRef.setInputΓÇª
[90m [2mΓ¥»[22m src/app/shared/components/reading-progress-bar/reading-progr
ess-bar.component.spec.ts:[2m62:31[22m[39m

[31m[2mΓÄ»ΓÄ»ΓÄ»ΓÄ»ΓÄ»ΓÄ»ΓÄ»ΓÄ»ΓÄ»ΓÄ»ΓÄ»ΓÄ»ΓÄ»ΓÄ»ΓÄ»ΓÄ»ΓÄ»ΓÄ»ΓÄ»ΓÄ»ΓÄ»ΓÄ»ΓÄ»Γ
Ä»ΓÄ»ΓÄ»ΓÄ»ΓÄ»ΓÄ»ΓÄ»[22m[39m
[31m[1mSerialized Error:[22m[39m [90m{ code: 303 }[39m
[31m[2mΓÄ»ΓÄ»ΓÄ»ΓÄ»ΓÄ»ΓÄ»ΓÄ»ΓÄ»ΓÄ»ΓÄ»ΓÄ»ΓÄ»ΓÄ»ΓÄ»ΓÄ»ΓÄ»ΓÄ»ΓÄ»ΓÄ»ΓÄ»[119/140]Γ
Ä»[22m[39m

[41m[1m FAIL [22m[49m src/app/shared/components/reading-progress-bar/readin
g-progress-bar.component.spec.ts[2m > [22mReadingProgressBarComponent[2m > 
[22mshows percentage text in label
[31m[1mError[22m: NG0303: Can't set value of the 'percentage' input on the 
'ReadingProgressBarComponent' component. Make sure that the 'percentage' 
property is declared as an input using the input() or model() function or the 
@Input() decorator.[39m
[90m [2mΓ¥»[22m reportUnknownPropertyError ../darwin_arm64-fastbuild-ST-fdfa
778d11ba/bin/packages/core/src/render3/instructions/element_validation.ts:[2m2
28:10[22m[39m
[90m [2mΓ¥»[22m reportUnknownPropertyError ../darwin_arm64-fastbuild-ST-fdfa
778d11ba/bin/packages/core/src/render3/component_ref.ts:[2m575:6[22m[39m
[36m [2mΓ¥»[22m setup src/app/shared/components/reading-progress-bar/reading
-progress-bar.component.spec.ts:[2m19:63[22m[39m
    [90m 17|[39m     })[33m;[39m
    [90m 18|[39m     const fixture = 
TestBed.createComponent(ReadingProgressBarComponenΓÇª
    [90m 19|[39m     if (inputs.percentage !== undefined) 
fixture.componentRef.setInputΓÇª
    [90m   |[39m                                                             
  [31m^[39m
    [90m 20|[39m     if (inputs.currentPage !== undefined) 
fixture.componentRef.setInpuΓÇª
    [90m 21|[39m     if (inputs.totalPages !== undefined) 
fixture.componentRef.setInputΓÇª
[90m [2mΓ¥»[22m src/app/shared/components/reading-progress-bar/reading-progr
ess-bar.component.spec.ts:[2m67:31[22m[39m

[31m[2mΓÄ»ΓÄ»ΓÄ»ΓÄ»ΓÄ»ΓÄ»ΓÄ»ΓÄ»ΓÄ»ΓÄ»ΓÄ»ΓÄ»ΓÄ»ΓÄ»ΓÄ»ΓÄ»ΓÄ»ΓÄ»ΓÄ»ΓÄ»ΓÄ»ΓÄ»ΓÄ»Γ
Ä»ΓÄ»ΓÄ»ΓÄ»ΓÄ»ΓÄ»ΓÄ»[22m[39m
[31m[1mSerialized Error:[22m[39m [90m{ code: 303 }[39m
[31m[2mΓÄ»ΓÄ»ΓÄ»ΓÄ»ΓÄ»ΓÄ»ΓÄ»ΓÄ»ΓÄ»ΓÄ»ΓÄ»ΓÄ»ΓÄ»ΓÄ»ΓÄ»ΓÄ»ΓÄ»ΓÄ»ΓÄ»ΓÄ»[120/140]Γ
Ä»[22m[39m

[41m[1m FAIL [22m[49m src/app/shared/components/reading-progress-bar/readin
g-progress-bar.component.spec.ts[2m > [22mReadingProgressBarComponent[2m > 
[22mshows page count when currentPage and totalPages are set
[31m[1mError[22m: NG0303: Can't set value of the 'percentage' input on the 
'ReadingProgressBarComponent' component. Make sure that the 'percentage' 
property is declared as an input using the input() or model() function or the 
@Input() decorator.[39m
[90m [2mΓ¥»[22m reportUnknownPropertyError ../darwin_arm64-fastbuild-ST-fdfa
778d11ba/bin/packages/core/src/render3/instructions/element_validation.ts:[2m2
28:10[22m[39m
[90m [2mΓ¥»[22m reportUnknownPropertyError ../darwin_arm64-fastbuild-ST-fdfa
778d11ba/bin/packages/core/src/render3/component_ref.ts:[2m575:6[22m[39m
[36m [2mΓ¥»[22m setup src/app/shared/components/reading-progress-bar/reading
-progress-bar.component.spec.ts:[2m19:63[22m[39m
    [90m 17|[39m     })[33m;[39m
    [90m 18|[39m     const fixture = 
TestBed.createComponent(ReadingProgressBarComponenΓÇª
    [90m 19|[39m     if (inputs.percentage !== undefined) 
fixture.componentRef.setInputΓÇª
    [90m   |[39m                                                             
  [31m^[39m
    [90m 20|[39m     if (inputs.currentPage !== undefined) 
fixture.componentRef.setInpuΓÇª
    [90m 21|[39m     if (inputs.totalPages !== undefined) 
fixture.componentRef.setInputΓÇª
[90m [2mΓ¥»[22m src/app/shared/components/reading-progress-bar/reading-progr
ess-bar.component.spec.ts:[2m72:31[22m[39m

[31m[2mΓÄ»ΓÄ»ΓÄ»ΓÄ»ΓÄ»ΓÄ»ΓÄ»ΓÄ»ΓÄ»ΓÄ»ΓÄ»ΓÄ»ΓÄ»ΓÄ»ΓÄ»ΓÄ»ΓÄ»ΓÄ»ΓÄ»ΓÄ»ΓÄ»ΓÄ»ΓÄ»Γ
Ä»ΓÄ»ΓÄ»ΓÄ»ΓÄ»ΓÄ»ΓÄ»[22m[39m
[31m[1mSerialized Error:[22m[39m [90m{ code: 303 }[39m
[31m[2mΓÄ»ΓÄ»ΓÄ»ΓÄ»ΓÄ»ΓÄ»ΓÄ»ΓÄ»ΓÄ»ΓÄ»ΓÄ»ΓÄ»ΓÄ»ΓÄ»ΓÄ»ΓÄ»ΓÄ»ΓÄ»ΓÄ»ΓÄ»[121/140]Γ
Ä»[22m[39m

[41m[1m FAIL [22m[49m src/app/shared/components/reading-progress-bar/readin
g-progress-bar.component.spec.ts[2m > [22mReadingProgressBarComponent[2m > 
[22momits page text when currentPage is null
[31m[1mError[22m: NG0303: Can't set value of the 'percentage' input on the 
'ReadingProgressBarComponent' component. Make sure that the 'percentage' 
property is declared as an input using the input() or model() function or the 
@Input() decorator.[39m
[90m [2mΓ¥»[22m reportUnknownPropertyError ../darwin_arm64-fastbuild-ST-fdfa
778d11ba/bin/packages/core/src/render3/instructions/element_validation.ts:[2m2
28:10[22m[39m
[90m [2mΓ¥»[22m reportUnknownPropertyError ../darwin_arm64-fastbuild-ST-fdfa
778d11ba/bin/packages/core/src/render3/component_ref.ts:[2m575:6[22m[39m
[36m [2mΓ¥»[22m setup src/app/shared/components/reading-progress-bar/reading
-progress-bar.component.spec.ts:[2m19:63[22m[39m
    [90m 17|[39m     })[33m;[39m
    [90m 18|[39m     const fixture = 
TestBed.createComponent(ReadingProgressBarComponenΓÇª
    [90m 19|[39m     if (inputs.percentage !== undefined) 
fixture.componentRef.setInputΓÇª
    [90m   |[39m                                                             
  [31m^[39m
    [90m 20|[39m     if (inputs.currentPage !== undefined) 
fixture.componentRef.setInpuΓÇª
    [90m 21|[39m     if (inputs.totalPages !== undefined) 
fixture.componentRef.setInputΓÇª
[90m [2mΓ¥»[22m src/app/shared/components/reading-progress-bar/reading-progr
ess-bar.component.spec.ts:[2m77:31[22m[39m

[31m[2mΓÄ»ΓÄ»ΓÄ»ΓÄ»ΓÄ»ΓÄ»ΓÄ»ΓÄ»ΓÄ»ΓÄ»ΓÄ»ΓÄ»ΓÄ»ΓÄ»ΓÄ»ΓÄ»ΓÄ»ΓÄ»ΓÄ»ΓÄ»ΓÄ»ΓÄ»ΓÄ»Γ
Ä»ΓÄ»ΓÄ»ΓÄ»ΓÄ»ΓÄ»ΓÄ»[22m[39m
[31m[1mSerialized Error:[22m[39m [90m{ code: 303 }[39m
[31m[2mΓÄ»ΓÄ»ΓÄ»ΓÄ»ΓÄ»ΓÄ»ΓÄ»ΓÄ»ΓÄ»ΓÄ»ΓÄ»ΓÄ»ΓÄ»ΓÄ»ΓÄ»ΓÄ»ΓÄ»ΓÄ»ΓÄ»ΓÄ»[122/140]Γ
Ä»[22m[39m

[41m[1m FAIL [22m[49m src/app/shared/components/reading-progress-bar/readin
g-progress-bar.component.spec.ts[2m > [22mReadingProgressBarComponent[2m > 
[22momits page text when totalPages is null
[31m[1mError[22m: NG0303: Can't set value of the 'percentage' input on the 
'ReadingProgressBarComponent' component. Make sure that the 'percentage' 
property is declared as an input using the input() or model() function or the 
@Input() decorator.[39m
[90m [2mΓ¥»[22m reportUnknownPropertyError ../darwin_arm64-fastbuild-ST-fdfa
778d11ba/bin/packages/core/src/render3/instructions/element_validation.ts:[2m2
28:10[22m[39m
[90m [2mΓ¥»[22m reportUnknownPropertyError ../darwin_arm64-fastbuild-ST-fdfa
778d11ba/bin/packages/core/src/render3/component_ref.ts:[2m575:6[22m[39m
[36m [2mΓ¥»[22m setup src/app/shared/components/reading-progress-bar/reading
-progress-bar.component.spec.ts:[2m19:63[22m[39m
    [90m 17|[39m     })[33m;[39m
    [90m 18|[39m     const fixture = 
TestBed.createComponent(ReadingProgressBarComponenΓÇª
    [90m 19|[39m     if (inputs.percentage !== undefined) 
fixture.componentRef.setInputΓÇª
    [90m   |[39m                                                             
  [31m^[39m
    [90m 20|[39m     if (inputs.currentPage !== undefined) 
fixture.componentRef.setInpuΓÇª
    [90m 21|[39m     if (inputs.totalPages !== undefined) 
fixture.componentRef.setInputΓÇª
[90m [2mΓ¥»[22m src/app/shared/components/reading-progress-bar/reading-progr
ess-bar.component.spec.ts:[2m82:31[22m[39m

[31m[2mΓÄ»ΓÄ»ΓÄ»ΓÄ»ΓÄ»ΓÄ»ΓÄ»ΓÄ»ΓÄ»ΓÄ»ΓÄ»ΓÄ»ΓÄ»ΓÄ»ΓÄ»ΓÄ»ΓÄ»ΓÄ»ΓÄ»ΓÄ»ΓÄ»ΓÄ»ΓÄ»Γ
Ä»ΓÄ»ΓÄ»ΓÄ»ΓÄ»ΓÄ»ΓÄ»[22m[39m
[31m[1mSerialized Error:[22m[39m [90m{ code: 303 }[39m
[31m[2mΓÄ»ΓÄ»ΓÄ»ΓÄ»ΓÄ»ΓÄ»ΓÄ»ΓÄ»ΓÄ»ΓÄ»ΓÄ»ΓÄ»ΓÄ»ΓÄ»ΓÄ»ΓÄ»ΓÄ»ΓÄ»ΓÄ»ΓÄ»[123/140]Γ
Ä»[22m[39m

[41m[1m FAIL [22m[49m 
src/app/shared/components/star-rating/star-rating.component.spec.ts[2m > 
[22mStarRatingComponent[2m > [22mmarks correct number of stars as filled 
for rating=3
[31m[1mError[22m: NG0303: Can't set value of the 'rating' input on the 
'StarRatingComponent' component. Make sure that the 'rating' property is 
declared as an input using the input() or model() function or the @Input() 
decorator.[39m
[90m [2mΓ¥»[22m reportUnknownPropertyError ../darwin_arm64-fastbuild-ST-fdfa
778d11ba/bin/packages/core/src/render3/instructions/element_validation.ts:[2m2
28:10[22m[39m
[90m [2mΓ¥»[22m reportUnknownPropertyError ../darwin_arm64-fastbuild-ST-fdfa
778d11ba/bin/packages/core/src/render3/component_ref.ts:[2m575:6[22m[39m
[36m [2mΓ¥»[22m setup src/app/shared/components/star-rating/star-rating.comp
onent.spec.ts:[2m14:59[22m[39m
    [90m 12|[39m     })[33m;[39m
    [90m 13|[39m     [35mconst[39m fixture [33m=[39m [33mTestBed[39m[3
3m.[39m[34mcreateComponent[39m([33mStarRatingComponent[39m)[33m;[39m
    [90m 14|[39m     if (inputs.rating !== undefined) 
fixture.componentRef.setInput('raΓÇª
    [90m   |[39m                                                           
[31m^[39m
    [90m 15|[39m     if (inputs.readonly !== undefined) 
fixture.componentRef.setInput('ΓÇª
    [90m 16|[39m     fixture[33m.[39m[34mdetectChanges[39m()[33m;[39m
[90m [2mΓ¥»[22m src/app/shared/components/star-rating/star-rating.component.
spec.ts:[2m30:31[22m[39m

[31m[2mΓÄ»ΓÄ»ΓÄ»ΓÄ»ΓÄ»ΓÄ»ΓÄ»ΓÄ»ΓÄ»ΓÄ»ΓÄ»ΓÄ»ΓÄ»ΓÄ»ΓÄ»ΓÄ»ΓÄ»ΓÄ»ΓÄ»ΓÄ»ΓÄ»ΓÄ»ΓÄ»Γ
Ä»ΓÄ»ΓÄ»ΓÄ»ΓÄ»ΓÄ»ΓÄ»[22m[39m
[31m[1mSerialized Error:[22m[39m [90m{ code: 303 }[39m
[31m[2mΓÄ»ΓÄ»ΓÄ»ΓÄ»ΓÄ»ΓÄ»ΓÄ»ΓÄ»ΓÄ»ΓÄ»ΓÄ»ΓÄ»ΓÄ»ΓÄ»ΓÄ»ΓÄ»ΓÄ»ΓÄ»ΓÄ»ΓÄ»[124/140]Γ
Ä»[22m[39m

[41m[1m FAIL [22m[49m 
src/app/shared/components/star-rating/star-rating.component.spec.ts[2m > 
[22mStarRatingComponent[2m > [22mmarks all stars as unfilled when rating is 
null
[31m[1mError[22m: NG0303: Can't set value of the 'rating' input on the 
'StarRatingComponent' component. Make sure that the 'rating' property is 
declared as an input using the input() or model() function or the @Input() 
decorator.[39m
[90m [2mΓ¥»[22m reportUnknownPropertyError ../darwin_arm64-fastbuild-ST-fdfa
778d11ba/bin/packages/core/src/render3/instructions/element_validation.ts:[2m2
28:10[22m[39m
[90m [2mΓ¥»[22m reportUnknownPropertyError ../darwin_arm64-fastbuild-ST-fdfa
778d11ba/bin/packages/core/src/render3/component_ref.ts:[2m575:6[22m[39m
[36m [2mΓ¥»[22m setup src/app/shared/components/star-rating/star-rating.comp
onent.spec.ts:[2m14:59[22m[39m
    [90m 12|[39m     })[33m;[39m
    [90m 13|[39m     [35mconst[39m fixture [33m=[39m [33mTestBed[39m[3
3m.[39m[34mcreateComponent[39m([33mStarRatingComponent[39m)[33m;[39m
    [90m 14|[39m     if (inputs.rating !== undefined) 
fixture.componentRef.setInput('raΓÇª
    [90m   |[39m                                                           
[31m^[39m
    [90m 15|[39m     if (inputs.readonly !== undefined) 
fixture.componentRef.setInput('ΓÇª
    [90m 16|[39m     fixture[33m.[39m[34mdetectChanges[39m()[33m;[39m
[90m [2mΓ¥»[22m src/app/shared/components/star-rating/star-rating.component.
spec.ts:[2m37:31[22m[39m

[31m[2mΓÄ»ΓÄ»ΓÄ»ΓÄ»ΓÄ»ΓÄ»ΓÄ»ΓÄ»ΓÄ»ΓÄ»ΓÄ»ΓÄ»ΓÄ»ΓÄ»ΓÄ»ΓÄ»ΓÄ»ΓÄ»ΓÄ»ΓÄ»ΓÄ»ΓÄ»ΓÄ»Γ
Ä»ΓÄ»ΓÄ»ΓÄ»ΓÄ»ΓÄ»ΓÄ»[22m[39m
[31m[1mSerialized Error:[22m[39m [90m{ code: 303 }[39m
[31m[2mΓÄ»ΓÄ»ΓÄ»ΓÄ»ΓÄ»ΓÄ»ΓÄ»ΓÄ»ΓÄ»ΓÄ»ΓÄ»ΓÄ»ΓÄ»ΓÄ»ΓÄ»ΓÄ»ΓÄ»ΓÄ»ΓÄ»ΓÄ»[125/140]Γ
Ä»[22m[39m

[41m[1m FAIL [22m[49m 
src/app/shared/components/star-rating/star-rating.component.spec.ts[2m > 
[22mStarRatingComponent[2m > [22mmarks all 5 stars filled for rating=5
[31m[1mError[22m: NG0303: Can't set value of the 'rating' input on the 
'StarRatingComponent' component. Make sure that the 'rating' property is 
declared as an input using the input() or model() function or the @Input() 
decorator.[39m
[90m [2mΓ¥»[22m reportUnknownPropertyError ../darwin_arm64-fastbuild-ST-fdfa
778d11ba/bin/packages/core/src/render3/instructions/element_validation.ts:[2m2
28:10[22m[39m
[90m [2mΓ¥»[22m reportUnknownPropertyError ../darwin_arm64-fastbuild-ST-fdfa
778d11ba/bin/packages/core/src/render3/component_ref.ts:[2m575:6[22m[39m
[36m [2mΓ¥»[22m setup src/app/shared/components/star-rating/star-rating.comp
onent.spec.ts:[2m14:59[22m[39m
    [90m 12|[39m     })[33m;[39m
    [90m 13|[39m     [35mconst[39m fixture [33m=[39m [33mTestBed[39m[3
3m.[39m[34mcreateComponent[39m([33mStarRatingComponent[39m)[33m;[39m
    [90m 14|[39m     if (inputs.rating !== undefined) 
fixture.componentRef.setInput('raΓÇª
    [90m   |[39m                                                           
[31m^[39m
    [90m 15|[39m     if (inputs.readonly !== undefined) 
fixture.componentRef.setInput('ΓÇª
    [90m 16|[39m     fixture[33m.[39m[34mdetectChanges[39m()[33m;[39m
[90m [2mΓ¥»[22m src/app/shared/components/star-rating/star-rating.component.
spec.ts:[2m43:31[22m[39m

[31m[2mΓÄ»ΓÄ»ΓÄ»ΓÄ»ΓÄ»ΓÄ»ΓÄ»ΓÄ»ΓÄ»ΓÄ»ΓÄ»ΓÄ»ΓÄ»ΓÄ»ΓÄ»ΓÄ»ΓÄ»ΓÄ»ΓÄ»ΓÄ»ΓÄ»ΓÄ»ΓÄ»Γ
Ä»ΓÄ»ΓÄ»ΓÄ»ΓÄ»ΓÄ»ΓÄ»[22m[39m
[31m[1mSerialized Error:[22m[39m [90m{ code: 303 }[39m
[31m[2mΓÄ»ΓÄ»ΓÄ»ΓÄ»ΓÄ»ΓÄ»ΓÄ»ΓÄ»ΓÄ»ΓÄ»ΓÄ»ΓÄ»ΓÄ»ΓÄ»ΓÄ»ΓÄ»ΓÄ»ΓÄ»ΓÄ»ΓÄ»[126/140]Γ
Ä»[22m[39m

[41m[1m FAIL [22m[49m 
src/app/shared/components/star-rating/star-rating.component.spec.ts[2m > 
[22mStarRatingComponent[2m > [22memits rateChange when a star is clicked
[31m[1mError[22m: NG0303: Can't set value of the 'rating' input on the 
'StarRatingComponent' component. Make sure that the 'rating' property is 
declared as an input using the input() or model() function or the @Input() 
decorator.[39m
[90m [2mΓ¥»[22m reportUnknownPropertyError ../darwin_arm64-fastbuild-ST-fdfa
778d11ba/bin/packages/core/src/render3/instructions/element_validation.ts:[2m2
28:10[22m[39m
[90m [2mΓ¥»[22m reportUnknownPropertyError ../darwin_arm64-fastbuild-ST-fdfa
778d11ba/bin/packages/core/src/render3/component_ref.ts:[2m575:6[22m[39m
[36m [2mΓ¥»[22m setup src/app/shared/components/star-rating/star-rating.comp
onent.spec.ts:[2m14:59[22m[39m
    [90m 12|[39m     })[33m;[39m
    [90m 13|[39m     [35mconst[39m fixture [33m=[39m [33mTestBed[39m[3
3m.[39m[34mcreateComponent[39m([33mStarRatingComponent[39m)[33m;[39m
    [90m 14|[39m     if (inputs.rating !== undefined) 
fixture.componentRef.setInput('raΓÇª
    [90m   |[39m                                                           
[31m^[39m
    [90m 15|[39m     if (inputs.readonly !== undefined) 
fixture.componentRef.setInput('ΓÇª
    [90m 16|[39m     fixture[33m.[39m[34mdetectChanges[39m()[33m;[39m
[90m [2mΓ¥»[22m src/app/shared/components/star-rating/star-rating.component.
spec.ts:[2m49:21[22m[39m

[31m[2mΓÄ»ΓÄ»ΓÄ»ΓÄ»ΓÄ»ΓÄ»ΓÄ»ΓÄ»ΓÄ»ΓÄ»ΓÄ»ΓÄ»ΓÄ»ΓÄ»ΓÄ»ΓÄ»ΓÄ»ΓÄ»ΓÄ»ΓÄ»ΓÄ»ΓÄ»ΓÄ»Γ
Ä»ΓÄ»ΓÄ»ΓÄ»ΓÄ»ΓÄ»ΓÄ»[22m[39m
[31m[1mSerialized Error:[22m[39m [90m{ code: 303 }[39m
[31m[2mΓÄ»ΓÄ»ΓÄ»ΓÄ»ΓÄ»ΓÄ»ΓÄ»ΓÄ»ΓÄ»ΓÄ»ΓÄ»ΓÄ»ΓÄ»ΓÄ»ΓÄ»ΓÄ»ΓÄ»ΓÄ»ΓÄ»ΓÄ»[127/140]Γ
Ä»[22m[39m

[41m[1m FAIL [22m[49m 
src/app/shared/components/star-rating/star-rating.component.spec.ts[2m > 
[22mStarRatingComponent[2m > [22memits the correct star value when clicked
[31m[1mError[22m: NG0303: Can't set value of the 'rating' input on the 
'StarRatingComponent' component. Make sure that the 'rating' property is 
declared as an input using the input() or model() function or the @Input() 
decorator.[39m
[90m [2mΓ¥»[22m reportUnknownPropertyError ../darwin_arm64-fastbuild-ST-fdfa
778d11ba/bin/packages/core/src/render3/instructions/element_validation.ts:[2m2
28:10[22m[39m
[90m [2mΓ¥»[22m reportUnknownPropertyError ../darwin_arm64-fastbuild-ST-fdfa
778d11ba/bin/packages/core/src/render3/component_ref.ts:[2m575:6[22m[39m
[36m [2mΓ¥»[22m setup src/app/shared/components/star-rating/star-rating.comp
onent.spec.ts:[2m14:59[22m[39m
    [90m 12|[39m     })[33m;[39m
    [90m 13|[39m     [35mconst[39m fixture [33m=[39m [33mTestBed[39m[3
3m.[39m[34mcreateComponent[39m([33mStarRatingComponent[39m)[33m;[39m
    [90m 14|[39m     if (inputs.rating !== undefined) 
fixture.componentRef.setInput('raΓÇª
    [90m   |[39m                                                           
[31m^[39m
    [90m 15|[39m     if (inputs.readonly !== undefined) 
fixture.componentRef.setInput('ΓÇª
    [90m 16|[39m     fixture[33m.[39m[34mdetectChanges[39m()[33m;[39m
[90m [2mΓ¥»[22m src/app/shared/components/star-rating/star-rating.component.
spec.ts:[2m58:21[22m[39m

[31m[2mΓÄ»ΓÄ»ΓÄ»ΓÄ»ΓÄ»ΓÄ»ΓÄ»ΓÄ»ΓÄ»ΓÄ»ΓÄ»ΓÄ»ΓÄ»ΓÄ»ΓÄ»ΓÄ»ΓÄ»ΓÄ»ΓÄ»ΓÄ»ΓÄ»ΓÄ»ΓÄ»Γ
Ä»ΓÄ»ΓÄ»ΓÄ»ΓÄ»ΓÄ»ΓÄ»[22m[39m
[31m[1mSerialized Error:[22m[39m [90m{ code: 303 }[39m
[31m[2mΓÄ»ΓÄ»ΓÄ»ΓÄ»ΓÄ»ΓÄ»ΓÄ»ΓÄ»ΓÄ»ΓÄ»ΓÄ»ΓÄ»ΓÄ»ΓÄ»ΓÄ»ΓÄ»ΓÄ»ΓÄ»ΓÄ»ΓÄ»[128/140]Γ
Ä»[22m[39m

[41m[1m FAIL [22m[49m 
src/app/shared/components/star-rating/star-rating.component.spec.ts[2m > 
[22mStarRatingComponent[2m > [22mdoes not emit rateChange when readonly and 
star is clicked
[31m[1mError[22m: NG0303: Can't set value of the 'rating' input on the 
'StarRatingComponent' component. Make sure that the 'rating' property is 
declared as an input using the input() or model() function or the @Input() 
decorator.[39m
[90m [2mΓ¥»[22m reportUnknownPropertyError ../darwin_arm64-fastbuild-ST-fdfa
778d11ba/bin/packages/core/src/render3/instructions/element_validation.ts:[2m2
28:10[22m[39m
[90m [2mΓ¥»[22m reportUnknownPropertyError ../darwin_arm64-fastbuild-ST-fdfa
778d11ba/bin/packages/core/src/render3/component_ref.ts:[2m575:6[22m[39m
[36m [2mΓ¥»[22m setup src/app/shared/components/star-rating/star-rating.comp
onent.spec.ts:[2m14:59[22m[39m
    [90m 12|[39m     })[33m;[39m
    [90m 13|[39m     [35mconst[39m fixture [33m=[39m [33mTestBed[39m[3
3m.[39m[34mcreateComponent[39m([33mStarRatingComponent[39m)[33m;[39m
    [90m 14|[39m     if (inputs.rating !== undefined) 
fixture.componentRef.setInput('raΓÇª
    [90m   |[39m                                                           
[31m^[39m
    [90m 15|[39m     if (inputs.readonly !== undefined) 
fixture.componentRef.setInput('ΓÇª
    [90m 16|[39m     fixture[33m.[39m[34mdetectChanges[39m()[33m;[39m
[90m [2mΓ¥»[22m src/app/shared/components/star-rating/star-rating.component.
spec.ts:[2m67:21[22m[39m

[31m[2mΓÄ»ΓÄ»ΓÄ»ΓÄ»ΓÄ»ΓÄ»ΓÄ»ΓÄ»ΓÄ»ΓÄ»ΓÄ»ΓÄ»ΓÄ»ΓÄ»ΓÄ»ΓÄ»ΓÄ»ΓÄ»ΓÄ»ΓÄ»ΓÄ»ΓÄ»ΓÄ»Γ
Ä»ΓÄ»ΓÄ»ΓÄ»ΓÄ»ΓÄ»ΓÄ»[22m[39m
[31m[1mSerialized Error:[22m[39m [90m{ code: 303 }[39m
[31m[2mΓÄ»ΓÄ»ΓÄ»ΓÄ»ΓÄ»ΓÄ»ΓÄ»ΓÄ»ΓÄ»ΓÄ»ΓÄ»ΓÄ»ΓÄ»ΓÄ»ΓÄ»ΓÄ»ΓÄ»ΓÄ»ΓÄ»ΓÄ»[129/140]Γ
Ä»[22m[39m

[41m[1m FAIL [22m[49m 
src/app/shared/components/star-rating/star-rating.component.spec.ts[2m > 
[22mStarRatingComponent[2m > [22mdisables all buttons when readonly is true
[31m[1mError[22m: NG0303: Can't set value of the 'rating' input on the 
'StarRatingComponent' component. Make sure that the 'rating' property is 
declared as an input using the input() or model() function or the @Input() 
decorator.[39m
[90m [2mΓ¥»[22m reportUnknownPropertyError ../darwin_arm64-fastbuild-ST-fdfa
778d11ba/bin/packages/core/src/render3/instructions/element_validation.ts:[2m2
28:10[22m[39m
[90m [2mΓ¥»[22m reportUnknownPropertyError ../darwin_arm64-fastbuild-ST-fdfa
778d11ba/bin/packages/core/src/render3/component_ref.ts:[2m575:6[22m[39m
[36m [2mΓ¥»[22m setup src/app/shared/components/star-rating/star-rating.comp
onent.spec.ts:[2m14:59[22m[39m
    [90m 12|[39m     })[33m;[39m
    [90m 13|[39m     [35mconst[39m fixture [33m=[39m [33mTestBed[39m[3
3m.[39m[34mcreateComponent[39m([33mStarRatingComponent[39m)[33m;[39m
    [90m 14|[39m     if (inputs.rating !== undefined) 
fixture.componentRef.setInput('raΓÇª
    [90m   |[39m                                                           
[31m^[39m
    [90m 15|[39m     if (inputs.readonly !== undefined) 
fixture.componentRef.setInput('ΓÇª
    [90m 16|[39m     fixture[33m.[39m[34mdetectChanges[39m()[33m;[39m
[90m [2mΓ¥»[22m src/app/shared/components/star-rating/star-rating.component.
spec.ts:[2m76:31[22m[39m

[31m[2mΓÄ»ΓÄ»ΓÄ»ΓÄ»ΓÄ»ΓÄ»ΓÄ»ΓÄ»ΓÄ»ΓÄ»ΓÄ»ΓÄ»ΓÄ»ΓÄ»ΓÄ»ΓÄ»ΓÄ»ΓÄ»ΓÄ»ΓÄ»ΓÄ»ΓÄ»ΓÄ»Γ
Ä»ΓÄ»ΓÄ»ΓÄ»ΓÄ»ΓÄ»ΓÄ»[22m[39m
[31m[1mSerialized Error:[22m[39m [90m{ code: 303 }[39m
[31m[2mΓÄ»ΓÄ»ΓÄ»ΓÄ»ΓÄ»ΓÄ»ΓÄ»ΓÄ»ΓÄ»ΓÄ»ΓÄ»ΓÄ»ΓÄ»ΓÄ»ΓÄ»ΓÄ»ΓÄ»ΓÄ»ΓÄ»ΓÄ»[130/140]Γ
Ä»[22m[39m

[41m[1m FAIL [22m[49m 
src/app/shared/components/star-rating/star-rating.component.spec.ts[2m > 
[22mStarRatingComponent[2m > [22mupdates filled stars on hover
[31m[1mError[22m: NG0303: Can't set value of the 'rating' input on the 
'StarRatingComponent' component. Make sure that the 'rating' property is 
declared as an input using the input() or model() function or the @Input() 
decorator.[39m
[90m [2mΓ¥»[22m reportUnknownPropertyError ../darwin_arm64-fastbuild-ST-fdfa
778d11ba/bin/packages/core/src/render3/instructions/element_validation.ts:[2m2
28:10[22m[39m
[90m [2mΓ¥»[22m reportUnknownPropertyError ../darwin_arm64-fastbuild-ST-fdfa
778d11ba/bin/packages/core/src/render3/component_ref.ts:[2m575:6[22m[39m
[36m [2mΓ¥»[22m setup src/app/shared/components/star-rating/star-rating.comp
onent.spec.ts:[2m14:59[22m[39m
    [90m 12|[39m     })[33m;[39m
    [90m 13|[39m     [35mconst[39m fixture [33m=[39m [33mTestBed[39m[3
3m.[39m[34mcreateComponent[39m([33mStarRatingComponent[39m)[33m;[39m
    [90m 14|[39m     if (inputs.rating !== undefined) 
fixture.componentRef.setInput('raΓÇª
    [90m   |[39m                                                           
[31m^[39m
    [90m 15|[39m     if (inputs.readonly !== undefined) 
fixture.componentRef.setInput('ΓÇª
    [90m 16|[39m     fixture[33m.[39m[34mdetectChanges[39m()[33m;[39m
[90m [2mΓ¥»[22m src/app/shared/components/star-rating/star-rating.component.
spec.ts:[2m82:21[22m[39m

[31m[2mΓÄ»ΓÄ»ΓÄ»ΓÄ»ΓÄ»ΓÄ»ΓÄ»ΓÄ»ΓÄ»ΓÄ»ΓÄ»ΓÄ»ΓÄ»ΓÄ»ΓÄ»ΓÄ»ΓÄ»ΓÄ»ΓÄ»ΓÄ»ΓÄ»ΓÄ»ΓÄ»Γ
Ä»ΓÄ»ΓÄ»ΓÄ»ΓÄ»ΓÄ»ΓÄ»[22m[39m
[31m[1mSerialized Error:[22m[39m [90m{ code: 303 }[39m
[31m[2mΓÄ»ΓÄ»ΓÄ»ΓÄ»ΓÄ»ΓÄ»ΓÄ»ΓÄ»ΓÄ»ΓÄ»ΓÄ»ΓÄ»ΓÄ»ΓÄ»ΓÄ»ΓÄ»ΓÄ»ΓÄ»ΓÄ»ΓÄ»[131/140]Γ
Ä»[22m[39m

[2m Test Files [22m [1m[31m13 failed[39m[22m[2m | [22m[1m[32m3 passed[39m[22m[90m (16)[39m
[2m      Tests [22m [1m[31m140 failed[39m[22m[2m | [22m[1m[32m63 passed[39m[22m[90m (203)[39m
[2m   Start at [22m 16:12:35
[2m   Duration [22m 12.80s[2m (transform 16.42s, setup 9.45s, import 49.54s, tests 1.80s, environment 22.61s)[22m


[41m[1m FAIL [22m[49m 
src/app/shared/components/star-rating/star-rating.component.spec.ts[2m > 
[22mStarRatingComponent[2m > [22mrestores rating after mouse leaves
[31m[1mError[22m: NG0303: Can't set value of the 'rating' input on the 
'StarRatingComponent' component. Make sure that the 'rating' property is 
declared as an input using the input() or model() function or the @Input() 
decorator.[39m
[90m [2mΓ¥»[22m reportUnknownPropertyError ../darwin_arm64-fastbuild-ST-fdfa
778d11ba/bin/packages/core/src/render3/instructions/element_validation.ts:[2m2
28:10[22m[39m
[90m [2mΓ¥»[22m reportUnknownPropertyError ../darwin_arm64-fastbuild-ST-fdfa
778d11ba/bin/packages/core/src/render3/component_ref.ts:[2m575:6[22m[39m
[36m [2mΓ¥»[22m setup src/app/shared/components/star-rating/star-rating.comp
onent.spec.ts:[2m14:59[22m[39m
    [90m 12|[39m     })[33m;[39m
    [90m 13|[39m     [35mconst[39m fixture [33m=[39m [33mTestBed[39m[3
3m.[39m[34mcreateComponent[39m([33mStarRatingComponent[39m)[33m;[39m
    [90m 14|[39m     if (inputs.rating !== undefined) 
fixture.componentRef.setInput('raΓÇª
    [90m   |[39m                                                           
[31m^[39m
    [90m 15|[39m     if (inputs.readonly !== undefined) 
fixture.componentRef.setInput('ΓÇª
    [90m 16|[39m     fixture[33m.[39m[34mdetectChanges[39m()[33m;[39m
[90m [2mΓ¥»[22m src/app/shared/components/star-rating/star-rating.component.
spec.ts:[2m91:21[22m[39m

[31m[2mΓÄ»ΓÄ»ΓÄ»ΓÄ»ΓÄ»ΓÄ»ΓÄ»ΓÄ»ΓÄ»ΓÄ»ΓÄ»ΓÄ»ΓÄ»ΓÄ»ΓÄ»ΓÄ»ΓÄ»ΓÄ»ΓÄ»ΓÄ»ΓÄ»ΓÄ»ΓÄ»Γ
Ä»ΓÄ»ΓÄ»ΓÄ»ΓÄ»ΓÄ»ΓÄ»[22m[39m
[31m[1mSerialized Error:[22m[39m [90m{ code: 303 }[39m
[31m[2mΓÄ»ΓÄ»ΓÄ»ΓÄ»ΓÄ»ΓÄ»ΓÄ»ΓÄ»ΓÄ»ΓÄ»ΓÄ»ΓÄ»ΓÄ»ΓÄ»ΓÄ»ΓÄ»ΓÄ»ΓÄ»ΓÄ»ΓÄ»[132/140]Γ
Ä»[22m[39m

[41m[1m FAIL [22m[49m 
src/app/shared/components/star-rating/star-rating.component.spec.ts[2m > 
[22mStarRatingComponent[2m > [22msets aria-label on the container
[31m[1mError[22m: NG0303: Can't set value of the 'rating' input on the 
'StarRatingComponent' component. Make sure that the 'rating' property is 
declared as an input using the input() or model() function or the @Input() 
decorator.[39m
[90m [2mΓ¥»[22m reportUnknownPropertyError ../darwin_arm64-fastbuild-ST-fdfa
778d11ba/bin/packages/core/src/render3/instructions/element_validation.ts:[2m2
28:10[22m[39m
[90m [2mΓ¥»[22m reportUnknownPropertyError ../darwin_arm64-fastbuild-ST-fdfa
778d11ba/bin/packages/core/src/render3/component_ref.ts:[2m575:6[22m[39m
[36m [2mΓ¥»[22m setup src/app/shared/components/star-rating/star-rating.comp
onent.spec.ts:[2m14:59[22m[39m
    [90m 12|[39m     })[33m;[39m
    [90m 13|[39m     [35mconst[39m fixture [33m=[39m [33mTestBed[39m[3
3m.[39m[34mcreateComponent[39m([33mStarRatingComponent[39m)[33m;[39m
    [90m 14|[39m     if (inputs.rating !== undefined) 
fixture.componentRef.setInput('raΓÇª
    [90m   |[39m                                                           
[31m^[39m
    [90m 15|[39m     if (inputs.readonly !== undefined) 
fixture.componentRef.setInput('ΓÇª
    [90m 16|[39m     fixture[33m.[39m[34mdetectChanges[39m()[33m;[39m
[90m [2mΓ¥»[22m src/app/shared/components/star-rating/star-rating.component.
spec.ts:[2m102:31[22m[39m

[31m[2mΓÄ»ΓÄ»ΓÄ»ΓÄ»ΓÄ»ΓÄ»ΓÄ»ΓÄ»ΓÄ»ΓÄ»ΓÄ»ΓÄ»ΓÄ»ΓÄ»ΓÄ»ΓÄ»ΓÄ»ΓÄ»ΓÄ»ΓÄ»ΓÄ»ΓÄ»ΓÄ»Γ
Ä»ΓÄ»ΓÄ»ΓÄ»ΓÄ»ΓÄ»ΓÄ»[22m[39m
[31m[1mSerialized Error:[22m[39m [90m{ code: 303 }[39m
[31m[2mΓÄ»ΓÄ»ΓÄ»ΓÄ»ΓÄ»ΓÄ»ΓÄ»ΓÄ»ΓÄ»ΓÄ»ΓÄ»ΓÄ»ΓÄ»ΓÄ»ΓÄ»ΓÄ»ΓÄ»ΓÄ»ΓÄ»ΓÄ»[133/140]Γ
Ä»[22m[39m

